Archive member included to satisfy reference by file (symbol)

f:/arm-gcc/10 2021.10/bin/../lib/gcc/arm-none-eabi/10.3.1/thumb/v7e-m/nofp\libgcc.a(_aeabi_uldivmod.o)
                              CMakeFiles/01_led.elf.dir/Drivers/STM32F4xx_HAL_Driver/Src/stm32f4xx_hal_rcc.c.obj (__aeabi_uldivmod)
f:/arm-gcc/10 2021.10/bin/../lib/gcc/arm-none-eabi/10.3.1/thumb/v7e-m/nofp\libgcc.a(_udivmoddi4.o)
                              f:/arm-gcc/10 2021.10/bin/../lib/gcc/arm-none-eabi/10.3.1/thumb/v7e-m/nofp\libgcc.a(_aeabi_uldivmod.o) (__udivmoddi4)
f:/arm-gcc/10 2021.10/bin/../lib/gcc/arm-none-eabi/10.3.1/thumb/v7e-m/nofp\libgcc.a(_dvmd_tls.o)
                              f:/arm-gcc/10 2021.10/bin/../lib/gcc/arm-none-eabi/10.3.1/thumb/v7e-m/nofp\libgcc.a(_aeabi_uldivmod.o) (__aeabi_ldiv0)
f:/arm-gcc/10 2021.10/bin/../lib/gcc/arm-none-eabi/10.3.1/../../../../arm-none-eabi/lib/thumb/v7e-m/nofp\libg.a(lib_a-exit.o)
                              f:/arm-gcc/10 2021.10/bin/../lib/gcc/arm-none-eabi/10.3.1/../../../../arm-none-eabi/lib/thumb/v7e-m/nofp/crt0.o (exit)
f:/arm-gcc/10 2021.10/bin/../lib/gcc/arm-none-eabi/10.3.1/../../../../arm-none-eabi/lib/thumb/v7e-m/nofp\libg.a(lib_a-impure.o)
                              f:/arm-gcc/10 2021.10/bin/../lib/gcc/arm-none-eabi/10.3.1/../../../../arm-none-eabi/lib/thumb/v7e-m/nofp\libg.a(lib_a-exit.o) (_global_impure_ptr)
f:/arm-gcc/10 2021.10/bin/../lib/gcc/arm-none-eabi/10.3.1/../../../../arm-none-eabi/lib/thumb/v7e-m/nofp\libg.a(lib_a-init.o)
                              f:/arm-gcc/10 2021.10/bin/../lib/gcc/arm-none-eabi/10.3.1/../../../../arm-none-eabi/lib/thumb/v7e-m/nofp/crt0.o (__libc_init_array)
f:/arm-gcc/10 2021.10/bin/../lib/gcc/arm-none-eabi/10.3.1/../../../../arm-none-eabi/lib/thumb/v7e-m/nofp\libg.a(lib_a-memset.o)
                              f:/arm-gcc/10 2021.10/bin/../lib/gcc/arm-none-eabi/10.3.1/../../../../arm-none-eabi/lib/thumb/v7e-m/nofp/crt0.o (memset)
f:/arm-gcc/10 2021.10/bin/../lib/gcc/arm-none-eabi/10.3.1/../../../../arm-none-eabi/lib/thumb/v7e-m/nofp\libg.a(lib_a-puts.o)
                              CMakeFiles/01_led.elf.dir/Core/Src/main.c.obj (puts)
f:/arm-gcc/10 2021.10/bin/../lib/gcc/arm-none-eabi/10.3.1/../../../../arm-none-eabi/lib/thumb/v7e-m/nofp\libg.a(lib_a-strlen.o)
                              f:/arm-gcc/10 2021.10/bin/../lib/gcc/arm-none-eabi/10.3.1/../../../../arm-none-eabi/lib/thumb/v7e-m/nofp\libg.a(lib_a-puts.o) (strlen)
f:/arm-gcc/10 2021.10/bin/../lib/gcc/arm-none-eabi/10.3.1/../../../../arm-none-eabi/lib/thumb/v7e-m/nofp\libg.a(lib_a-__call_atexit.o)
                              f:/arm-gcc/10 2021.10/bin/../lib/gcc/arm-none-eabi/10.3.1/../../../../arm-none-eabi/lib/thumb/v7e-m/nofp\libg.a(lib_a-exit.o) (__call_exitprocs)
f:/arm-gcc/10 2021.10/bin/../lib/gcc/arm-none-eabi/10.3.1/../../../../arm-none-eabi/lib/thumb/v7e-m/nofp\libg.a(lib_a-atexit.o)
                              f:/arm-gcc/10 2021.10/bin/../lib/gcc/arm-none-eabi/10.3.1/../../../../arm-none-eabi/lib/thumb/v7e-m/nofp\libg.a(lib_a-__call_atexit.o) (atexit)
f:/arm-gcc/10 2021.10/bin/../lib/gcc/arm-none-eabi/10.3.1/../../../../arm-none-eabi/lib/thumb/v7e-m/nofp\libg.a(lib_a-findfp.o)
                              f:/arm-gcc/10 2021.10/bin/../lib/gcc/arm-none-eabi/10.3.1/../../../../arm-none-eabi/lib/thumb/v7e-m/nofp\libg.a(lib_a-puts.o) (__sinit)
f:/arm-gcc/10 2021.10/bin/../lib/gcc/arm-none-eabi/10.3.1/../../../../arm-none-eabi/lib/thumb/v7e-m/nofp\libg.a(lib_a-fini.o)
                              f:/arm-gcc/10 2021.10/bin/../lib/gcc/arm-none-eabi/10.3.1/../../../../arm-none-eabi/lib/thumb/v7e-m/nofp\libg.a(lib_a-__call_atexit.o) (__libc_fini_array)
f:/arm-gcc/10 2021.10/bin/../lib/gcc/arm-none-eabi/10.3.1/../../../../arm-none-eabi/lib/thumb/v7e-m/nofp\libg.a(lib_a-fvwrite.o)
                              f:/arm-gcc/10 2021.10/bin/../lib/gcc/arm-none-eabi/10.3.1/../../../../arm-none-eabi/lib/thumb/v7e-m/nofp\libg.a(lib_a-puts.o) (__sfvwrite_r)
f:/arm-gcc/10 2021.10/bin/../lib/gcc/arm-none-eabi/10.3.1/../../../../arm-none-eabi/lib/thumb/v7e-m/nofp\libg.a(lib_a-fwalk.o)
                              f:/arm-gcc/10 2021.10/bin/../lib/gcc/arm-none-eabi/10.3.1/../../../../arm-none-eabi/lib/thumb/v7e-m/nofp\libg.a(lib_a-findfp.o) (_fwalk)
f:/arm-gcc/10 2021.10/bin/../lib/gcc/arm-none-eabi/10.3.1/../../../../arm-none-eabi/lib/thumb/v7e-m/nofp\libg.a(lib_a-lock.o)
                              f:/arm-gcc/10 2021.10/bin/../lib/gcc/arm-none-eabi/10.3.1/../../../../arm-none-eabi/lib/thumb/v7e-m/nofp\libg.a(lib_a-findfp.o) (__retarget_lock_init_recursive)
f:/arm-gcc/10 2021.10/bin/../lib/gcc/arm-none-eabi/10.3.1/../../../../arm-none-eabi/lib/thumb/v7e-m/nofp\libg.a(lib_a-mallocr.o)
                              f:/arm-gcc/10 2021.10/bin/../lib/gcc/arm-none-eabi/10.3.1/../../../../arm-none-eabi/lib/thumb/v7e-m/nofp\libg.a(lib_a-findfp.o) (_malloc_r)
[...]
Memory Configuration

Name             Origin             Length             Attributes
CCMRAM           0x10000000         0x00010000         xrw
RAM              0x20000000         0x00020000         xrw
FLASH            0x08000000         0x00100000         xr
*default*        0x00000000         0xffffffff

Linker script and memory map

LOAD f:/arm-gcc/10 2021.10/bin/../lib/gcc/arm-none-eabi/10.3.1/thumb/v7e-m/nofp/crti.o
LOAD f:/arm-gcc/10 2021.10/bin/../lib/gcc/arm-none-eabi/10.3.1/thumb/v7e-m/nofp/crtbegin.o
LOAD f:/arm-gcc/10 2021.10/bin/../lib/gcc/arm-none-eabi/10.3.1/../../../../arm-none-eabi/lib/thumb/v7e-m/nofp/crt0.o
LOAD CMakeFiles/01_led.elf.dir/Core/HARDWARE/led.c.obj
LOAD CMakeFiles/01_led.elf.dir/Core/SYSTEM/delay.c.obj
LOAD CMakeFiles/01_led.elf.dir/Core/SYSTEM/sys.c.obj
LOAD CMakeFiles/01_led.elf.dir/Core/SYSTEM/usart.c.obj
LOAD CMakeFiles/01_led.elf.dir/Core/Src/gpio.c.obj
LOAD CMakeFiles/01_led.elf.dir/Core/Src/main.c.obj
LOAD CMakeFiles/01_led.elf.dir/Core/Src/stm32f4xx_hal_msp.c.obj
LOAD CMakeFiles/01_led.elf.dir/Core/Src/stm32f4xx_it.c.obj
LOAD CMakeFiles/01_led.elf.dir/Core/Src/system_stm32f4xx.c.obj
LOAD CMakeFiles/01_led.elf.dir/Core/Startup/startup_stm32f407zgtx.s.obj
LOAD CMakeFiles/01_led.elf.dir/Drivers/STM32F4xx_HAL_Driver/Src/Legacy/stm32f4xx_hal_can.c.obj
LOAD CMakeFiles/01_led.elf.dir/Drivers/STM32F4xx_HAL_Driver/Src/stm32f4xx_hal.c.obj
LOAD CMakeFiles/01_led.elf.dir/Drivers/STM32F4xx_HAL_Driver/Src/stm32f4xx_hal_adc.c.obj
LOAD CMakeFiles/01_led.elf.dir/Drivers/STM32F4xx_HAL_Driver/Src/stm32f4xx_hal_adc_ex.c.obj
LOAD CMakeFiles/01_led.elf.dir/Drivers/STM32F4xx_HAL_Driver/Src/stm32f4xx_hal_can.c.obj
LOAD CMakeFiles/01_led.elf.dir/Drivers/STM32F4xx_HAL_Driver/Src/stm32f4xx_hal_cec.c.obj
LOAD CMakeFiles/01_led.elf.dir/Drivers/STM32F4xx_HAL_Driver/Src/stm32f4xx_hal_cortex.c.obj
LOAD CMakeFiles/01_led.elf.dir/Drivers/STM32F4xx_HAL_Driver/Src/stm32f4xx_hal_crc.c.obj
LOAD CMakeFiles/01_led.elf.dir/Drivers/STM32F4xx_HAL_Driver/Src/stm32f4xx_hal_cryp.c.obj
LOAD CMakeFiles/01_led.elf.dir/Drivers/STM32F4xx_HAL_Driver/Src/stm32f4xx_hal_cryp_ex.c.obj
LOAD CMakeFiles/01_led.elf.dir/Drivers/STM32F4xx_HAL_Driver/Src/stm32f4xx_hal_dac.c.obj
LOAD CMakeFiles/01_led.elf.dir/Drivers/STM32F4xx_HAL_Driver/Src/stm32f4xx_hal_dac_ex.c.obj
LOAD CMakeFiles/01_led.elf.dir/Drivers/STM32F4xx_HAL_Driver/Src/stm32f4xx_hal_dcmi.c.obj
LOAD CMakeFiles/01_led.elf.dir/Drivers/STM32F4xx_HAL_Driver/Src/stm32f4xx_hal_dcmi_ex.c.obj
LOAD CMakeFiles/01_led.elf.dir/Drivers/STM32F4xx_HAL_Driver/Src/stm32f4xx_hal_dfsdm.c.obj
LOAD CMakeFiles/01_led.elf.dir/Drivers/STM32F4xx_HAL_Driver/Src/stm32f4xx_hal_dma.c.obj
LOAD CMakeFiles/01_led.elf.dir/Drivers/STM32F4xx_HAL_Driver/Src/stm32f4xx_hal_dma2d.c.obj
LOAD CMakeFiles/01_led.elf.dir/Drivers/STM32F4xx_HAL_Driver/Src/stm32f4xx_hal_dma_ex.c.obj
LOAD CMakeFiles/01_led.elf.dir/Drivers/STM32F4xx_HAL_Driver/Src/stm32f4xx_hal_dsi.c.obj
LOAD CMakeFiles/01_led.elf.dir/Drivers/STM32F4xx_HAL_Driver/Src/stm32f4xx_hal_eth.c.obj
LOAD CMakeFiles/01_led.elf.dir/Drivers/STM32F4xx_HAL_Driver/Src/stm32f4xx_hal_exti.c.obj
LOAD CMakeFiles/01_led.elf.dir/Drivers/STM32F4xx_HAL_Driver/Src/stm32f4xx_hal_flash.c.obj
LOAD CMakeFiles/01_led.elf.dir/Drivers/STM32F4xx_HAL_Driver/Src/stm32f4xx_hal_flash_ex.c.obj
LOAD CMakeFiles/01_led.elf.dir/Drivers/STM32F4xx_HAL_Driver/Src/stm32f4xx_hal_flash_ramfunc.c.obj
LOAD CMakeFiles/01_led.elf.dir/Drivers/STM32F4xx_HAL_Driver/Src/stm32f4xx_hal_fmpi2c.c.obj
LOAD CMakeFiles/01_led.elf.dir/Drivers/STM32F4xx_HAL_Driver/Src/stm32f4xx_hal_fmpi2c_ex.c.obj
LOAD CMakeFiles/01_led.elf.dir/Drivers/STM32F4xx_HAL_Driver/Src/stm32f4xx_hal_gpio.c.obj
LOAD CMakeFiles/01_led.elf.dir/Drivers/STM32F4xx_HAL_Driver/Src/stm32f4xx_hal_hash.c.obj
LOAD CMakeFiles/01_led.elf.dir/Drivers/STM32F4xx_HAL_Driver/Src/stm32f4xx_hal_hash_ex.c.obj
LOAD CMakeFiles/01_led.elf.dir/Drivers/STM32F4xx_HAL_Driver/Src/stm32f4xx_hal_hcd.c.obj
LOAD CMakeFiles/01_led.elf.dir/Drivers/STM32F4xx_HAL_Driver/Src/stm32f4xx_hal_i2c.c.obj
LOAD CMakeFiles/01_led.elf.dir/Drivers/STM32F4xx_HAL_Driver/Src/stm32f4xx_hal_i2c_ex.c.obj
LOAD CMakeFiles/01_led.elf.dir/Drivers/STM32F4xx_HAL_Driver/Src/stm32f4xx_hal_i2s.c.obj
LOAD CMakeFiles/01_led.elf.dir/Drivers/STM32F4xx_HAL_Driver/Src/stm32f4xx_hal_i2s_ex.c.obj
LOAD CMakeFiles/01_led.elf.dir/Drivers/STM32F4xx_HAL_Driver/Src/stm32f4xx_hal_irda.c.obj
LOAD CMakeFiles/01_led.elf.dir/Drivers/STM32F4xx_HAL_Driver/Src/stm32f4xx_hal_iwdg.c.obj
LOAD CMakeFiles/01_led.elf.dir/Drivers/STM32F4xx_HAL_Driver/Src/stm32f4xx_hal_lptim.c.obj
LOAD CMakeFiles/01_led.elf.dir/Drivers/STM32F4xx_HAL_Driver/Src/stm32f4xx_hal_ltdc.c.obj
LOAD CMakeFiles/01_led.elf.dir/Drivers/STM32F4xx_HAL_Driver/Src/stm32f4xx_hal_ltdc_ex.c.obj
LOAD CMakeFiles/01_led.elf.dir/Drivers/STM32F4xx_HAL_Driver/Src/stm32f4xx_hal_mmc.c.obj
LOAD CMakeFiles/01_led.elf.dir/Drivers/STM32F4xx_HAL_Driver/Src/stm32f4xx_hal_msp_template.c.obj
LOAD CMakeFiles/01_led.elf.dir/Drivers/STM32F4xx_HAL_Driver/Src/stm32f4xx_hal_nand.c.obj
LOAD CMakeFiles/01_led.elf.dir/Drivers/STM32F4xx_HAL_Driver/Src/stm32f4xx_hal_nor.c.obj
LOAD CMakeFiles/01_led.elf.dir/Drivers/STM32F4xx_HAL_Driver/Src/stm32f4xx_hal_pccard.c.obj
LOAD CMakeFiles/01_led.elf.dir/Drivers/STM32F4xx_HAL_Driver/Src/stm32f4xx_hal_pcd.c.obj
LOAD CMakeFiles/01_led.elf.dir/Drivers/STM32F4xx_HAL_Driver/Src/stm32f4xx_hal_pcd_ex.c.obj
LOAD CMakeFiles/01_led.elf.dir/Drivers/STM32F4xx_HAL_Driver/Src/stm32f4xx_hal_pwr.c.obj
LOAD CMakeFiles/01_led.elf.dir/Drivers/STM32F4xx_HAL_Driver/Src/stm32f4xx_hal_pwr_ex.c.obj
LOAD CMakeFiles/01_led.elf.dir/Drivers/STM32F4xx_HAL_Driver/Src/stm32f4xx_hal_qspi.c.obj
LOAD CMakeFiles/01_led.elf.dir/Drivers/STM32F4xx_HAL_Driver/Src/stm32f4xx_hal_rcc.c.obj
LOAD CMakeFiles/01_led.elf.dir/Drivers/STM32F4xx_HAL_Driver/Src/stm32f4xx_hal_rcc_ex.c.obj
LOAD CMakeFiles/01_led.elf.dir/Drivers/STM32F4xx_HAL_Driver/Src/stm32f4xx_hal_rng.c.obj
LOAD CMakeFiles/01_led.elf.dir/Drivers/STM32F4xx_HAL_Driver/Src/stm32f4xx_hal_rtc.c.obj
LOAD CMakeFiles/01_led.elf.dir/Drivers/STM32F4xx_HAL_Driver/Src/stm32f4xx_hal_rtc_ex.c.obj
LOAD CMakeFiles/01_led.elf.dir/Drivers/STM32F4xx_HAL_Driver/Src/stm32f4xx_hal_sai.c.obj
LOAD CMakeFiles/01_led.elf.dir/Drivers/STM32F4xx_HAL_Driver/Src/stm32f4xx_hal_sai_ex.c.obj
LOAD CMakeFiles/01_led.elf.dir/Drivers/STM32F4xx_HAL_Driver/Src/stm32f4xx_hal_sd.c.obj
LOAD CMakeFiles/01_led.elf.dir/Drivers/STM32F4xx_HAL_Driver/Src/stm32f4xx_hal_sdram.c.obj
LOAD CMakeFiles/01_led.elf.dir/Drivers/STM32F4xx_HAL_Driver/Src/stm32f4xx_hal_smartcard.c.obj
LOAD CMakeFiles/01_led.elf.dir/Drivers/STM32F4xx_HAL_Driver/Src/stm32f4xx_hal_smbus.c.obj
LOAD CMakeFiles/01_led.elf.dir/Drivers/STM32F4xx_HAL_Driver/Src/stm32f4xx_hal_spdifrx.c.obj
LOAD CMakeFiles/01_led.elf.dir/Drivers/STM32F4xx_HAL_Driver/Src/stm32f4xx_hal_spi.c.obj
LOAD CMakeFiles/01_led.elf.dir/Drivers/STM32F4xx_HAL_Driver/Src/stm32f4xx_hal_sram.c.obj
LOAD CMakeFiles/01_led.elf.dir/Drivers/STM32F4xx_HAL_Driver/Src/stm32f4xx_hal_tim.c.obj
LOAD CMakeFiles/01_led.elf.dir/Drivers/STM32F4xx_HAL_Driver/Src/stm32f4xx_hal_tim_ex.c.obj
LOAD CMakeFiles/01_led.elf.dir/Drivers/STM32F4xx_HAL_Driver/Src/stm32f4xx_hal_timebase_rtc_alarm_template.c.obj
LOAD CMakeFiles/01_led.elf.dir/Drivers/STM32F4xx_HAL_Driver/Src/stm32f4xx_hal_timebase_rtc_wakeup_template.c.obj
LOAD CMakeFiles/01_led.elf.dir/Drivers/STM32F4xx_HAL_Driver/Src/stm32f4xx_hal_timebase_tim_template.c.obj
LOAD CMakeFiles/01_led.elf.dir/Drivers/STM32F4xx_HAL_Driver/Src/stm32f4xx_hal_uart.c.obj
LOAD CMakeFiles/01_led.elf.dir/Drivers/STM32F4xx_HAL_Driver/Src/stm32f4xx_hal_usart.c.obj
LOAD CMakeFiles/01_led.elf.dir/Drivers/STM32F4xx_HAL_Driver/Src/stm32f4xx_hal_wwdg.c.obj
LOAD CMakeFiles/01_led.elf.dir/Drivers/STM32F4xx_HAL_Driver/Src/stm32f4xx_ll_adc.c.obj
LOAD CMakeFiles/01_led.elf.dir/Drivers/STM32F4xx_HAL_Driver/Src/stm32f4xx_ll_crc.c.obj
LOAD CMakeFiles/01_led.elf.dir/Drivers/STM32F4xx_HAL_Driver/Src/stm32f4xx_ll_dac.c.obj
LOAD CMakeFiles/01_led.elf.dir/Drivers/STM32F4xx_HAL_Driver/Src/stm32f4xx_ll_dma.c.obj
LOAD CMakeFiles/01_led.elf.dir/Drivers/STM32F4xx_HAL_Driver/Src/stm32f4xx_ll_dma2d.c.obj
LOAD CMakeFiles/01_led.elf.dir/Drivers/STM32F4xx_HAL_Driver/Src/stm32f4xx_ll_exti.c.obj
LOAD CMakeFiles/01_led.elf.dir/Drivers/STM32F4xx_HAL_Driver/Src/stm32f4xx_ll_fmc.c.obj
LOAD CMakeFiles/01_led.elf.dir/Drivers/STM32F4xx_HAL_Driver/Src/stm32f4xx_ll_fsmc.c.obj
LOAD CMakeFiles/01_led.elf.dir/Drivers/STM32F4xx_HAL_Driver/Src/stm32f4xx_ll_gpio.c.obj
LOAD CMakeFiles/01_led.elf.dir/Drivers/STM32F4xx_HAL_Driver/Src/stm32f4xx_ll_i2c.c.obj
LOAD CMakeFiles/01_led.elf.dir/Drivers/STM32F4xx_HAL_Driver/Src/stm32f4xx_ll_lptim.c.obj
LOAD CMakeFiles/01_led.elf.dir/Drivers/STM32F4xx_HAL_Driver/Src/stm32f4xx_ll_pwr.c.obj
LOAD CMakeFiles/01_led.elf.dir/Drivers/STM32F4xx_HAL_Driver/Src/stm32f4xx_ll_rcc.c.obj
LOAD CMakeFiles/01_led.elf.dir/Drivers/STM32F4xx_HAL_Driver/Src/stm32f4xx_ll_rng.c.obj
LOAD CMakeFiles/01_led.elf.dir/Drivers/STM32F4xx_HAL_Driver/Src/stm32f4xx_ll_rtc.c.obj
LOAD CMakeFiles/01_led.elf.dir/Drivers/STM32F4xx_HAL_Driver/Src/stm32f4xx_ll_sdmmc.c.obj
LOAD CMakeFiles/01_led.elf.dir/Drivers/STM32F4xx_HAL_Driver/Src/stm32f4xx_ll_spi.c.obj
LOAD CMakeFiles/01_led.elf.dir/Drivers/STM32F4xx_HAL_Driver/Src/stm32f4xx_ll_tim.c.obj
LOAD CMakeFiles/01_led.elf.dir/Drivers/STM32F4xx_HAL_Driver/Src/stm32f4xx_ll_usart.c.obj
LOAD CMakeFiles/01_led.elf.dir/Drivers/STM32F4xx_HAL_Driver/Src/stm32f4xx_ll_usb.c.obj
LOAD CMakeFiles/01_led.elf.dir/Drivers/STM32F4xx_HAL_Driver/Src/stm32f4xx_ll_utils.c.obj
START GROUP
LOAD f:/arm-gcc/10 2021.10/bin/../lib/gcc/arm-none-eabi/10.3.1/thumb/v7e-m/nofp\libgcc.a
LOAD f:/arm-gcc/10 2021.10/bin/../lib/gcc/arm-none-eabi/10.3.1/../../../../arm-none-eabi/lib/thumb/v7e-m/nofp\libg.a
LOAD f:/arm-gcc/10 2021.10/bin/../lib/gcc/arm-none-eabi/10.3.1/../../../../arm-none-eabi/lib/thumb/v7e-m/nofp\libc.a
END GROUP
LOAD f:/arm-gcc/10 2021.10/bin/../lib/gcc/arm-none-eabi/10.3.1/thumb/v7e-m/nofp/crtend.o
LOAD f:/arm-gcc/10 2021.10/bin/../lib/gcc/arm-none-eabi/10.3.1/thumb/v7e-m/nofp/crtn.o
                0x20020000                _estack = (ORIGIN (RAM) + LENGTH (RAM))
                0x00000200                _Min_Heap_Size = 0x200
                0x00000400                _Min_Stack_Size = 0x400

.isr_vector     0x08000000      0x188
                0x08000000                . = ALIGN (0x4)
 *(.isr_vector)
 .isr_vector    0x08000000      0x188 CMakeFiles/01_led.elf.dir/Core/Startup/startup_stm32f407zgtx.s.obj
                0x08000000                g_pfnVectors
                0x08000188                . = ALIGN (0x4)

.text           0x080001c0     0x3a1c
                0x080001c0                . = ALIGN (0x4)
 *(.text)
 .text          0x080001c0       0x40 f:/arm-gcc/10 2021.10/bin/../lib/gcc/arm-none-eabi/10.3.1/thumb/v7e-m/nofp/crtbegin.o
 .text          0x08000200       0x30 f:/arm-gcc/10 2021.10/bin/../lib/gcc/arm-none-eabi/10.3.1/thumb/v7e-m/nofp\libgcc.a(_aeabi_uldivmod.o)
                0x08000200                __aeabi_uldivmod
 .text          0x08000230      0x2d0 f:/arm-gcc/10 2021.10/bin/../lib/gcc/arm-none-eabi/10.3.1/thumb/v7e-m/nofp\libgcc.a(_udivmoddi4.o)
                0x08000230                __udivmoddi4
 .text          0x08000500        0x4 f:/arm-gcc/10 2021.10/bin/../lib/gcc/arm-none-eabi/10.3.1/thumb/v7e-m/nofp\libgcc.a(_dvmd_tls.o)
                0x08000500                __aeabi_idiv0
                0x08000500                __aeabi_ldiv0
 *fill*         0x08000504       0x3c 
 .text          0x08000540       0xdc f:/arm-gcc/10 2021.10/bin/../lib/gcc/arm-none-eabi/10.3.1/../../../../arm-none-eabi/lib/thumb/v7e-m/nofp\libg.a(lib_a-strlen.o)
                0x08000540                strlen
 *fill*         0x0800061c        0x4 
 .text          0x08000620       0xa0 f:/arm-gcc/10 2021.10/bin/../lib/gcc/arm-none-eabi/10.3.1/../../../../arm-none-eabi/lib/thumb/v7e-m/nofp\libg.a(lib_a-memchr.o)
                0x08000620                memchr
 .text          0x080006c0      0x134 f:/arm-gcc/10 2021.10/bin/../lib/gcc/arm-none-eabi/10.3.1/../../../../arm-none-eabi/lib/thumb/v7e-m/nofp\libg.a(lib_a-memcpy.o)
                0x080006c0                memcpy
 *(.text*)
 .text.LED_Init
                0x080007f4       0x5c CMakeFiles/01_led.elf.dir/Core/HARDWARE/led.c.obj
                0x080007f4                LED_Init
 .text.delay_init
                0x08000850       0x14 CMakeFiles/01_led.elf.dir/Core/SYSTEM/delay.c.obj
                0x08000850                delay_init
 .text.delay_us
                0x08000864       0x3c CMakeFiles/01_led.elf.dir/Core/SYSTEM/delay.c.obj
                0x08000864                delay_us
 .text.delay_ms
                0x080008a0       0x18 CMakeFiles/01_led.elf.dir/Core/SYSTEM/delay.c.obj
                0x080008a0                delay_ms
 .text.Stm32_Clock_Init
                0x080008b8       0xa4 CMakeFiles/01_led.elf.dir/Core/SYSTEM/sys.c.obj
                0x080008b8                Stm32_Clock_Init
 .text.uart_init
                0x0800095c       0x38 CMakeFiles/01_led.elf.dir/Core/SYSTEM/usart.c.obj
                0x0800095c                uart_init
 .text.HAL_UART_MspInit
                0x08000994       0x84 CMakeFiles/01_led.elf.dir/Core/SYSTEM/usart.c.obj
                0x08000994                HAL_UART_MspInit
 .text.HAL_UART_RxCpltCallback
                0x08000a18       0x78 CMakeFiles/01_led.elf.dir/Core/SYSTEM/usart.c.obj
                0x08000a18                HAL_UART_RxCpltCallback
 .text.USART1_IRQHandler
                0x08000a90       0x2c CMakeFiles/01_led.elf.dir/Core/SYSTEM/usart.c.obj
                0x08000a90                USART1_IRQHandler
 .text.MX_GPIO_Init
                0x08000abc       0x24 CMakeFiles/01_led.elf.dir/Core/Src/gpio.c.obj
                0x08000abc                MX_GPIO_Init
 .text.main     0x08000ae0       0x7c CMakeFiles/01_led.elf.dir/Core/Src/main.c.obj
                0x08000ae0                main
 .text.HAL_MspInit
                0x08000b5c        0x2 CMakeFiles/01_led.elf.dir/Core/Src/stm32f4xx_hal_msp.c.obj
                0x08000b5c                HAL_MspInit
 .text.NMI_Handler
                0x08000b5e        0x2 CMakeFiles/01_led.elf.dir/Core/Src/stm32f4xx_it.c.obj
                0x08000b5e                NMI_Handler
 .text.HardFault_Handler
                0x08000b60        0x2 CMakeFiles/01_led.elf.dir/Core/Src/stm32f4xx_it.c.obj
                0x08000b60                HardFault_Handler
 .text.MemManage_Handler
                0x08000b62        0x2 CMakeFiles/01_led.elf.dir/Core/Src/stm32f4xx_it.c.obj
                0x08000b62                MemManage_Handler
 .text.BusFault_Handler
                0x08000b64        0x2 CMakeFiles/01_led.elf.dir/Core/Src/stm32f4xx_it.c.obj
                0x08000b64                BusFault_Handler
 .text.UsageFault_Handler
                0x08000b66        0x2 CMakeFiles/01_led.elf.dir/Core/Src/stm32f4xx_it.c.obj
                0x08000b66                UsageFault_Handler
 .text.SVC_Handler
                0x08000b68        0x2 CMakeFiles/01_led.elf.dir/Core/Src/stm32f4xx_it.c.obj
                0x08000b68                SVC_Handler
 .text.DebugMon_Handler
                0x08000b6a        0x2 CMakeFiles/01_led.elf.dir/Core/Src/stm32f4xx_it.c.obj
                0x08000b6a                DebugMon_Handler
 .text.PendSV_Handler
                0x08000b6c        0x2 CMakeFiles/01_led.elf.dir/Core/Src/stm32f4xx_it.c.obj
                0x08000b6c                PendSV_Handler
 .text.SysTick_Handler
                0x08000b6e        0x8 CMakeFiles/01_led.elf.dir/Core/Src/stm32f4xx_it.c.obj
                0x08000b6e                SysTick_Handler
 *fill*         0x08000b76        0x2 
 .text.SystemInit
                0x08000b78       0x40 CMakeFiles/01_led.elf.dir/Core/Src/system_stm32f4xx.c.obj
                0x08000b78                SystemInit
 .text.Reset_Handler
                0x08000bb8       0x50 CMakeFiles/01_led.elf.dir/Core/Startup/startup_stm32f407zgtx.s.obj
                0x08000bb8                Reset_Handler
 .text.Default_Handler
                0x08000c08        0x2 CMakeFiles/01_led.elf.dir/Core/Startup/startup_stm32f407zgtx.s.obj
                0x08000c08                HASH_RNG_IRQHandler
                0x08000c08                EXTI2_IRQHandler
                0x08000c08                TIM8_CC_IRQHandler
                0x08000c08                TIM1_CC_IRQHandler
                0x08000c08                DMA2_Stream5_IRQHandler
                0x08000c08                DMA1_Stream5_IRQHandler
                0x08000c08                PVD_IRQHandler
                0x08000c08                SDIO_IRQHandler
                0x08000c08                TAMP_STAMP_IRQHandler
                0x08000c08                CAN2_RX1_IRQHandler
                0x08000c08                EXTI3_IRQHandler
                0x08000c08                TIM8_TRG_COM_TIM14_IRQHandler
                0x08000c08                TIM1_UP_TIM10_IRQHandler
                0x08000c08                TIM8_UP_TIM13_IRQHandler
                0x08000c08                I2C3_ER_IRQHandler
                0x08000c08                EXTI0_IRQHandler
                0x08000c08                I2C2_EV_IRQHandler
                0x08000c08                DMA1_Stream2_IRQHandler
                0x08000c08                CAN1_RX0_IRQHandler
                0x08000c08                FPU_IRQHandler
                0x08000c08                OTG_HS_WKUP_IRQHandler
                0x08000c08                CAN2_SCE_IRQHandler
                0x08000c08                DMA2_Stream2_IRQHandler
                0x08000c08                SPI1_IRQHandler
                0x08000c08                TIM1_BRK_TIM9_IRQHandler
                0x08000c08                DCMI_IRQHandler
                0x08000c08                CAN2_RX0_IRQHandler
                0x08000c08                DMA2_Stream3_IRQHandler
                0x08000c08                USART6_IRQHandler
                0x08000c08                USART3_IRQHandler
                0x08000c08                CAN1_RX1_IRQHandler
                0x08000c08                UART5_IRQHandler
                0x08000c08                DMA2_Stream0_IRQHandler
                0x08000c08                TIM4_IRQHandler
                0x08000c08                I2C1_EV_IRQHandler
                0x08000c08                DMA1_Stream6_IRQHandler
                0x08000c08                DMA1_Stream1_IRQHandler
                0x08000c08                UART4_IRQHandler
                0x08000c08                TIM3_IRQHandler
                0x08000c08                RCC_IRQHandler
                0x08000c08                TIM8_BRK_TIM12_IRQHandler
                0x08000c08                Default_Handler
                0x08000c08                EXTI15_10_IRQHandler
                0x08000c08                ADC_IRQHandler
                0x08000c08                DMA1_Stream7_IRQHandler
                0x08000c08                TIM7_IRQHandler
                0x08000c08                CAN2_TX_IRQHandler
                0x08000c08                TIM5_IRQHandler
                0x08000c08                DMA2_Stream7_IRQHandler
                0x08000c08                I2C3_EV_IRQHandler
                0x08000c08                EXTI9_5_IRQHandler
                0x08000c08                ETH_WKUP_IRQHandler
                0x08000c08                SPI2_IRQHandler
                0x08000c08                OTG_HS_EP1_IN_IRQHandler
                0x08000c08                DMA1_Stream0_IRQHandler
                0x08000c08                CAN1_TX_IRQHandler
                0x08000c08                EXTI4_IRQHandler
                0x08000c08                FSMC_IRQHandler
                0x08000c08                ETH_IRQHandler
                0x08000c08                OTG_HS_EP1_OUT_IRQHandler
                0x08000c08                WWDG_IRQHandler
                0x08000c08                TIM2_IRQHandler
                0x08000c08                OTG_FS_WKUP_IRQHandler
                0x08000c08                TIM1_TRG_COM_TIM11_IRQHandler
                0x08000c08                OTG_HS_IRQHandler
                0x08000c08                EXTI1_IRQHandler
                0x08000c08                USART2_IRQHandler
                0x08000c08                I2C2_ER_IRQHandler
                0x08000c08                DMA2_Stream1_IRQHandler
                0x08000c08                CAN1_SCE_IRQHandler
                0x08000c08                FLASH_IRQHandler
                0x08000c08                DMA2_Stream4_IRQHandler
                0x08000c08                OTG_FS_IRQHandler
                0x08000c08                SPI3_IRQHandler
                0x08000c08                DMA1_Stream4_IRQHandler
                0x08000c08                I2C1_ER_IRQHandler
                0x08000c08                DMA2_Stream6_IRQHandler
                0x08000c08                DMA1_Stream3_IRQHandler
 *fill*         0x08000c0a        0x2 
 .text.HAL_Init
                0x08000c0c       0x2c CMakeFiles/01_led.elf.dir/Drivers/STM32F4xx_HAL_Driver/Src/stm32f4xx_hal.c.obj
                0x08000c0c                HAL_Init
 .text.HAL_IncTick
                0x08000c38       0x18 CMakeFiles/01_led.elf.dir/Drivers/STM32F4xx_HAL_Driver/Src/stm32f4xx_hal.c.obj
                0x08000c38                HAL_IncTick
 .text.HAL_GetTick
                0x08000c50        0xc CMakeFiles/01_led.elf.dir/Drivers/STM32F4xx_HAL_Driver/Src/stm32f4xx_hal.c.obj
                0x08000c50                HAL_GetTick
 .text.HAL_GetREVID
                0x08000c5c        0xc CMakeFiles/01_led.elf.dir/Drivers/STM32F4xx_HAL_Driver/Src/stm32f4xx_hal.c.obj
                0x08000c5c                HAL_GetREVID
 .text.HAL_NVIC_SetPriorityGrouping
                0x08000c68       0x24 CMakeFiles/01_led.elf.dir/Drivers/STM32F4xx_HAL_Driver/Src/stm32f4xx_hal_cortex.c.obj
                0x08000c68                HAL_NVIC_SetPriorityGrouping
 .text.HAL_NVIC_SetPriority
                0x08000c8c       0x70 CMakeFiles/01_led.elf.dir/Drivers/STM32F4xx_HAL_Driver/Src/stm32f4xx_hal_cortex.c.obj
                0x08000c8c                HAL_NVIC_SetPriority
 .text.HAL_NVIC_EnableIRQ
                0x08000cfc       0x1c CMakeFiles/01_led.elf.dir/Drivers/STM32F4xx_HAL_Driver/Src/stm32f4xx_hal_cortex.c.obj
                0x08000cfc                HAL_NVIC_EnableIRQ
 .text.HAL_SYSTICK_CLKSourceConfig
                0x08000d18       0x20 CMakeFiles/01_led.elf.dir/Drivers/STM32F4xx_HAL_Driver/Src/stm32f4xx_hal_cortex.c.obj
                0x08000d18                HAL_SYSTICK_CLKSourceConfig
 .text.HAL_DMA_Abort_IT
                0x08000d38       0x26 CMakeFiles/01_led.elf.dir/Drivers/STM32F4xx_HAL_Driver/Src/stm32f4xx_hal_dma.c.obj
                0x08000d38                HAL_DMA_Abort_IT
 *fill*         0x08000d5e        0x2 
 .text.HAL_GPIO_Init
                0x08000d60      0x1cc CMakeFiles/01_led.elf.dir/Drivers/STM32F4xx_HAL_Driver/Src/stm32f4xx_hal_gpio.c.obj
                0x08000d60                HAL_GPIO_Init
 .text.HAL_GPIO_WritePin
                0x08000f2c        0xc CMakeFiles/01_led.elf.dir/Drivers/STM32F4xx_HAL_Driver/Src/stm32f4xx_hal_gpio.c.obj
                0x08000f2c                HAL_GPIO_WritePin
 .text.HAL_RCC_OscConfig
                0x08000f38      0x398 CMakeFiles/01_led.elf.dir/Drivers/STM32F4xx_HAL_Driver/Src/stm32f4xx_hal_rcc.c.obj
                0x08000f38                HAL_RCC_OscConfig
 .text.HAL_RCC_GetSysClockFreq
                0x080012d0       0xd4 CMakeFiles/01_led.elf.dir/Drivers/STM32F4xx_HAL_Driver/Src/stm32f4xx_hal_rcc.c.obj
                0x080012d0                HAL_RCC_GetSysClockFreq
 .text.HAL_RCC_ClockConfig
                0x080013a4      0x15c CMakeFiles/01_led.elf.dir/Drivers/STM32F4xx_HAL_Driver/Src/stm32f4xx_hal_rcc.c.obj
                0x080013a4                HAL_RCC_ClockConfig
 .text.HAL_RCC_GetHCLKFreq
                0x08001500        0xc CMakeFiles/01_led.elf.dir/Drivers/STM32F4xx_HAL_Driver/Src/stm32f4xx_hal_rcc.c.obj
                0x08001500                HAL_RCC_GetHCLKFreq
 .text.HAL_RCC_GetPCLK1Freq
                0x0800150c       0x20 CMakeFiles/01_led.elf.dir/Drivers/STM32F4xx_HAL_Driver/Src/stm32f4xx_hal_rcc.c.obj
                0x0800150c                HAL_RCC_GetPCLK1Freq
 .text.HAL_RCC_GetPCLK2Freq
                0x0800152c       0x20 CMakeFiles/01_led.elf.dir/Drivers/STM32F4xx_HAL_Driver/Src/stm32f4xx_hal_rcc.c.obj
                0x0800152c                HAL_RCC_GetPCLK2Freq
 .text.HAL_RCCEx_PeriphCLKConfig
                0x0800154c      0x154 CMakeFiles/01_led.elf.dir/Drivers/STM32F4xx_HAL_Driver/Src/stm32f4xx_hal_rcc_ex.c.obj
                0x0800154c                HAL_RCCEx_PeriphCLKConfig
 .text.HAL_RTC_MspInit
                0x080016a0        0x2 CMakeFiles/01_led.elf.dir/Drivers/STM32F4xx_HAL_Driver/Src/stm32f4xx_hal_rtc.c.obj
                0x080016a0                HAL_RTC_MspInit
 *fill*         0x080016a2        0x2 
 .text.HAL_RTC_AlarmIRQHandler
                0x080016a4       0x60 CMakeFiles/01_led.elf.dir/Drivers/STM32F4xx_HAL_Driver/Src/stm32f4xx_hal_rtc.c.obj
                0x080016a4                HAL_RTC_AlarmIRQHandler
 .text.HAL_RTC_WaitForSynchro
                0x08001704       0x32 CMakeFiles/01_led.elf.dir/Drivers/STM32F4xx_HAL_Driver/Src/stm32f4xx_hal_rtc.c.obj
                0x08001704                HAL_RTC_WaitForSynchro
 .text.RTC_EnterInitMode
                0x08001736       0x3c CMakeFiles/01_led.elf.dir/Drivers/STM32F4xx_HAL_Driver/Src/stm32f4xx_hal_rtc.c.obj
                0x08001736                RTC_EnterInitMode
 .text.HAL_RTC_Init
                0x08001772       0xc4 CMakeFiles/01_led.elf.dir/Drivers/STM32F4xx_HAL_Driver/Src/stm32f4xx_hal_rtc.c.obj
                0x08001772                HAL_RTC_Init
 *fill*         0x08001836        0x2 
 .text.HAL_RTCEx_WakeUpTimerIRQHandler
                0x08001838       0x3c CMakeFiles/01_led.elf.dir/Drivers/STM32F4xx_HAL_Driver/Src/stm32f4xx_hal_rtc_ex.c.obj
                0x08001838                HAL_RTCEx_WakeUpTimerIRQHandler
 .text.HAL_RTCEx_AlarmBEventCallback
                0x08001874        0x2 CMakeFiles/01_led.elf.dir/Drivers/STM32F4xx_HAL_Driver/Src/stm32f4xx_hal_rtc_ex.c.obj
                0x08001874                HAL_RTCEx_AlarmBEventCallback
 .text.HAL_TIM_OC_DelayElapsedCallback
                0x08001876        0x2 CMakeFiles/01_led.elf.dir/Drivers/STM32F4xx_HAL_Driver/Src/stm32f4xx_hal_tim.c.obj
                0x08001876                HAL_TIM_OC_DelayElapsedCallback
 .text.HAL_TIM_IC_CaptureCallback
                0x08001878        0x2 CMakeFiles/01_led.elf.dir/Drivers/STM32F4xx_HAL_Driver/Src/stm32f4xx_hal_tim.c.obj
                0x08001878                HAL_TIM_IC_CaptureCallback
 .text.HAL_TIM_PWM_PulseFinishedCallback
                0x0800187a        0x2 CMakeFiles/01_led.elf.dir/Drivers/STM32F4xx_HAL_Driver/Src/stm32f4xx_hal_tim.c.obj
                0x0800187a                HAL_TIM_PWM_PulseFinishedCallback
 .text.HAL_TIM_TriggerCallback
                0x0800187c        0x2 CMakeFiles/01_led.elf.dir/Drivers/STM32F4xx_HAL_Driver/Src/stm32f4xx_hal_tim.c.obj
                0x0800187c                HAL_TIM_TriggerCallback
 .text.HAL_TIM_IRQHandler
                0x0800187e      0x17a CMakeFiles/01_led.elf.dir/Drivers/STM32F4xx_HAL_Driver/Src/stm32f4xx_hal_tim.c.obj
                0x0800187e                HAL_TIM_IRQHandler
 .text.HAL_TIMEx_CommutCallback
                0x080019f8        0x2 CMakeFiles/01_led.elf.dir/Drivers/STM32F4xx_HAL_Driver/Src/stm32f4xx_hal_tim_ex.c.obj
                0x080019f8                HAL_TIMEx_CommutCallback
 .text.HAL_TIMEx_BreakCallback
                0x080019fa        0x2 CMakeFiles/01_led.elf.dir/Drivers/STM32F4xx_HAL_Driver/Src/stm32f4xx_hal_tim_ex.c.obj
                0x080019fa                HAL_TIMEx_BreakCallback
 .text.HAL_InitTick
                0x080019fc      0x144 CMakeFiles/01_led.elf.dir/Drivers/STM32F4xx_HAL_Driver/Src/stm32f4xx_hal_timebase_rtc_alarm_template.c.obj
                0x080019fc                HAL_InitTick
 .text.HAL_RTC_AlarmAEventCallback
                0x08001b40       0x68 CMakeFiles/01_led.elf.dir/Drivers/STM32F4xx_HAL_Driver/Src/stm32f4xx_hal_timebase_rtc_alarm_template.c.obj
                0x08001b40                HAL_RTC_AlarmAEventCallback
 .text.RTC_Alarm_IRQHandler
                0x08001ba8       0x10 CMakeFiles/01_led.elf.dir/Drivers/STM32F4xx_HAL_Driver/Src/stm32f4xx_hal_timebase_rtc_alarm_template.c.obj
                0x08001ba8                RTC_Alarm_IRQHandler
 .text.HAL_RTCEx_WakeUpTimerEventCallback
                0x08001bb8        0x8 CMakeFiles/01_led.elf.dir/Drivers/STM32F4xx_HAL_Driver/Src/stm32f4xx_hal_timebase_rtc_wakeup_template.c.obj
                0x08001bb8                HAL_RTCEx_WakeUpTimerEventCallback
 .text.RTC_WKUP_IRQHandler
                0x08001bc0       0x10 CMakeFiles/01_led.elf.dir/Drivers/STM32F4xx_HAL_Driver/Src/stm32f4xx_hal_timebase_rtc_wakeup_template.c.obj
                0x08001bc0                RTC_WKUP_IRQHandler
 .text.HAL_TIM_PeriodElapsedCallback
                0x08001bd0        0x8 CMakeFiles/01_led.elf.dir/Drivers/STM32F4xx_HAL_Driver/Src/stm32f4xx_hal_timebase_tim_template.c.obj
                0x08001bd0                HAL_TIM_PeriodElapsedCallback
 .text.TIM6_DAC_IRQHandler
                0x08001bd8       0x10 CMakeFiles/01_led.elf.dir/Drivers/STM32F4xx_HAL_Driver/Src/stm32f4xx_hal_timebase_tim_template.c.obj
                0x08001bd8                TIM6_DAC_IRQHandler
 .text.UART_EndRxTransfer
                0x08001be8       0x1c CMakeFiles/01_led.elf.dir/Drivers/STM32F4xx_HAL_Driver/Src/stm32f4xx_hal_uart.c.obj
 .text.UART_Transmit_IT
                0x08001c04       0x66 CMakeFiles/01_led.elf.dir/Drivers/STM32F4xx_HAL_Driver/Src/stm32f4xx_hal_uart.c.obj
 *fill*         0x08001c6a        0x2 
 .text.UART_SetConfig
                0x08001c6c      0x328 CMakeFiles/01_led.elf.dir/Drivers/STM32F4xx_HAL_Driver/Src/stm32f4xx_hal_uart.c.obj
 .text.HAL_UART_Init
                0x08001f94       0x5e CMakeFiles/01_led.elf.dir/Drivers/STM32F4xx_HAL_Driver/Src/stm32f4xx_hal_uart.c.obj
                0x08001f94                HAL_UART_Init
 .text.HAL_UART_Receive_IT
                0x08001ff2       0x62 CMakeFiles/01_led.elf.dir/Drivers/STM32F4xx_HAL_Driver/Src/stm32f4xx_hal_uart.c.obj
                0x08001ff2                HAL_UART_Receive_IT
 .text.HAL_UART_TxCpltCallback
                0x08002054        0x2 CMakeFiles/01_led.elf.dir/Drivers/STM32F4xx_HAL_Driver/Src/stm32f4xx_hal_uart.c.obj
                0x08002054                HAL_UART_TxCpltCallback
 .text.UART_EndTransmit_IT
                0x08002056       0x1a CMakeFiles/01_led.elf.dir/Drivers/STM32F4xx_HAL_Driver/Src/stm32f4xx_hal_uart.c.obj
 .text.UART_Receive_IT
                0x08002070       0x9e CMakeFiles/01_led.elf.dir/Drivers/STM32F4xx_HAL_Driver/Src/stm32f4xx_hal_uart.c.obj
 .text.HAL_UART_ErrorCallback
                0x0800210e        0x2 CMakeFiles/01_led.elf.dir/Drivers/STM32F4xx_HAL_Driver/Src/stm32f4xx_hal_uart.c.obj
                0x0800210e                HAL_UART_ErrorCallback
 .text.HAL_UART_IRQHandler
                0x08002110      0x120 CMakeFiles/01_led.elf.dir/Drivers/STM32F4xx_HAL_Driver/Src/stm32f4xx_hal_uart.c.obj
                0x08002110                HAL_UART_IRQHandler
 .text.UART_DMAAbortOnError
                0x08002230       0x10 CMakeFiles/01_led.elf.dir/Drivers/STM32F4xx_HAL_Driver/Src/stm32f4xx_hal_uart.c.obj
 .text.HAL_UART_GetState
                0x08002240        0xc CMakeFiles/01_led.elf.dir/Drivers/STM32F4xx_HAL_Driver/Src/stm32f4xx_hal_uart.c.obj
                0x08002240                HAL_UART_GetState
 .text.__libc_init_array
                0x0800224c       0x48 f:/arm-gcc/10 2021.10/bin/../lib/gcc/arm-none-eabi/10.3.1/../../../../arm-none-eabi/lib/thumb/v7e-m/nofp\libg.a(lib_a-init.o)
                0x0800224c                __libc_init_array
 .text.memset   0x08002294       0xa4 f:/arm-gcc/10 2021.10/bin/../lib/gcc/arm-none-eabi/10.3.1/../../../../arm-none-eabi/lib/thumb/v7e-m/nofp\libg.a(lib_a-memset.o)
                0x08002294                memset
 .text._puts_r  0x08002338       0x9c f:/arm-gcc/10 2021.10/bin/../lib/gcc/arm-none-eabi/10.3.1/../../../../arm-none-eabi/lib/thumb/v7e-m/nofp\libg.a(lib_a-puts.o)
                0x08002338                _puts_r
 .text.puts     0x080023d4       0x10 f:/arm-gcc/10 2021.10/bin/../lib/gcc/arm-none-eabi/10.3.1/../../../../arm-none-eabi/lib/thumb/v7e-m/nofp\libg.a(lib_a-puts.o)
                0x080023d4                puts
 .text.startup.register_fini
                0x080023e4       0x14 f:/arm-gcc/10 2021.10/bin/../lib/gcc/arm-none-eabi/10.3.1/../../../../arm-none-eabi/lib/thumb/v7e-m/nofp\libg.a(lib_a-__call_atexit.o)
 .text.atexit   0x080023f8        0xc f:/arm-gcc/10 2021.10/bin/../lib/gcc/arm-none-eabi/10.3.1/../../../../arm-none-eabi/lib/thumb/v7e-m/nofp\libg.a(lib_a-atexit.o)
                0x080023f8                atexit
 .text._cleanup_r
                0x08002404        0xc f:/arm-gcc/10 2021.10/bin/../lib/gcc/arm-none-eabi/10.3.1/../../../../arm-none-eabi/lib/thumb/v7e-m/nofp\libg.a(lib_a-findfp.o)
                0x08002404                _cleanup_r
 .text.__sinit  0x08002410      0x10c f:/arm-gcc/10 2021.10/bin/../lib/gcc/arm-none-eabi/10.3.1/../../../../arm-none-eabi/lib/thumb/v7e-m/nofp\libg.a(lib_a-findfp.o)
                0x08002410                __sinit
 .text.__sfp_lock_acquire
                0x0800251c        0xc f:/arm-gcc/10 2021.10/bin/../lib/gcc/arm-none-eabi/10.3.1/../../../../arm-none-eabi/lib/thumb/v7e-m/nofp\libg.a(lib_a-findfp.o)
                0x0800251c                __sfp_lock_acquire
 .text.__sfp_lock_release
                0x08002528        0xc f:/arm-gcc/10 2021.10/bin/../lib/gcc/arm-none-eabi/10.3.1/../../../../arm-none-eabi/lib/thumb/v7e-m/nofp\libg.a(lib_a-findfp.o)
                0x08002528                __sfp_lock_release
 .text.__libc_fini_array
                0x08002534       0x2c f:/arm-gcc/10 2021.10/bin/../lib/gcc/arm-none-eabi/10.3.1/../../../../arm-none-eabi/lib/thumb/v7e-m/nofp\libg.a(lib_a-fini.o)
                0x08002534                __libc_fini_array
 .text.__sfvwrite_r
                0x08002560      0x2e8 f:/arm-gcc/10 2021.10/bin/../lib/gcc/arm-none-eabi/10.3.1/../../../../arm-none-eabi/lib/thumb/v7e-m/nofp\libg.a(lib_a-fvwrite.o)
                0x08002560                __sfvwrite_r
 .text._fwalk_reent
                0x08002848       0x48 f:/arm-gcc/10 2021.10/bin/../lib/gcc/arm-none-eabi/10.3.1/../../../../arm-none-eabi/lib/thumb/v7e-m/nofp\libg.a(lib_a-fwalk.o)
                0x08002848                _fwalk_reent
 .text.__retarget_lock_init_recursive
                0x08002890        0x4 f:/arm-gcc/10 2021.10/bin/../lib/gcc/arm-none-eabi/10.3.1/../../../../arm-none-eabi/lib/thumb/v7e-m/nofp\libg.a(lib_a-lock.o)
                0x08002890                __retarget_lock_init_recursive
 .text.__retarget_lock_close_recursive
                0x08002894        0x4 f:/arm-gcc/10 2021.10/bin/../lib/gcc/arm-none-eabi/10.3.1/../../../../arm-none-eabi/lib/thumb/v7e-m/nofp\libg.a(lib_a-lock.o)
                0x08002894                __retarget_lock_close_recursive
 .text.__retarget_lock_acquire_recursive
                0x08002898        0x4 f:/arm-gcc/10 2021.10/bin/../lib/gcc/arm-none-eabi/10.3.1/../../../../arm-none-eabi/lib/thumb/v7e-m/nofp\libg.a(lib_a-lock.o)
                0x08002898                __retarget_lock_acquire_recursive
 .text.__retarget_lock_release_recursive
                0x0800289c        0x4 f:/arm-gcc/10 2021.10/bin/../lib/gcc/arm-none-eabi/10.3.1/../../../../arm-none-eabi/lib/thumb/v7e-m/nofp\libg.a(lib_a-lock.o)
                0x0800289c                __retarget_lock_release_recursive
 .text._malloc_r
                0x080028a0      0x560 f:/arm-gcc/10 2021.10/bin/../lib/gcc/arm-none-eabi/10.3.1/../../../../arm-none-eabi/lib/thumb/v7e-m/nofp\libg.a(lib_a-mallocr.o)
                0x080028a0                _malloc_r
 .text.memmove  0x08002e00       0xf8 f:/arm-gcc/10 2021.10/bin/../lib/gcc/arm-none-eabi/10.3.1/../../../../arm-none-eabi/lib/thumb/v7e-m/nofp\libg.a(lib_a-memmove.o)
                0x08002e00                memmove
 .text.__malloc_lock
                0x08002ef8        0xc f:/arm-gcc/10 2021.10/bin/../lib/gcc/arm-none-eabi/10.3.1/../../../../arm-none-eabi/lib/thumb/v7e-m/nofp\libg.a(lib_a-mlock.o)
                0x08002ef8                __malloc_lock
 .text.__malloc_unlock
                0x08002f04        0xc f:/arm-gcc/10 2021.10/bin/../lib/gcc/arm-none-eabi/10.3.1/../../../../arm-none-eabi/lib/thumb/v7e-m/nofp\libg.a(lib_a-mlock.o)
                0x08002f04                __malloc_unlock
 .text._realloc_r
                0x08002f10      0x3d8 f:/arm-gcc/10 2021.10/bin/../lib/gcc/arm-none-eabi/10.3.1/../../../../arm-none-eabi/lib/thumb/v7e-m/nofp\libg.a(lib_a-reallocr.o)
                0x08002f10                _realloc_r
 .text._sbrk_r  0x080032e8       0x24 f:/arm-gcc/10 2021.10/bin/../lib/gcc/arm-none-eabi/10.3.1/../../../../arm-none-eabi/lib/thumb/v7e-m/nofp\libg.a(lib_a-sbrkr.o)
                0x080032e8                _sbrk_r
 .text.__sread  0x0800330c       0x24 f:/arm-gcc/10 2021.10/bin/../lib/gcc/arm-none-eabi/10.3.1/../../../../arm-none-eabi/lib/thumb/v7e-m/nofp\libg.a(lib_a-stdio.o)
                0x0800330c                __sread
 .text.__swrite
                0x08003330       0x40 f:/arm-gcc/10 2021.10/bin/../lib/gcc/arm-none-eabi/10.3.1/../../../../arm-none-eabi/lib/thumb/v7e-m/nofp\libg.a(lib_a-stdio.o)
                0x08003330                __swrite
 .text.__sseek  0x08003370       0x20 f:/arm-gcc/10 2021.10/bin/../lib/gcc/arm-none-eabi/10.3.1/../../../../arm-none-eabi/lib/thumb/v7e-m/nofp\libg.a(lib_a-stdio.o)
                0x08003370                __sseek
 .text.__sclose
                0x08003390        0x8 f:/arm-gcc/10 2021.10/bin/../lib/gcc/arm-none-eabi/10.3.1/../../../../arm-none-eabi/lib/thumb/v7e-m/nofp\libg.a(lib_a-stdio.o)
                0x08003390                __sclose
 .text._write_r
                0x08003398       0x2c f:/arm-gcc/10 2021.10/bin/../lib/gcc/arm-none-eabi/10.3.1/../../../../arm-none-eabi/lib/thumb/v7e-m/nofp\libg.a(lib_a-writer.o)
                0x08003398                _write_r
 .text.__swsetup_r
                0x080033c4       0xd4 f:/arm-gcc/10 2021.10/bin/../lib/gcc/arm-none-eabi/10.3.1/../../../../arm-none-eabi/lib/thumb/v7e-m/nofp\libg.a(lib_a-wsetup.o)
                0x080033c4                __swsetup_r
 .text.__register_exitproc
                0x08003498       0x8c f:/arm-gcc/10 2021.10/bin/../lib/gcc/arm-none-eabi/10.3.1/../../../../arm-none-eabi/lib/thumb/v7e-m/nofp\libg.a(lib_a-__atexit.o)
                0x08003498                __register_exitproc
 .text._close_r
                0x08003524       0x24 f:/arm-gcc/10 2021.10/bin/../lib/gcc/arm-none-eabi/10.3.1/../../../../arm-none-eabi/lib/thumb/v7e-m/nofp\libg.a(lib_a-closer.o)
                0x08003524                _close_r
 .text._fclose_r
                0x08003548       0xcc f:/arm-gcc/10 2021.10/bin/../lib/gcc/arm-none-eabi/10.3.1/../../../../arm-none-eabi/lib/thumb/v7e-m/nofp\libg.a(lib_a-fclose.o)
                0x08003548                _fclose_r
 .text.__sflush_r
                0x08003614      0x120 f:/arm-gcc/10 2021.10/bin/../lib/gcc/arm-none-eabi/10.3.1/../../../../arm-none-eabi/lib/thumb/v7e-m/nofp\libg.a(lib_a-fflush.o)
                0x08003614                __sflush_r
 .text._fflush_r
                0x08003734       0x5c f:/arm-gcc/10 2021.10/bin/../lib/gcc/arm-none-eabi/10.3.1/../../../../arm-none-eabi/lib/thumb/v7e-m/nofp\libg.a(lib_a-fflush.o)
                0x08003734                _fflush_r
 .text._malloc_trim_r
                0x08003790       0xa0 f:/arm-gcc/10 2021.10/bin/../lib/gcc/arm-none-eabi/10.3.1/../../../../arm-none-eabi/lib/thumb/v7e-m/nofp\libg.a(lib_a-freer.o)
                0x08003790                _malloc_trim_r
 .text._free_r  0x08003830      0x20c f:/arm-gcc/10 2021.10/bin/../lib/gcc/arm-none-eabi/10.3.1/../../../../arm-none-eabi/lib/thumb/v7e-m/nofp\libg.a(lib_a-freer.o)
                0x08003830                _free_r
 .text._lseek_r
                0x08003a3c       0x2c f:/arm-gcc/10 2021.10/bin/../lib/gcc/arm-none-eabi/10.3.1/../../../../arm-none-eabi/lib/thumb/v7e-m/nofp\libg.a(lib_a-lseekr.o)
                0x08003a3c                _lseek_r
 .text.__smakebuf_r
                0x08003a68       0xe0 f:/arm-gcc/10 2021.10/bin/../lib/gcc/arm-none-eabi/10.3.1/../../../../arm-none-eabi/lib/thumb/v7e-m/nofp\libg.a(lib_a-makebuf.o)
                0x08003a68                __smakebuf_r
 .text._read_r  0x08003b48       0x2c f:/arm-gcc/10 2021.10/bin/../lib/gcc/arm-none-eabi/10.3.1/../../../../arm-none-eabi/lib/thumb/v7e-m/nofp\libg.a(lib_a-readr.o)
                0x08003b48                _read_r
 .text._fstat_r
                0x08003b74       0x2c f:/arm-gcc/10 2021.10/bin/../lib/gcc/arm-none-eabi/10.3.1/../../../../arm-none-eabi/lib/thumb/v7e-m/nofp\libg.a(lib_a-fstatr.o)
                0x08003b74                _fstat_r
 .text._isatty_r
                0x08003ba0       0x24 f:/arm-gcc/10 2021.10/bin/../lib/gcc/arm-none-eabi/10.3.1/../../../../arm-none-eabi/lib/thumb/v7e-m/nofp\libg.a(lib_a-isattyr.o)
                0x08003ba0                _isatty_r
 *(.glue_7)
 .glue_7        0x08003bc4        0x0 linker stubs
 *(.glue_7t)
 .glue_7t       0x08003bc4        0x0 linker stubs
 *(.eh_frame)
 .eh_frame      0x08003bc4        0x0 f:/arm-gcc/10 2021.10/bin/../lib/gcc/arm-none-eabi/10.3.1/thumb/v7e-m/nofp/crtbegin.o
 *(.init)
 .init          0x08003bc4        0x4 f:/arm-gcc/10 2021.10/bin/../lib/gcc/arm-none-eabi/10.3.1/thumb/v7e-m/nofp/crti.o
                0x08003bc4                _init
 .init          0x08003bc8        0x8 f:/arm-gcc/10 2021.10/bin/../lib/gcc/arm-none-eabi/10.3.1/thumb/v7e-m/nofp/crtn.o
 *(.fini)
 .fini          0x08003bd0        0x4 f:/arm-gcc/10 2021.10/bin/../lib/gcc/arm-none-eabi/10.3.1/thumb/v7e-m/nofp/crti.o
                0x08003bd0                _fini
 .fini          0x08003bd4        0x8 f:/arm-gcc/10 2021.10/bin/../lib/gcc/arm-none-eabi/10.3.1/thumb/v7e-m/nofp/crtn.o
                0x08003bdc                . = ALIGN (0x4)
                0x08003bdc                _etext = .

.vfp11_veneer   0x08003bdc        0x0
 .vfp11_veneer  0x08003bdc        0x0 linker stubs

.v4_bx          0x08003bdc        0x0
 .v4_bx         0x08003bdc        0x0 linker stubs

.iplt           0x08003bdc        0x0
 .iplt          0x08003bdc        0x0 f:/arm-gcc/10 2021.10/bin/../lib/gcc/arm-none-eabi/10.3.1/thumb/v7e-m/nofp/crtbegin.o

.rodata         0x08003bdc       0x30
                0x08003bdc                . = ALIGN (0x4)
 *(.rodata)
 *(.rodata*)
 .rodata.main.str1.4
                0x08003bdc        0xe CMakeFiles/01_led.elf.dir/Core/Src/main.c.obj
 *fill*         0x08003bea        0x2 
 .rodata.AHBPrescTable
                0x08003bec       0x10 CMakeFiles/01_led.elf.dir/Core/Src/system_stm32f4xx.c.obj
                0x08003bec                AHBPrescTable
 .rodata.APBPrescTable
                0x08003bfc        0x8 CMakeFiles/01_led.elf.dir/Core/Src/system_stm32f4xx.c.obj
                0x08003bfc                APBPrescTable
 .rodata._global_impure_ptr
                0x08003c04        0x4 f:/arm-gcc/10 2021.10/bin/../lib/gcc/arm-none-eabi/10.3.1/../../../../arm-none-eabi/lib/thumb/v7e-m/nofp\libg.a(lib_a-impure.o)
                0x08003c04                _global_impure_ptr
 .rodata._puts_r.str1.4
                0x08003c08        0x2 f:/arm-gcc/10 2021.10/bin/../lib/gcc/arm-none-eabi/10.3.1/../../../../arm-none-eabi/lib/thumb/v7e-m/nofp\libg.a(lib_a-puts.o)
                0x08003c0c                . = ALIGN (0x4)
 *fill*         0x08003c0a        0x2 

.ARM.extab      0x08003c0c        0x0
                0x08003c0c                . = ALIGN (0x4)
 *(.ARM.extab* .gnu.linkonce.armextab.*)
                0x08003c0c                . = ALIGN (0x4)

.ARM            0x08003c0c        0x8
                0x08003c0c                . = ALIGN (0x4)
                0x08003c0c                __exidx_start = .
 *(.ARM.exidx*)
 .ARM.exidx     0x08003c0c        0x8 f:/arm-gcc/10 2021.10/bin/../lib/gcc/arm-none-eabi/10.3.1/thumb/v7e-m/nofp\libgcc.a(_udivmoddi4.o)
                0x08003c14                __exidx_end = .
                0x08003c14                . = ALIGN (0x4)

.rel.dyn        0x08003c14        0x0
 .rel.iplt      0x08003c14        0x0 f:/arm-gcc/10 2021.10/bin/../lib/gcc/arm-none-eabi/10.3.1/thumb/v7e-m/nofp/crtbegin.o

.preinit_array  0x08003c14        0x0
                0x08003c14                . = ALIGN (0x4)
                0x08003c14                PROVIDE (__preinit_array_start = .)
 *(.preinit_array*)
                0x08003c14                PROVIDE (__preinit_array_end = .)
                0x08003c14                . = ALIGN (0x4)

.init_array     0x08003c14        0x8
                0x08003c14                . = ALIGN (0x4)
                0x08003c14                PROVIDE (__init_array_start = .)
 *(SORT_BY_NAME(.init_array.*))
 .init_array.00000
                0x08003c14        0x4 f:/arm-gcc/10 2021.10/bin/../lib/gcc/arm-none-eabi/10.3.1/../../../../arm-none-eabi/lib/thumb/v7e-m/nofp\libg.a(lib_a-__call_atexit.o)
 *(.init_array*)
 .init_array    0x08003c18        0x4 f:/arm-gcc/10 2021.10/bin/../lib/gcc/arm-none-eabi/10.3.1/thumb/v7e-m/nofp/crtbegin.o
                0x08003c1c                PROVIDE (__init_array_end = .)
                0x08003c1c                . = ALIGN (0x4)

.fini_array     0x08003c1c        0x4
                0x08003c1c                . = ALIGN (0x4)
                0x08003c1c                PROVIDE (__fini_array_start = .)
 *(SORT_BY_NAME(.fini_array.*))
 *(.fini_array*)
 .fini_array    0x08003c1c        0x4 f:/arm-gcc/10 2021.10/bin/../lib/gcc/arm-none-eabi/10.3.1/thumb/v7e-m/nofp/crtbegin.o
                0x08003c20                PROVIDE (__fini_array_end = .)
                0x08003c20                . = ALIGN (0x4)
                0x08003c20                _sidata = LOADADDR (.data)

.data           0x20000000      0x84c load address 0x08003c20
                0x20000000                . = ALIGN (0x4)
                0x20000000                _sdata = .
 *(.data)
 *(.data*)
 .data.SystemCoreClock
                0x20000000        0x4 CMakeFiles/01_led.elf.dir/Core/Src/system_stm32f4xx.c.obj
                0x20000000                SystemCoreClock
 .data.uwTickFreq
                0x20000004        0x1 CMakeFiles/01_led.elf.dir/Drivers/STM32F4xx_HAL_Driver/Src/stm32f4xx_hal.c.obj
                0x20000004                uwTickFreq
 *fill*         0x20000005        0x3 
 .data._impure_ptr
                0x20000008        0x4 f:/arm-gcc/10 2021.10/bin/../lib/gcc/arm-none-eabi/10.3.1/../../../../arm-none-eabi/lib/thumb/v7e-m/nofp\libg.a(lib_a-impure.o)
                0x20000008                _impure_ptr
 *fill*         0x2000000c        0x4 
 .data.impure_data
                0x20000010      0x428 f:/arm-gcc/10 2021.10/bin/../lib/gcc/arm-none-eabi/10.3.1/../../../../arm-none-eabi/lib/thumb/v7e-m/nofp\libg.a(lib_a-impure.o)
 .data.__atexit_recursive_mutex
                0x20000438        0x4 f:/arm-gcc/10 2021.10/bin/../lib/gcc/arm-none-eabi/10.3.1/../../../../arm-none-eabi/lib/thumb/v7e-m/nofp\libg.a(lib_a-__call_atexit.o)
                0x20000438                __atexit_recursive_mutex
 .data.__malloc_av_
                0x2000043c      0x408 f:/arm-gcc/10 2021.10/bin/../lib/gcc/arm-none-eabi/10.3.1/../../../../arm-none-eabi/lib/thumb/v7e-m/nofp\libg.a(lib_a-mallocr.o)
                0x2000043c                __malloc_av_
 .data.__malloc_sbrk_base
                0x20000844        0x4 f:/arm-gcc/10 2021.10/bin/../lib/gcc/arm-none-eabi/10.3.1/../../../../arm-none-eabi/lib/thumb/v7e-m/nofp\libg.a(lib_a-mallocr.o)
                0x20000844                __malloc_sbrk_base
 .data.__malloc_trim_threshold
                0x20000848        0x4 f:/arm-gcc/10 2021.10/bin/../lib/gcc/arm-none-eabi/10.3.1/../../../../arm-none-eabi/lib/thumb/v7e-m/nofp\libg.a(lib_a-mallocr.o)
                0x20000848                __malloc_trim_threshold
 *(.RamFunc)
 *(.RamFunc*)
                0x2000084c                . = ALIGN (0x4)
                0x2000084c                _edata = .
                0x0800446c                _siccmram = LOADADDR (.ccmram)

.igot.plt       0x2000084c        0x0 load address 0x0800446c
 .igot.plt      0x2000084c        0x0 f:/arm-gcc/10 2021.10/bin/../lib/gcc/arm-none-eabi/10.3.1/thumb/v7e-m/nofp/crtbegin.o

.ccmram         0x10000000        0x0 load address 0x0800446c
                0x10000000                . = ALIGN (0x4)
                0x10000000                _sccmram = .
 *(.ccmram)
 *(.ccmram*)
                0x10000000                . = ALIGN (0x4)
                0x10000000                _eccmram = .
                0x10000000                . = ALIGN (0x4)

.bss            0x2000084c      0x1fc
                0x2000084c                _sbss = .
                0x2000084c                __bss_start__ = _sbss
 *(.bss)
 .bss           0x2000084c       0x1c f:/arm-gcc/10 2021.10/bin/../lib/gcc/arm-none-eabi/10.3.1/thumb/v7e-m/nofp/crtbegin.o
 *(.bss*)
 .bss.fac_us    0x20000868        0x4 CMakeFiles/01_led.elf.dir/Core/SYSTEM/delay.c.obj
 .bss.UART1_Handler
                0x2000086c       0x40 CMakeFiles/01_led.elf.dir/Core/SYSTEM/usart.c.obj
                0x2000086c                UART1_Handler
 .bss.USART_RX_BUF
                0x200008ac       0xc8 CMakeFiles/01_led.elf.dir/Core/SYSTEM/usart.c.obj
                0x200008ac                USART_RX_BUF
 .bss.USART_RX_STA
                0x20000974        0x2 CMakeFiles/01_led.elf.dir/Core/SYSTEM/usart.c.obj
                0x20000974                USART_RX_STA
 *fill*         0x20000976        0x2 
 .bss.aRxBuffer
                0x20000978        0x1 CMakeFiles/01_led.elf.dir/Core/SYSTEM/usart.c.obj
                0x20000978                aRxBuffer
 *fill*         0x20000979        0x3 
 .bss.uwTick    0x2000097c        0x4 CMakeFiles/01_led.elf.dir/Drivers/STM32F4xx_HAL_Driver/Src/stm32f4xx_hal.c.obj
                0x2000097c                uwTick
 .bss.hRTC_Handle
                0x20000980       0x20 CMakeFiles/01_led.elf.dir/Drivers/STM32F4xx_HAL_Driver/Src/stm32f4xx_hal_timebase_rtc_alarm_template.c.obj
                0x20000980                hRTC_Handle
 .bss.hRTC_Handle
                0x200009a0       0x20 CMakeFiles/01_led.elf.dir/Drivers/STM32F4xx_HAL_Driver/Src/stm32f4xx_hal_timebase_rtc_wakeup_template.c.obj
 .bss.TimHandle
                0x200009c0       0x40 CMakeFiles/01_led.elf.dir/Drivers/STM32F4xx_HAL_Driver/Src/stm32f4xx_hal_timebase_tim_template.c.obj
                0x200009c0                TimHandle
 .bss.__lock___atexit_recursive_mutex
                0x20000a00        0x1 f:/arm-gcc/10 2021.10/bin/../lib/gcc/arm-none-eabi/10.3.1/../../../../arm-none-eabi/lib/thumb/v7e-m/nofp\libg.a(lib_a-lock.o)
                0x20000a00                __lock___atexit_recursive_mutex
 *fill*         0x20000a01        0x3 
 .bss.__lock___malloc_recursive_mutex
                0x20000a04        0x1 f:/arm-gcc/10 2021.10/bin/../lib/gcc/arm-none-eabi/10.3.1/../../../../arm-none-eabi/lib/thumb/v7e-m/nofp\libg.a(lib_a-lock.o)
                0x20000a04                __lock___malloc_recursive_mutex
 *fill*         0x20000a05        0x3 
 .bss.__lock___sfp_recursive_mutex
                0x20000a08        0x1 f:/arm-gcc/10 2021.10/bin/../lib/gcc/arm-none-eabi/10.3.1/../../../../arm-none-eabi/lib/thumb/v7e-m/nofp\libg.a(lib_a-lock.o)
                0x20000a08                __lock___sfp_recursive_mutex
 *fill*         0x20000a09        0x3 
 .bss.__lock___sinit_recursive_mutex
                0x20000a0c        0x1 f:/arm-gcc/10 2021.10/bin/../lib/gcc/arm-none-eabi/10.3.1/../../../../arm-none-eabi/lib/thumb/v7e-m/nofp\libg.a(lib_a-lock.o)
                0x20000a0c                __lock___sinit_recursive_mutex
 *fill*         0x20000a0d        0x3 
 .bss.__malloc_current_mallinfo
                0x20000a10       0x28 f:/arm-gcc/10 2021.10/bin/../lib/gcc/arm-none-eabi/10.3.1/../../../../arm-none-eabi/lib/thumb/v7e-m/nofp\libg.a(lib_a-mallocr.o)
                0x20000a10                __malloc_current_mallinfo
 .bss.__malloc_max_sbrked_mem
                0x20000a38        0x4 f:/arm-gcc/10 2021.10/bin/../lib/gcc/arm-none-eabi/10.3.1/../../../../arm-none-eabi/lib/thumb/v7e-m/nofp\libg.a(lib_a-mallocr.o)
                0x20000a38                __malloc_max_sbrked_mem
 .bss.__malloc_max_total_mem
                0x20000a3c        0x4 f:/arm-gcc/10 2021.10/bin/../lib/gcc/arm-none-eabi/10.3.1/../../../../arm-none-eabi/lib/thumb/v7e-m/nofp\libg.a(lib_a-mallocr.o)
                0x20000a3c                __malloc_max_total_mem
 .bss.__malloc_top_pad
                0x20000a40        0x4 f:/arm-gcc/10 2021.10/bin/../lib/gcc/arm-none-eabi/10.3.1/../../../../arm-none-eabi/lib/thumb/v7e-m/nofp\libg.a(lib_a-mallocr.o)
                0x20000a40                __malloc_top_pad
 .bss.errno     0x20000a44        0x4 f:/arm-gcc/10 2021.10/bin/../lib/gcc/arm-none-eabi/10.3.1/../../../../arm-none-eabi/lib/thumb/v7e-m/nofp\libg.a(lib_a-reent.o)
                0x20000a44                errno
 *(COMMON)
                0x20000a48                . = ALIGN (0x4)
                0x20000a48                _ebss = .
                0x20000a48                __bss_end__ = _ebss

._user_heap_stack
                0x20000a48      0x600
                0x20000a48                . = ALIGN (0x8)
                [!provide]                PROVIDE (end = .)
                [!provide]                PROVIDE (_end = .)
                0x20000c48                . = (. + _Min_Heap_Size)
 *fill*         0x20000a48      0x200 
                0x20001048                . = (. + _Min_Stack_Size)
 *fill*         0x20000c48      0x400 
                0x20001048                . = ALIGN (0x8)

/DISCARD/
 libc.a(*)
 libm.a(*)
 libgcc.a(*)

.ARM.attributes
                0x00000000       0x2a
 *(.ARM.attributes)
 .ARM.attributes
                0x00000000       0x1e f:/arm-gcc/10 2021.10/bin/../lib/gcc/arm-none-eabi/10.3.1/thumb/v7e-m/nofp/crti.o
 .ARM.attributes
                0x0000001e       0x2e f:/arm-gcc/10 2021.10/bin/../lib/gcc/arm-none-eabi/10.3.1/thumb/v7e-m/nofp/crtbegin.o
 .ARM.attributes
                0x0000004c       0x2e CMakeFiles/01_led.elf.dir/Core/HARDWARE/led.c.obj
 .ARM.attributes
                0x0000007a       0x2e CMakeFiles/01_led.elf.dir/Core/SYSTEM/delay.c.obj
 .ARM.attributes
                0x000000a8       0x2e CMakeFiles/01_led.elf.dir/Core/SYSTEM/sys.c.obj
 .ARM.attributes
                0x000000d6       0x2e CMakeFiles/01_led.elf.dir/Core/SYSTEM/usart.c.obj
 .ARM.attributes
                0x00000104       0x2e CMakeFiles/01_led.elf.dir/Core/Src/gpio.c.obj
 .ARM.attributes
                0x00000132       0x2e CMakeFiles/01_led.elf.dir/Core/Src/main.c.obj
 .ARM.attributes
                0x00000160       0x2e CMakeFiles/01_led.elf.dir/Core/Src/stm32f4xx_hal_msp.c.obj
 .ARM.attributes
                0x0000018e       0x2e CMakeFiles/01_led.elf.dir/Core/Src/stm32f4xx_it.c.obj
 .ARM.attributes
                0x000001bc       0x2e CMakeFiles/01_led.elf.dir/Core/Src/system_stm32f4xx.c.obj
 .ARM.attributes
                0x000001ea       0x21 CMakeFiles/01_led.elf.dir/Core/Startup/startup_stm32f407zgtx.s.obj
 .ARM.attributes
                0x0000020b       0x2e CMakeFiles/01_led.elf.dir/Drivers/STM32F4xx_HAL_Driver/Src/stm32f4xx_hal.c.obj
 .ARM.attributes
                0x00000239       0x2e CMakeFiles/01_led.elf.dir/Drivers/STM32F4xx_HAL_Driver/Src/stm32f4xx_hal_cortex.c.obj
 .ARM.attributes
                0x00000267       0x2e CMakeFiles/01_led.elf.dir/Drivers/STM32F4xx_HAL_Driver/Src/stm32f4xx_hal_dma.c.obj
 .ARM.attributes
                0x00000295       0x2e CMakeFiles/01_led.elf.dir/Drivers/STM32F4xx_HAL_Driver/Src/stm32f4xx_hal_gpio.c.obj
 .ARM.attributes
                0x000002c3       0x2e CMakeFiles/01_led.elf.dir/Drivers/STM32F4xx_HAL_Driver/Src/stm32f4xx_hal_rcc.c.obj
 .ARM.attributes
                0x000002f1       0x2e CMakeFiles/01_led.elf.dir/Drivers/STM32F4xx_HAL_Driver/Src/stm32f4xx_hal_rcc_ex.c.obj
 .ARM.attributes
                0x0000031f       0x2e CMakeFiles/01_led.elf.dir/Drivers/STM32F4xx_HAL_Driver/Src/stm32f4xx_hal_rtc.c.obj
 .ARM.attributes
                0x0000034d       0x2e CMakeFiles/01_led.elf.dir/Drivers/STM32F4xx_HAL_Driver/Src/stm32f4xx_hal_rtc_ex.c.obj
 .ARM.attributes
                0x0000037b       0x2e CMakeFiles/01_led.elf.dir/Drivers/STM32F4xx_HAL_Driver/Src/stm32f4xx_hal_tim.c.obj
 .ARM.attributes
                0x000003a9       0x2e CMakeFiles/01_led.elf.dir/Drivers/STM32F4xx_HAL_Driver/Src/stm32f4xx_hal_tim_ex.c.obj
 .ARM.attributes
                0x000003d7       0x2e CMakeFiles/01_led.elf.dir/Drivers/STM32F4xx_HAL_Driver/Src/stm32f4xx_hal_timebase_rtc_alarm_template.c.obj
 .ARM.attributes
                0x00000405       0x2e CMakeFiles/01_led.elf.dir/Drivers/STM32F4xx_HAL_Driver/Src/stm32f4xx_hal_timebase_rtc_wakeup_template.c.obj
 .ARM.attributes
                0x00000433       0x2e CMakeFiles/01_led.elf.dir/Drivers/STM32F4xx_HAL_Driver/Src/stm32f4xx_hal_timebase_tim_template.c.obj
 .ARM.attributes
                0x00000461       0x2e CMakeFiles/01_led.elf.dir/Drivers/STM32F4xx_HAL_Driver/Src/stm32f4xx_hal_uart.c.obj
 .ARM.attributes
                0x0000048f       0x1e f:/arm-gcc/10 2021.10/bin/../lib/gcc/arm-none-eabi/10.3.1/thumb/v7e-m/nofp\libgcc.a(_aeabi_uldivmod.o)
 .ARM.attributes
                0x000004ad       0x2e f:/arm-gcc/10 2021.10/bin/../lib/gcc/arm-none-eabi/10.3.1/thumb/v7e-m/nofp\libgcc.a(_udivmoddi4.o)
 .ARM.attributes
                0x000004db       0x1e f:/arm-gcc/10 2021.10/bin/../lib/gcc/arm-none-eabi/10.3.1/thumb/v7e-m/nofp\libgcc.a(_dvmd_tls.o)
 .ARM.attributes
                0x000004f9       0x2e f:/arm-gcc/10 2021.10/bin/../lib/gcc/arm-none-eabi/10.3.1/../../../../arm-none-eabi/lib/thumb/v7e-m/nofp\libg.a(lib_a-impure.o)
 .ARM.attributes
                0x00000527       0x2e f:/arm-gcc/10 2021.10/bin/../lib/gcc/arm-none-eabi/10.3.1/../../../../arm-none-eabi/lib/thumb/v7e-m/nofp\libg.a(lib_a-init.o)
 .ARM.attributes
                0x00000555       0x2e f:/arm-gcc/10 2021.10/bin/../lib/gcc/arm-none-eabi/10.3.1/../../../../arm-none-eabi/lib/thumb/v7e-m/nofp\libg.a(lib_a-memset.o)
 .ARM.attributes
                0x00000583       0x2e f:/arm-gcc/10 2021.10/bin/../lib/gcc/arm-none-eabi/10.3.1/../../../../arm-none-eabi/lib/thumb/v7e-m/nofp\libg.a(lib_a-puts.o)
 .ARM.attributes
                0x000005b1       0x1c f:/arm-gcc/10 2021.10/bin/../lib/gcc/arm-none-eabi/10.3.1/../../../../arm-none-eabi/lib/thumb/v7e-m/nofp\libg.a(lib_a-strlen.o)
 .ARM.attributes
                0x000005cd       0x2e f:/arm-gcc/10 2021.10/bin/../lib/gcc/arm-none-eabi/10.3.1/../../../../arm-none-eabi/lib/thumb/v7e-m/nofp\libg.a(lib_a-__call_atexit.o)
 .ARM.attributes
                0x000005fb       0x2e f:/arm-gcc/10 2021.10/bin/../lib/gcc/arm-none-eabi/10.3.1/../../../../arm-none-eabi/lib/thumb/v7e-m/nofp\libg.a(lib_a-atexit.o)
 .ARM.attributes
                0x00000629       0x2e f:/arm-gcc/10 2021.10/bin/../lib/gcc/arm-none-eabi/10.3.1/../../../../arm-none-eabi/lib/thumb/v7e-m/nofp\libg.a(lib_a-findfp.o)
 .ARM.attributes
                0x00000657       0x2e f:/arm-gcc/10 2021.10/bin/../lib/gcc/arm-none-eabi/10.3.1/../../../../arm-none-eabi/lib/thumb/v7e-m/nofp\libg.a(lib_a-fini.o)
 .ARM.attributes
                0x00000685       0x2e f:/arm-gcc/10 2021.10/bin/../lib/gcc/arm-none-eabi/10.3.1/../../../../arm-none-eabi/lib/thumb/v7e-m/nofp\libg.a(lib_a-fvwrite.o)
 .ARM.attributes
                0x000006b3       0x2e f:/arm-gcc/10 2021.10/bin/../lib/gcc/arm-none-eabi/10.3.1/../../../../arm-none-eabi/lib/thumb/v7e-m/nofp\libg.a(lib_a-fwalk.o)
 .ARM.attributes
                0x000006e1       0x2e f:/arm-gcc/10 2021.10/bin/../lib/gcc/arm-none-eabi/10.3.1/../../../../arm-none-eabi/lib/thumb/v7e-m/nofp\libg.a(lib_a-lock.o)
 .ARM.attributes
                0x0000070f       0x2e f:/arm-gcc/10 2021.10/bin/../lib/gcc/arm-none-eabi/10.3.1/../../../../arm-none-eabi/lib/thumb/v7e-m/nofp\libg.a(lib_a-mallocr.o)
 .ARM.attributes
                0x0000073d       0x1c f:/arm-gcc/10 2021.10/bin/../lib/gcc/arm-none-eabi/10.3.1/../../../../arm-none-eabi/lib/thumb/v7e-m/nofp\libg.a(lib_a-memchr.o)
 .ARM.attributes
                0x00000759       0x1c f:/arm-gcc/10 2021.10/bin/../lib/gcc/arm-none-eabi/10.3.1/../../../../arm-none-eabi/lib/thumb/v7e-m/nofp\libg.a(lib_a-memcpy.o)
 .ARM.attributes
                0x00000775       0x2e f:/arm-gcc/10 2021.10/bin/../lib/gcc/arm-none-eabi/10.3.1/../../../../arm-none-eabi/lib/thumb/v7e-m/nofp\libg.a(lib_a-memmove.o)
 .ARM.attributes
                0x000007a3       0x2e f:/arm-gcc/10 2021.10/bin/../lib/gcc/arm-none-eabi/10.3.1/../../../../arm-none-eabi/lib/thumb/v7e-m/nofp\libg.a(lib_a-mlock.o)
 .ARM.attributes
                0x000007d1       0x2e f:/arm-gcc/10 2021.10/bin/../lib/gcc/arm-none-eabi/10.3.1/../../../../arm-none-eabi/lib/thumb/v7e-m/nofp\libg.a(lib_a-reallocr.o)
 .ARM.attributes
                0x000007ff       0x2e f:/arm-gcc/10 2021.10/bin/../lib/gcc/arm-none-eabi/10.3.1/../../../../arm-none-eabi/lib/thumb/v7e-m/nofp\libg.a(lib_a-sbrkr.o)
 .ARM.attributes
                0x0000082d       0x2e f:/arm-gcc/10 2021.10/bin/../lib/gcc/arm-none-eabi/10.3.1/../../../../arm-none-eabi/lib/thumb/v7e-m/nofp\libg.a(lib_a-stdio.o)
 .ARM.attributes
                0x0000085b       0x2e f:/arm-gcc/10 2021.10/bin/../lib/gcc/arm-none-eabi/10.3.1/../../../../arm-none-eabi/lib/thumb/v7e-m/nofp\libg.a(lib_a-writer.o)
 .ARM.attributes
                0x00000889       0x2e f:/arm-gcc/10 2021.10/bin/../lib/gcc/arm-none-eabi/10.3.1/../../../../arm-none-eabi/lib/thumb/v7e-m/nofp\libg.a(lib_a-wsetup.o)
 .ARM.attributes
                0x000008b7       0x2e f:/arm-gcc/10 2021.10/bin/../lib/gcc/arm-none-eabi/10.3.1/../../../../arm-none-eabi/lib/thumb/v7e-m/nofp\libg.a(lib_a-__atexit.o)
 .ARM.attributes
                0x000008e5       0x2e f:/arm-gcc/10 2021.10/bin/../lib/gcc/arm-none-eabi/10.3.1/../../../../arm-none-eabi/lib/thumb/v7e-m/nofp\libg.a(lib_a-closer.o)
 .ARM.attributes
                0x00000913       0x2e f:/arm-gcc/10 2021.10/bin/../lib/gcc/arm-none-eabi/10.3.1/../../../../arm-none-eabi/lib/thumb/v7e-m/nofp\libg.a(lib_a-fclose.o)
 .ARM.attributes
                0x00000941       0x2e f:/arm-gcc/10 2021.10/bin/../lib/gcc/arm-none-eabi/10.3.1/../../../../arm-none-eabi/lib/thumb/v7e-m/nofp\libg.a(lib_a-fflush.o)
 .ARM.attributes
                0x0000096f       0x2e f:/arm-gcc/10 2021.10/bin/../lib/gcc/arm-none-eabi/10.3.1/../../../../arm-none-eabi/lib/thumb/v7e-m/nofp\libg.a(lib_a-freer.o)
 .ARM.attributes
                0x0000099d       0x2e f:/arm-gcc/10 2021.10/bin/../lib/gcc/arm-none-eabi/10.3.1/../../../../arm-none-eabi/lib/thumb/v7e-m/nofp\libg.a(lib_a-lseekr.o)
 .ARM.attributes
                0x000009cb       0x2e f:/arm-gcc/10 2021.10/bin/../lib/gcc/arm-none-eabi/10.3.1/../../../../arm-none-eabi/lib/thumb/v7e-m/nofp\libg.a(lib_a-makebuf.o)
 .ARM.attributes
                0x000009f9       0x2e f:/arm-gcc/10 2021.10/bin/../lib/gcc/arm-none-eabi/10.3.1/../../../../arm-none-eabi/lib/thumb/v7e-m/nofp\libg.a(lib_a-readr.o)
 .ARM.attributes
                0x00000a27       0x2e f:/arm-gcc/10 2021.10/bin/../lib/gcc/arm-none-eabi/10.3.1/../../../../arm-none-eabi/lib/thumb/v7e-m/nofp\libg.a(lib_a-reent.o)
 .ARM.attributes
                0x00000a55       0x2e f:/arm-gcc/10 2021.10/bin/../lib/gcc/arm-none-eabi/10.3.1/../../../../arm-none-eabi/lib/thumb/v7e-m/nofp\libg.a(lib_a-fstatr.o)
 .ARM.attributes
                0x00000a83       0x2e f:/arm-gcc/10 2021.10/bin/../lib/gcc/arm-none-eabi/10.3.1/../../../../arm-none-eabi/lib/thumb/v7e-m/nofp\libg.a(lib_a-isattyr.o)
 .ARM.attributes
                0x00000ab1       0x1e f:/arm-gcc/10 2021.10/bin/../lib/gcc/arm-none-eabi/10.3.1/thumb/v7e-m/nofp/crtn.o
OUTPUT(01_led.elf elf32-littlearm)
LOAD linker stubs
LOAD f:/arm-gcc/10 2021.10/bin/../lib/gcc/arm-none-eabi/10.3.1/../../../../arm-none-eabi/lib/thumb/v7e-m/nofp\libc.a
LOAD f:/arm-gcc/10 2021.10/bin/../lib/gcc/arm-none-eabi/10.3.1/../../../../arm-none-eabi/lib/thumb/v7e-m/nofp\libm.a
LOAD f:/arm-gcc/10 2021.10/bin/../lib/gcc/arm-none-eabi/10.3.1/thumb/v7e-m/nofp\libgcc.a

.debug_info     0x00000000    0x11562
 .debug_info    0x00000000      0x443 CMakeFiles/01_led.elf.dir/Core/HARDWARE/led.c.obj
 .debug_info    0x00000443      0x26e CMakeFiles/01_led.elf.dir/Core/SYSTEM/delay.c.obj
 .debug_info    0x000006b1      0x5bc CMakeFiles/01_led.elf.dir/Core/SYSTEM/sys.c.obj
 .debug_info    0x00000c6d     0x165b CMakeFiles/01_led.elf.dir/Core/SYSTEM/usart.c.obj
 .debug_info    0x000022c8      0x287 CMakeFiles/01_led.elf.dir/Core/Src/gpio.c.obj
 .debug_info    0x0000254f      0x321 CMakeFiles/01_led.elf.dir/Core/Src/main.c.obj
 .debug_info    0x00002870       0x97 CMakeFiles/01_led.elf.dir/Core/Src/stm32f4xx_hal_msp.c.obj
 .debug_info    0x00002907      0x12f CMakeFiles/01_led.elf.dir/Core/Src/stm32f4xx_it.c.obj
 .debug_info    0x00002a36      0x538 CMakeFiles/01_led.elf.dir/Core/Src/system_stm32f4xx.c.obj
 .debug_info    0x00002f6e       0x22 CMakeFiles/01_led.elf.dir/Core/Startup/startup_stm32f407zgtx.s.obj
 .debug_info    0x00002f90      0x9c3 CMakeFiles/01_led.elf.dir/Drivers/STM32F4xx_HAL_Driver/Src/stm32f4xx_hal.c.obj
 .debug_info    0x00003953     0x1098 CMakeFiles/01_led.elf.dir/Drivers/STM32F4xx_HAL_Driver/Src/stm32f4xx_hal_cortex.c.obj
 .debug_info    0x000049eb      0xb3f CMakeFiles/01_led.elf.dir/Drivers/STM32F4xx_HAL_Driver/Src/stm32f4xx_hal_dma.c.obj
 .debug_info    0x0000552a      0x79b CMakeFiles/01_led.elf.dir/Drivers/STM32F4xx_HAL_Driver/Src/stm32f4xx_hal_gpio.c.obj
 .debug_info    0x00005cc5      0xae9 CMakeFiles/01_led.elf.dir/Drivers/STM32F4xx_HAL_Driver/Src/stm32f4xx_hal_rcc.c.obj
 .debug_info    0x000067ae      0x67e CMakeFiles/01_led.elf.dir/Drivers/STM32F4xx_HAL_Driver/Src/stm32f4xx_hal_rcc_ex.c.obj
 .debug_info    0x00006e2c      0xf41 CMakeFiles/01_led.elf.dir/Drivers/STM32F4xx_HAL_Driver/Src/stm32f4xx_hal_rtc.c.obj
 .debug_info    0x00007d6d     0x1219 CMakeFiles/01_led.elf.dir/Drivers/STM32F4xx_HAL_Driver/Src/stm32f4xx_hal_rtc_ex.c.obj
 .debug_info    0x00008f86     0x35d8 CMakeFiles/01_led.elf.dir/Drivers/STM32F4xx_HAL_Driver/Src/stm32f4xx_hal_tim.c.obj
 .debug_info    0x0000c55e     0x160b CMakeFiles/01_led.elf.dir/Drivers/STM32F4xx_HAL_Driver/Src/stm32f4xx_hal_tim_ex.c.obj
 .debug_info    0x0000db69      0xa26 CMakeFiles/01_led.elf.dir/Drivers/STM32F4xx_HAL_Driver/Src/stm32f4xx_hal_timebase_rtc_alarm_template.c.obj
 .debug_info    0x0000e58f      0xa47 CMakeFiles/01_led.elf.dir/Drivers/STM32F4xx_HAL_Driver/Src/stm32f4xx_hal_timebase_rtc_wakeup_template.c.obj
 .debug_info    0x0000efd6      0xc55 CMakeFiles/01_led.elf.dir/Drivers/STM32F4xx_HAL_Driver/Src/stm32f4xx_hal_timebase_tim_template.c.obj
 .debug_info    0x0000fc2b     0x1937 CMakeFiles/01_led.elf.dir/Drivers/STM32F4xx_HAL_Driver/Src/stm32f4xx_hal_uart.c.obj

.debug_abbrev   0x00000000     0x2a2a
 .debug_abbrev  0x00000000      0x14e CMakeFiles/01_led.elf.dir/Core/HARDWARE/led.c.obj
 .debug_abbrev  0x0000014e      0x13d CMakeFiles/01_led.elf.dir/Core/SYSTEM/delay.c.obj
 .debug_abbrev  0x0000028b      0x198 CMakeFiles/01_led.elf.dir/Core/SYSTEM/sys.c.obj
 .debug_abbrev  0x00000423      0x2fd CMakeFiles/01_led.elf.dir/Core/SYSTEM/usart.c.obj
 .debug_abbrev  0x00000720       0xc6 CMakeFiles/01_led.elf.dir/Core/Src/gpio.c.obj
 .debug_abbrev  0x000007e6      0x11f CMakeFiles/01_led.elf.dir/Core/Src/main.c.obj
 .debug_abbrev  0x00000905       0x44 CMakeFiles/01_led.elf.dir/Core/Src/stm32f4xx_hal_msp.c.obj
 .debug_abbrev  0x00000949       0x7e CMakeFiles/01_led.elf.dir/Core/Src/stm32f4xx_it.c.obj
 .debug_abbrev  0x000009c7      0x119 CMakeFiles/01_led.elf.dir/Core/Src/system_stm32f4xx.c.obj
 .debug_abbrev  0x00000ae0       0x12 CMakeFiles/01_led.elf.dir/Core/Startup/startup_stm32f407zgtx.s.obj
 .debug_abbrev  0x00000af2      0x20a CMakeFiles/01_led.elf.dir/Drivers/STM32F4xx_HAL_Driver/Src/stm32f4xx_hal.c.obj
 .debug_abbrev  0x00000cfc      0x36a CMakeFiles/01_led.elf.dir/Drivers/STM32F4xx_HAL_Driver/Src/stm32f4xx_hal_cortex.c.obj
 .debug_abbrev  0x00001066      0x2c2 CMakeFiles/01_led.elf.dir/Drivers/STM32F4xx_HAL_Driver/Src/stm32f4xx_hal_dma.c.obj
 .debug_abbrev  0x00001328      0x1ef CMakeFiles/01_led.elf.dir/Drivers/STM32F4xx_HAL_Driver/Src/stm32f4xx_hal_gpio.c.obj
 .debug_abbrev  0x00001517      0x28a CMakeFiles/01_led.elf.dir/Drivers/STM32F4xx_HAL_Driver/Src/stm32f4xx_hal_rcc.c.obj
 .debug_abbrev  0x000017a1      0x197 CMakeFiles/01_led.elf.dir/Drivers/STM32F4xx_HAL_Driver/Src/stm32f4xx_hal_rcc_ex.c.obj
 .debug_abbrev  0x00001938      0x200 CMakeFiles/01_led.elf.dir/Drivers/STM32F4xx_HAL_Driver/Src/stm32f4xx_hal_rtc.c.obj
 .debug_abbrev  0x00001b38      0x214 CMakeFiles/01_led.elf.dir/Drivers/STM32F4xx_HAL_Driver/Src/stm32f4xx_hal_rtc_ex.c.obj
 .debug_abbrev  0x00001d4c      0x22b CMakeFiles/01_led.elf.dir/Drivers/STM32F4xx_HAL_Driver/Src/stm32f4xx_hal_tim.c.obj
 .debug_abbrev  0x00001f77      0x241 CMakeFiles/01_led.elf.dir/Drivers/STM32F4xx_HAL_Driver/Src/stm32f4xx_hal_tim_ex.c.obj
 .debug_abbrev  0x000021b8      0x1f8 CMakeFiles/01_led.elf.dir/Drivers/STM32F4xx_HAL_Driver/Src/stm32f4xx_hal_timebase_rtc_alarm_template.c.obj
 .debug_abbrev  0x000023b0      0x1f8 CMakeFiles/01_led.elf.dir/Drivers/STM32F4xx_HAL_Driver/Src/stm32f4xx_hal_timebase_rtc_wakeup_template.c.obj
 .debug_abbrev  0x000025a8      0x21b CMakeFiles/01_led.elf.dir/Drivers/STM32F4xx_HAL_Driver/Src/stm32f4xx_hal_timebase_tim_template.c.obj
 .debug_abbrev  0x000027c3      0x267 CMakeFiles/01_led.elf.dir/Drivers/STM32F4xx_HAL_Driver/Src/stm32f4xx_hal_uart.c.obj

.debug_aranges  0x00000000      0xe90
 .debug_aranges
                0x00000000       0x20 CMakeFiles/01_led.elf.dir/Core/HARDWARE/led.c.obj
 .debug_aranges
                0x00000020       0x30 CMakeFiles/01_led.elf.dir/Core/SYSTEM/delay.c.obj
 .debug_aranges
                0x00000050       0x20 CMakeFiles/01_led.elf.dir/Core/SYSTEM/sys.c.obj
 .debug_aranges
                0x00000070       0x48 CMakeFiles/01_led.elf.dir/Core/SYSTEM/usart.c.obj
 .debug_aranges
                0x000000b8       0x20 CMakeFiles/01_led.elf.dir/Core/Src/gpio.c.obj
 .debug_aranges
                0x000000d8       0x20 CMakeFiles/01_led.elf.dir/Core/Src/main.c.obj
 .debug_aranges
                0x000000f8       0x28 CMakeFiles/01_led.elf.dir/Core/Src/stm32f4xx_hal_msp.c.obj
 .debug_aranges
                0x00000120       0x60 CMakeFiles/01_led.elf.dir/Core/Src/stm32f4xx_it.c.obj
 .debug_aranges
                0x00000180       0x28 CMakeFiles/01_led.elf.dir/Core/Src/system_stm32f4xx.c.obj
 .debug_aranges
                0x000001a8       0x28 CMakeFiles/01_led.elf.dir/Core/Startup/startup_stm32f407zgtx.s.obj
 .debug_aranges
                0x000001d0       0xf0 CMakeFiles/01_led.elf.dir/Drivers/STM32F4xx_HAL_Driver/Src/stm32f4xx_hal.c.obj
 .debug_aranges
                0x000002c0       0xa8 CMakeFiles/01_led.elf.dir/Drivers/STM32F4xx_HAL_Driver/Src/stm32f4xx_hal_cortex.c.obj
 .debug_aranges
                0x00000368       0x90 CMakeFiles/01_led.elf.dir/Drivers/STM32F4xx_HAL_Driver/Src/stm32f4xx_hal_dma.c.obj
 .debug_aranges
                0x000003f8       0x58 CMakeFiles/01_led.elf.dir/Drivers/STM32F4xx_HAL_Driver/Src/stm32f4xx_hal_gpio.c.obj
 .debug_aranges
                0x00000450       0x88 CMakeFiles/01_led.elf.dir/Drivers/STM32F4xx_HAL_Driver/Src/stm32f4xx_hal_rcc.c.obj
 .debug_aranges
                0x000004d8       0x48 CMakeFiles/01_led.elf.dir/Drivers/STM32F4xx_HAL_Driver/Src/stm32f4xx_hal_rcc_ex.c.obj
 .debug_aranges
                0x00000520       0xb8 CMakeFiles/01_led.elf.dir/Drivers/STM32F4xx_HAL_Driver/Src/stm32f4xx_hal_rtc.c.obj
 .debug_aranges
                0x000005d8      0x130 CMakeFiles/01_led.elf.dir/Drivers/STM32F4xx_HAL_Driver/Src/stm32f4xx_hal_rtc_ex.c.obj
 .debug_aranges
                0x00000708      0x3a8 CMakeFiles/01_led.elf.dir/Drivers/STM32F4xx_HAL_Driver/Src/stm32f4xx_hal_tim.c.obj
 .debug_aranges
                0x00000ab0      0x150 CMakeFiles/01_led.elf.dir/Drivers/STM32F4xx_HAL_Driver/Src/stm32f4xx_hal_tim_ex.c.obj
 .debug_aranges
                0x00000c00       0x40 CMakeFiles/01_led.elf.dir/Drivers/STM32F4xx_HAL_Driver/Src/stm32f4xx_hal_timebase_rtc_alarm_template.c.obj
 .debug_aranges
                0x00000c40       0x40 CMakeFiles/01_led.elf.dir/Drivers/STM32F4xx_HAL_Driver/Src/stm32f4xx_hal_timebase_rtc_wakeup_template.c.obj
 .debug_aranges
                0x00000c80       0x40 CMakeFiles/01_led.elf.dir/Drivers/STM32F4xx_HAL_Driver/Src/stm32f4xx_hal_timebase_tim_template.c.obj
 .debug_aranges
                0x00000cc0      0x1d0 CMakeFiles/01_led.elf.dir/Drivers/STM32F4xx_HAL_Driver/Src/stm32f4xx_hal_uart.c.obj

.debug_ranges   0x00000000      0xd90
 .debug_ranges  0x00000000       0x10 CMakeFiles/01_led.elf.dir/Core/HARDWARE/led.c.obj
 .debug_ranges  0x00000010       0x20 CMakeFiles/01_led.elf.dir/Core/SYSTEM/delay.c.obj
 .debug_ranges  0x00000030       0x10 CMakeFiles/01_led.elf.dir/Core/SYSTEM/sys.c.obj
 .debug_ranges  0x00000040       0x38 CMakeFiles/01_led.elf.dir/Core/SYSTEM/usart.c.obj
 .debug_ranges  0x00000078       0x10 CMakeFiles/01_led.elf.dir/Core/Src/gpio.c.obj
 .debug_ranges  0x00000088       0x10 CMakeFiles/01_led.elf.dir/Core/Src/main.c.obj
 .debug_ranges  0x00000098       0x18 CMakeFiles/01_led.elf.dir/Core/Src/stm32f4xx_hal_msp.c.obj
 .debug_ranges  0x000000b0       0x50 CMakeFiles/01_led.elf.dir/Core/Src/stm32f4xx_it.c.obj
 .debug_ranges  0x00000100       0x18 CMakeFiles/01_led.elf.dir/Core/Src/system_stm32f4xx.c.obj
 .debug_ranges  0x00000118       0x20 CMakeFiles/01_led.elf.dir/Core/Startup/startup_stm32f407zgtx.s.obj
 .debug_ranges  0x00000138       0xe0 CMakeFiles/01_led.elf.dir/Drivers/STM32F4xx_HAL_Driver/Src/stm32f4xx_hal.c.obj
 .debug_ranges  0x00000218       0xf8 CMakeFiles/01_led.elf.dir/Drivers/STM32F4xx_HAL_Driver/Src/stm32f4xx_hal_cortex.c.obj
 .debug_ranges  0x00000310       0x80 CMakeFiles/01_led.elf.dir/Drivers/STM32F4xx_HAL_Driver/Src/stm32f4xx_hal_dma.c.obj
 .debug_ranges  0x00000390       0x48 CMakeFiles/01_led.elf.dir/Drivers/STM32F4xx_HAL_Driver/Src/stm32f4xx_hal_gpio.c.obj
 .debug_ranges  0x000003d8       0x90 CMakeFiles/01_led.elf.dir/Drivers/STM32F4xx_HAL_Driver/Src/stm32f4xx_hal_rcc.c.obj
 .debug_ranges  0x00000468       0x38 CMakeFiles/01_led.elf.dir/Drivers/STM32F4xx_HAL_Driver/Src/stm32f4xx_hal_rcc_ex.c.obj
 .debug_ranges  0x000004a0       0xa8 CMakeFiles/01_led.elf.dir/Drivers/STM32F4xx_HAL_Driver/Src/stm32f4xx_hal_rtc.c.obj
 .debug_ranges  0x00000548      0x120 CMakeFiles/01_led.elf.dir/Drivers/STM32F4xx_HAL_Driver/Src/stm32f4xx_hal_rtc_ex.c.obj
 .debug_ranges  0x00000668      0x398 CMakeFiles/01_led.elf.dir/Drivers/STM32F4xx_HAL_Driver/Src/stm32f4xx_hal_tim.c.obj
 .debug_ranges  0x00000a00      0x140 CMakeFiles/01_led.elf.dir/Drivers/STM32F4xx_HAL_Driver/Src/stm32f4xx_hal_tim_ex.c.obj
 .debug_ranges  0x00000b40       0x30 CMakeFiles/01_led.elf.dir/Drivers/STM32F4xx_HAL_Driver/Src/stm32f4xx_hal_timebase_rtc_alarm_template.c.obj
 .debug_ranges  0x00000b70       0x30 CMakeFiles/01_led.elf.dir/Drivers/STM32F4xx_HAL_Driver/Src/stm32f4xx_hal_timebase_rtc_wakeup_template.c.obj
 .debug_ranges  0x00000ba0       0x30 CMakeFiles/01_led.elf.dir/Drivers/STM32F4xx_HAL_Driver/Src/stm32f4xx_hal_timebase_tim_template.c.obj
 .debug_ranges  0x00000bd0      0x1c0 CMakeFiles/01_led.elf.dir/Drivers/STM32F4xx_HAL_Driver/Src/stm32f4xx_hal_uart.c.obj

.debug_line     0x00000000     0xdae2
 .debug_line    0x00000000      0x193 CMakeFiles/01_led.elf.dir/Core/HARDWARE/led.c.obj
 .debug_line    0x00000193      0x264 CMakeFiles/01_led.elf.dir/Core/SYSTEM/delay.c.obj
 .debug_line    0x000003f7      0x28a CMakeFiles/01_led.elf.dir/Core/SYSTEM/sys.c.obj
 .debug_line    0x00000681      0x45b CMakeFiles/01_led.elf.dir/Core/SYSTEM/usart.c.obj
 .debug_line    0x00000adc      0x11c CMakeFiles/01_led.elf.dir/Core/Src/gpio.c.obj
 .debug_line    0x00000bf8      0x233 CMakeFiles/01_led.elf.dir/Core/Src/main.c.obj
 .debug_line    0x00000e2b       0x7b CMakeFiles/01_led.elf.dir/Core/Src/stm32f4xx_hal_msp.c.obj
 .debug_line    0x00000ea6      0x195 CMakeFiles/01_led.elf.dir/Core/Src/stm32f4xx_it.c.obj
 .debug_line    0x0000103b      0x26b CMakeFiles/01_led.elf.dir/Core/Src/system_stm32f4xx.c.obj
 .debug_line    0x000012a6       0x9d CMakeFiles/01_led.elf.dir/Core/Startup/startup_stm32f407zgtx.s.obj
 .debug_line    0x00001343      0x558 CMakeFiles/01_led.elf.dir/Drivers/STM32F4xx_HAL_Driver/Src/stm32f4xx_hal.c.obj
 .debug_line    0x0000189b      0x77c CMakeFiles/01_led.elf.dir/Drivers/STM32F4xx_HAL_Driver/Src/stm32f4xx_hal_cortex.c.obj
 .debug_line    0x00002017      0xdf6 CMakeFiles/01_led.elf.dir/Drivers/STM32F4xx_HAL_Driver/Src/stm32f4xx_hal_dma.c.obj
 .debug_line    0x00002e0d      0x6c2 CMakeFiles/01_led.elf.dir/Drivers/STM32F4xx_HAL_Driver/Src/stm32f4xx_hal_gpio.c.obj
 .debug_line    0x000034cf      0xaa9 CMakeFiles/01_led.elf.dir/Drivers/STM32F4xx_HAL_Driver/Src/stm32f4xx_hal_rcc.c.obj
 .debug_line    0x00003f78      0x5d2 CMakeFiles/01_led.elf.dir/Drivers/STM32F4xx_HAL_Driver/Src/stm32f4xx_hal_rcc_ex.c.obj
 .debug_line    0x0000454a      0xfef CMakeFiles/01_led.elf.dir/Drivers/STM32F4xx_HAL_Driver/Src/stm32f4xx_hal_rtc.c.obj
 .debug_line    0x00005539     0x16ec CMakeFiles/01_led.elf.dir/Drivers/STM32F4xx_HAL_Driver/Src/stm32f4xx_hal_rtc_ex.c.obj
 .debug_line    0x00006c25     0x365e CMakeFiles/01_led.elf.dir/Drivers/STM32F4xx_HAL_Driver/Src/stm32f4xx_hal_tim.c.obj
 .debug_line    0x0000a283     0x1190 CMakeFiles/01_led.elf.dir/Drivers/STM32F4xx_HAL_Driver/Src/stm32f4xx_hal_tim_ex.c.obj
 .debug_line    0x0000b413      0x43f CMakeFiles/01_led.elf.dir/Drivers/STM32F4xx_HAL_Driver/Src/stm32f4xx_hal_timebase_rtc_alarm_template.c.obj
 .debug_line    0x0000b852      0x3b6 CMakeFiles/01_led.elf.dir/Drivers/STM32F4xx_HAL_Driver/Src/stm32f4xx_hal_timebase_rtc_wakeup_template.c.obj
 .debug_line    0x0000bc08      0x301 CMakeFiles/01_led.elf.dir/Drivers/STM32F4xx_HAL_Driver/Src/stm32f4xx_hal_timebase_tim_template.c.obj
 .debug_line    0x0000bf09     0x1bd9 CMakeFiles/01_led.elf.dir/Drivers/STM32F4xx_HAL_Driver/Src/stm32f4xx_hal_uart.c.obj

.debug_str      0x00000000     0x4b59
 .debug_str     0x00000000      0x338 CMakeFiles/01_led.elf.dir/Core/HARDWARE/led.c.obj
                                0x38f (size before relaxing)
 .debug_str     0x00000338       0xaf CMakeFiles/01_led.elf.dir/Core/SYSTEM/delay.c.obj
                                0x26f (size before relaxing)
 .debug_str     0x000003e7      0x1fd CMakeFiles/01_led.elf.dir/Core/SYSTEM/sys.c.obj
                                0x4b4 (size before relaxing)
 .debug_str     0x000005e4      0xd86 CMakeFiles/01_led.elf.dir/Core/SYSTEM/usart.c.obj
                               0x1150 (size before relaxing)
 .debug_str     0x0000136a       0x35 CMakeFiles/01_led.elf.dir/Core/Src/gpio.c.obj
                                0x2d5 (size before relaxing)
 .debug_str     0x0000139f       0x45 CMakeFiles/01_led.elf.dir/Core/Src/main.c.obj
                                0x2a5 (size before relaxing)
 .debug_str     0x000013e4       0x4f CMakeFiles/01_led.elf.dir/Core/Src/stm32f4xx_hal_msp.c.obj
                                0x1d8 (size before relaxing)
 .debug_str     0x00001433       0xcc CMakeFiles/01_led.elf.dir/Core/Src/stm32f4xx_it.c.obj
                                0x255 (size before relaxing)
 .debug_str     0x000014ff       0xe6 CMakeFiles/01_led.elf.dir/Core/Src/system_stm32f4xx.c.obj
                                0x39b (size before relaxing)
 .debug_str     0x000015e5       0x4b CMakeFiles/01_led.elf.dir/Core/Startup/startup_stm32f407zgtx.s.obj
                                 0x7f (size before relaxing)
 .debug_str     0x00001630      0x2fc CMakeFiles/01_led.elf.dir/Drivers/STM32F4xx_HAL_Driver/Src/stm32f4xx_hal.c.obj
                                0xb73 (size before relaxing)
 .debug_str     0x0000192c      0x435 CMakeFiles/01_led.elf.dir/Drivers/STM32F4xx_HAL_Driver/Src/stm32f4xx_hal_cortex.c.obj
                                0xc53 (size before relaxing)
 .debug_str     0x00001d61      0x320 CMakeFiles/01_led.elf.dir/Drivers/STM32F4xx_HAL_Driver/Src/stm32f4xx_hal_dma.c.obj
                                0x79c (size before relaxing)
 .debug_str     0x00002081      0x14d CMakeFiles/01_led.elf.dir/Drivers/STM32F4xx_HAL_Driver/Src/stm32f4xx_hal_gpio.c.obj
                                0x506 (size before relaxing)
 .debug_str     0x000021ce      0x1e2 CMakeFiles/01_led.elf.dir/Drivers/STM32F4xx_HAL_Driver/Src/stm32f4xx_hal_rcc.c.obj
                                0x716 (size before relaxing)
 .debug_str     0x000023b0      0x18e CMakeFiles/01_led.elf.dir/Drivers/STM32F4xx_HAL_Driver/Src/stm32f4xx_hal_rcc_ex.c.obj
                                0x4e2 (size before relaxing)
 .debug_str     0x0000253e      0x4b6 CMakeFiles/01_led.elf.dir/Drivers/STM32F4xx_HAL_Driver/Src/stm32f4xx_hal_rtc.c.obj
                                0x76b (size before relaxing)
 .debug_str     0x000029f4      0x566 CMakeFiles/01_led.elf.dir/Drivers/STM32F4xx_HAL_Driver/Src/stm32f4xx_hal_rtc_ex.c.obj
                                0xacb (size before relaxing)
 .debug_str     0x00002f5a      0xffa CMakeFiles/01_led.elf.dir/Drivers/STM32F4xx_HAL_Driver/Src/stm32f4xx_hal_tim.c.obj
                               0x14d1 (size before relaxing)
 .debug_str     0x00003f54      0x55d CMakeFiles/01_led.elf.dir/Drivers/STM32F4xx_HAL_Driver/Src/stm32f4xx_hal_tim_ex.c.obj
                                0xce9 (size before relaxing)
 .debug_str     0x000044b1       0xa2 CMakeFiles/01_led.elf.dir/Drivers/STM32F4xx_HAL_Driver/Src/stm32f4xx_hal_timebase_rtc_alarm_template.c.obj
                                0xbb7 (size before relaxing)
 .debug_str     0x00004553       0x7a CMakeFiles/01_led.elf.dir/Drivers/STM32F4xx_HAL_Driver/Src/stm32f4xx_hal_timebase_rtc_wakeup_template.c.obj
                                0xbd2 (size before relaxing)
 .debug_str     0x000045cd       0xb3 CMakeFiles/01_led.elf.dir/Drivers/STM32F4xx_HAL_Driver/Src/stm32f4xx_hal_timebase_tim_template.c.obj
                                0xdef (size before relaxing)
 .debug_str     0x00004680      0x4d9 CMakeFiles/01_led.elf.dir/Drivers/STM32F4xx_HAL_Driver/Src/stm32f4xx_hal_uart.c.obj
                                0xc2e (size before relaxing)

.comment        0x00000000       0x49
 .comment       0x00000000       0x49 CMakeFiles/01_led.elf.dir/Core/HARDWARE/led.c.obj
                                 0x4a (size before relaxing)
 .comment       0x00000049       0x4a CMakeFiles/01_led.elf.dir/Core/SYSTEM/delay.c.obj
 .comment       0x00000049       0x4a CMakeFiles/01_led.elf.dir/Core/SYSTEM/sys.c.obj
 .comment       0x00000049       0x4a CMakeFiles/01_led.elf.dir/Core/SYSTEM/usart.c.obj
 .comment       0x00000049       0x4a CMakeFiles/01_led.elf.dir/Core/Src/gpio.c.obj
 .comment       0x00000049       0x4a CMakeFiles/01_led.elf.dir/Core/Src/main.c.obj
 .comment       0x00000049       0x4a CMakeFiles/01_led.elf.dir/Core/Src/stm32f4xx_hal_msp.c.obj
 .comment       0x00000049       0x4a CMakeFiles/01_led.elf.dir/Core/Src/stm32f4xx_it.c.obj
 .comment       0x00000049       0x4a CMakeFiles/01_led.elf.dir/Core/Src/system_stm32f4xx.c.obj
 .comment       0x00000049       0x4a CMakeFiles/01_led.elf.dir/Drivers/STM32F4xx_HAL_Driver/Src/stm32f4xx_hal.c.obj
 .comment       0x00000049       0x4a CMakeFiles/01_led.elf.dir/Drivers/STM32F4xx_HAL_Driver/Src/stm32f4xx_hal_cortex.c.obj
 .comment       0x00000049       0x4a CMakeFiles/01_led.elf.dir/Drivers/STM32F4xx_HAL_Driver/Src/stm32f4xx_hal_dma.c.obj
 .comment       0x00000049       0x4a CMakeFiles/01_led.elf.dir/Drivers/STM32F4xx_HAL_Driver/Src/stm32f4xx_hal_gpio.c.obj
 .comment       0x00000049       0x4a CMakeFiles/01_led.elf.dir/Drivers/STM32F4xx_HAL_Driver/Src/stm32f4xx_hal_rcc.c.obj
 .comment       0x00000049       0x4a CMakeFiles/01_led.elf.dir/Drivers/STM32F4xx_HAL_Driver/Src/stm32f4xx_hal_rcc_ex.c.obj
 .comment       0x00000049       0x4a CMakeFiles/01_led.elf.dir/Drivers/STM32F4xx_HAL_Driver/Src/stm32f4xx_hal_rtc.c.obj
 .comment       0x00000049       0x4a CMakeFiles/01_led.elf.dir/Drivers/STM32F4xx_HAL_Driver/Src/stm32f4xx_hal_rtc_ex.c.obj
 .comment       0x00000049       0x4a CMakeFiles/01_led.elf.dir/Drivers/STM32F4xx_HAL_Driver/Src/stm32f4xx_hal_tim.c.obj
 .comment       0x00000049       0x4a CMakeFiles/01_led.elf.dir/Drivers/STM32F4xx_HAL_Driver/Src/stm32f4xx_hal_tim_ex.c.obj
 .comment       0x00000049       0x4a CMakeFiles/01_led.elf.dir/Drivers/STM32F4xx_HAL_Driver/Src/stm32f4xx_hal_timebase_rtc_alarm_template.c.obj
 .comment       0x00000049       0x4a CMakeFiles/01_led.elf.dir/Drivers/STM32F4xx_HAL_Driver/Src/stm32f4xx_hal_timebase_rtc_wakeup_template.c.obj
 .comment       0x00000049       0x4a CMakeFiles/01_led.elf.dir/Drivers/STM32F4xx_HAL_Driver/Src/stm32f4xx_hal_timebase_tim_template.c.obj
 .comment       0x00000049       0x4a CMakeFiles/01_led.elf.dir/Drivers/STM32F4xx_HAL_Driver/Src/stm32f4xx_hal_uart.c.obj

.debug_frame    0x00000000     0x2e20
 .debug_frame   0x00000000       0x34 CMakeFiles/01_led.elf.dir/Core/HARDWARE/led.c.obj
 .debug_frame   0x00000034       0x60 CMakeFiles/01_led.elf.dir/Core/SYSTEM/delay.c.obj
 .debug_frame   0x00000094       0x38 CMakeFiles/01_led.elf.dir/Core/SYSTEM/sys.c.obj
 .debug_frame   0x000000cc       0x90 CMakeFiles/01_led.elf.dir/Core/SYSTEM/usart.c.obj
 .debug_frame   0x0000015c       0x28 CMakeFiles/01_led.elf.dir/Core/Src/gpio.c.obj
 .debug_frame   0x00000184       0x28 CMakeFiles/01_led.elf.dir/Core/Src/main.c.obj
 .debug_frame   0x000001ac       0x30 CMakeFiles/01_led.elf.dir/Core/Src/stm32f4xx_hal_msp.c.obj
 .debug_frame   0x000001dc       0xa8 CMakeFiles/01_led.elf.dir/Core/Src/stm32f4xx_it.c.obj
 .debug_frame   0x00000284       0x30 CMakeFiles/01_led.elf.dir/Core/Src/system_stm32f4xx.c.obj
 .debug_frame   0x000002b4      0x1ec CMakeFiles/01_led.elf.dir/Drivers/STM32F4xx_HAL_Driver/Src/stm32f4xx_hal.c.obj
 .debug_frame   0x000004a0      0x148 CMakeFiles/01_led.elf.dir/Drivers/STM32F4xx_HAL_Driver/Src/stm32f4xx_hal_cortex.c.obj
 .debug_frame   0x000005e8      0x188 CMakeFiles/01_led.elf.dir/Drivers/STM32F4xx_HAL_Driver/Src/stm32f4xx_hal_dma.c.obj
 .debug_frame   0x00000770       0xd8 CMakeFiles/01_led.elf.dir/Drivers/STM32F4xx_HAL_Driver/Src/stm32f4xx_hal_gpio.c.obj
 .debug_frame   0x00000848      0x16c CMakeFiles/01_led.elf.dir/Drivers/STM32F4xx_HAL_Driver/Src/stm32f4xx_hal_rcc.c.obj
 .debug_frame   0x000009b4       0xa4 CMakeFiles/01_led.elf.dir/Drivers/STM32F4xx_HAL_Driver/Src/stm32f4xx_hal_rcc_ex.c.obj
 .debug_frame   0x00000a58      0x20c CMakeFiles/01_led.elf.dir/Drivers/STM32F4xx_HAL_Driver/Src/stm32f4xx_hal_rtc.c.obj
 .debug_frame   0x00000c64      0x380 CMakeFiles/01_led.elf.dir/Drivers/STM32F4xx_HAL_Driver/Src/stm32f4xx_hal_rtc_ex.c.obj
 .debug_frame   0x00000fe4      0xa68 CMakeFiles/01_led.elf.dir/Drivers/STM32F4xx_HAL_Driver/Src/stm32f4xx_hal_tim.c.obj
 .debug_frame   0x00001a4c      0x3ac CMakeFiles/01_led.elf.dir/Drivers/STM32F4xx_HAL_Driver/Src/stm32f4xx_hal_tim_ex.c.obj
 .debug_frame   0x00001df8       0x90 CMakeFiles/01_led.elf.dir/Drivers/STM32F4xx_HAL_Driver/Src/stm32f4xx_hal_timebase_rtc_alarm_template.c.obj
 .debug_frame   0x00001e88       0x84 CMakeFiles/01_led.elf.dir/Drivers/STM32F4xx_HAL_Driver/Src/stm32f4xx_hal_timebase_rtc_wakeup_template.c.obj
 .debug_frame   0x00001f0c       0x80 CMakeFiles/01_led.elf.dir/Drivers/STM32F4xx_HAL_Driver/Src/stm32f4xx_hal_timebase_tim_template.c.obj
 .debug_frame   0x00001f8c      0x4f4 CMakeFiles/01_led.elf.dir/Drivers/STM32F4xx_HAL_Driver/Src/stm32f4xx_hal_uart.c.obj
 .debug_frame   0x00002480       0x2c f:/arm-gcc/10 2021.10/bin/../lib/gcc/arm-none-eabi/10.3.1/thumb/v7e-m/nofp\libgcc.a(_aeabi_uldivmod.o)
 .debug_frame   0x000024ac       0x34 f:/arm-gcc/10 2021.10/bin/../lib/gcc/arm-none-eabi/10.3.1/thumb/v7e-m/nofp\libgcc.a(_udivmoddi4.o)
 .debug_frame   0x000024e0       0x2c f:/arm-gcc/10 2021.10/bin/../lib/gcc/arm-none-eabi/10.3.1/../../../../arm-none-eabi/lib/thumb/v7e-m/nofp\libg.a(lib_a-init.o)
 .debug_frame   0x0000250c       0x2c f:/arm-gcc/10 2021.10/bin/../lib/gcc/arm-none-eabi/10.3.1/../../../../arm-none-eabi/lib/thumb/v7e-m/nofp\libg.a(lib_a-memset.o)
 .debug_frame   0x00002538       0x4c f:/arm-gcc/10 2021.10/bin/../lib/gcc/arm-none-eabi/10.3.1/../../../../arm-none-eabi/lib/thumb/v7e-m/nofp\libg.a(lib_a-puts.o)
 .debug_frame   0x00002584       0x5c f:/arm-gcc/10 2021.10/bin/../lib/gcc/arm-none-eabi/10.3.1/../../../../arm-none-eabi/lib/thumb/v7e-m/nofp\libg.a(lib_a-__call_atexit.o)
 .debug_frame   0x000025e0       0x20 f:/arm-gcc/10 2021.10/bin/../lib/gcc/arm-none-eabi/10.3.1/../../../../arm-none-eabi/lib/thumb/v7e-m/nofp\libg.a(lib_a-atexit.o)
 .debug_frame   0x00002600      0x154 f:/arm-gcc/10 2021.10/bin/../lib/gcc/arm-none-eabi/10.3.1/../../../../arm-none-eabi/lib/thumb/v7e-m/nofp\libg.a(lib_a-findfp.o)
 .debug_frame   0x00002754       0x34 f:/arm-gcc/10 2021.10/bin/../lib/gcc/arm-none-eabi/10.3.1/../../../../arm-none-eabi/lib/thumb/v7e-m/nofp\libg.a(lib_a-fini.o)
 .debug_frame   0x00002788       0x64 f:/arm-gcc/10 2021.10/bin/../lib/gcc/arm-none-eabi/10.3.1/../../../../arm-none-eabi/lib/thumb/v7e-m/nofp\libg.a(lib_a-fvwrite.o)
 .debug_frame   0x000027ec       0x54 f:/arm-gcc/10 2021.10/bin/../lib/gcc/arm-none-eabi/10.3.1/../../../../arm-none-eabi/lib/thumb/v7e-m/nofp\libg.a(lib_a-fwalk.o)
 .debug_frame   0x00002840       0xb0 f:/arm-gcc/10 2021.10/bin/../lib/gcc/arm-none-eabi/10.3.1/../../../../arm-none-eabi/lib/thumb/v7e-m/nofp\libg.a(lib_a-lock.o)
 .debug_frame   0x000028f0       0x4c f:/arm-gcc/10 2021.10/bin/../lib/gcc/arm-none-eabi/10.3.1/../../../../arm-none-eabi/lib/thumb/v7e-m/nofp\libg.a(lib_a-mallocr.o)
 .debug_frame   0x0000293c       0x40 f:/arm-gcc/10 2021.10/bin/../lib/gcc/arm-none-eabi/10.3.1/../../../../arm-none-eabi/lib/thumb/v7e-m/nofp\libg.a(lib_a-memmove.o)
 .debug_frame   0x0000297c       0x30 f:/arm-gcc/10 2021.10/bin/../lib/gcc/arm-none-eabi/10.3.1/../../../../arm-none-eabi/lib/thumb/v7e-m/nofp\libg.a(lib_a-mlock.o)
 .debug_frame   0x000029ac       0x48 f:/arm-gcc/10 2021.10/bin/../lib/gcc/arm-none-eabi/10.3.1/../../../../arm-none-eabi/lib/thumb/v7e-m/nofp\libg.a(lib_a-reallocr.o)
 .debug_frame   0x000029f4       0x2c f:/arm-gcc/10 2021.10/bin/../lib/gcc/arm-none-eabi/10.3.1/../../../../arm-none-eabi/lib/thumb/v7e-m/nofp\libg.a(lib_a-sbrkr.o)
 .debug_frame   0x00002a20       0x8c f:/arm-gcc/10 2021.10/bin/../lib/gcc/arm-none-eabi/10.3.1/../../../../arm-none-eabi/lib/thumb/v7e-m/nofp\libg.a(lib_a-stdio.o)
 .debug_frame   0x00002aac       0x2c f:/arm-gcc/10 2021.10/bin/../lib/gcc/arm-none-eabi/10.3.1/../../../../arm-none-eabi/lib/thumb/v7e-m/nofp\libg.a(lib_a-writer.o)
 .debug_frame   0x00002ad8       0x2c f:/arm-gcc/10 2021.10/bin/../lib/gcc/arm-none-eabi/10.3.1/../../../../arm-none-eabi/lib/thumb/v7e-m/nofp\libg.a(lib_a-wsetup.o)
 .debug_frame   0x00002b04       0x34 f:/arm-gcc/10 2021.10/bin/../lib/gcc/arm-none-eabi/10.3.1/../../../../arm-none-eabi/lib/thumb/v7e-m/nofp\libg.a(lib_a-__atexit.o)
 .debug_frame   0x00002b38       0x2c f:/arm-gcc/10 2021.10/bin/../lib/gcc/arm-none-eabi/10.3.1/../../../../arm-none-eabi/lib/thumb/v7e-m/nofp\libg.a(lib_a-closer.o)
 .debug_frame   0x00002b64       0x3c f:/arm-gcc/10 2021.10/bin/../lib/gcc/arm-none-eabi/10.3.1/../../../../arm-none-eabi/lib/thumb/v7e-m/nofp\libg.a(lib_a-fclose.o)
 .debug_frame   0x00002ba0       0x70 f:/arm-gcc/10 2021.10/bin/../lib/gcc/arm-none-eabi/10.3.1/../../../../arm-none-eabi/lib/thumb/v7e-m/nofp\libg.a(lib_a-fflush.o)
 .debug_frame   0x00002c10       0x8c f:/arm-gcc/10 2021.10/bin/../lib/gcc/arm-none-eabi/10.3.1/../../../../arm-none-eabi/lib/thumb/v7e-m/nofp\libg.a(lib_a-freer.o)
 .debug_frame   0x00002c9c       0x2c f:/arm-gcc/10 2021.10/bin/../lib/gcc/arm-none-eabi/10.3.1/../../../../arm-none-eabi/lib/thumb/v7e-m/nofp\libg.a(lib_a-lseekr.o)
 .debug_frame   0x00002cc8       0x70 f:/arm-gcc/10 2021.10/bin/../lib/gcc/arm-none-eabi/10.3.1/../../../../arm-none-eabi/lib/thumb/v7e-m/nofp\libg.a(lib_a-makebuf.o)
 .debug_frame   0x00002d38       0x2c f:/arm-gcc/10 2021.10/bin/../lib/gcc/arm-none-eabi/10.3.1/../../../../arm-none-eabi/lib/thumb/v7e-m/nofp\libg.a(lib_a-readr.o)
 .debug_frame   0x00002d64       0x64 f:/arm-gcc/10 2021.10/bin/../lib/gcc/arm-none-eabi/10.3.1/../../../../arm-none-eabi/lib/thumb/v7e-m/nofp\libg.a(lib_a-reent.o)
 .debug_frame   0x00002dc8       0x2c f:/arm-gcc/10 2021.10/bin/../lib/gcc/arm-none-eabi/10.3.1/../../../../arm-none-eabi/lib/thumb/v7e-m/nofp\libg.a(lib_a-fstatr.o)
 .debug_frame   0x00002df4       0x2c f:/arm-gcc/10 2021.10/bin/../lib/gcc/arm-none-eabi/10.3.1/../../../../arm-none-eabi/lib/thumb/v7e-m/nofp\libg.a(lib_a-isattyr.o)

.debug_loc      0x00000000     0xaaf4
 .debug_loc     0x00000000      0x157 CMakeFiles/01_led.elf.dir/Core/SYSTEM/delay.c.obj
 .debug_loc     0x00000157       0xd2 CMakeFiles/01_led.elf.dir/Core/SYSTEM/sys.c.obj
 .debug_loc     0x00000229       0xea CMakeFiles/01_led.elf.dir/Core/SYSTEM/usart.c.obj
 .debug_loc     0x00000313      0x158 CMakeFiles/01_led.elf.dir/Core/Src/system_stm32f4xx.c.obj