Archive member included to satisfy reference by file (symbol)

f:/arm-gcc/10 2021.10/bin/../lib/gcc/arm-none-eabi/10.3.1/thumb/v7e-m/nofp\libgcc.a(_aeabi_uldivmod.o)
                              CMakeFiles/01_led2.elf.dir/Drivers/STM32F4xx_HAL_Driver/Src/stm32f4xx_hal_rcc.c.obj (__aeabi_uldivmod)
f:/arm-gcc/10 2021.10/bin/../lib/gcc/arm-none-eabi/10.3.1/thumb/v7e-m/nofp\libgcc.a(_udivmoddi4.o)
                              f:/arm-gcc/10 2021.10/bin/../lib/gcc/arm-none-eabi/10.3.1/thumb/v7e-m/nofp\libgcc.a(_aeabi_uldivmod.o) (__udivmoddi4)
f:/arm-gcc/10 2021.10/bin/../lib/gcc/arm-none-eabi/10.3.1/thumb/v7e-m/nofp\libgcc.a(_dvmd_tls.o)
                              f:/arm-gcc/10 2021.10/bin/../lib/gcc/arm-none-eabi/10.3.1/thumb/v7e-m/nofp\libgcc.a(_aeabi_uldivmod.o) (__aeabi_ldiv0)
f:/arm-gcc/10 2021.10/bin/../lib/gcc/arm-none-eabi/10.3.1/../../../../arm-none-eabi/lib/thumb/v7e-m/nofp\libg.a(lib_a-errno.o)
                              CMakeFiles/01_led2.elf.dir/Core/Src/syscalls.c.obj (__errno)
f:/arm-gcc/10 2021.10/bin/../lib/gcc/arm-none-eabi/10.3.1/../../../../arm-none-eabi/lib/thumb/v7e-m/nofp\libg.a(lib_a-exit.o)
                              f:/arm-gcc/10 2021.10/bin/../lib/gcc/arm-none-eabi/10.3.1/../../../../arm-none-eabi/lib/thumb/v7e-m/nofp/crt0.o (exit)
f:/arm-gcc/10 2021.10/bin/../lib/gcc/arm-none-eabi/10.3.1/../../../../arm-none-eabi/lib/thumb/v7e-m/nofp\libg.a(lib_a-impure.o)
                              f:/arm-gcc/10 2021.10/bin/../lib/gcc/arm-none-eabi/10.3.1/../../../../arm-none-eabi/lib/thumb/v7e-m/nofp\libg.a(lib_a-exit.o) (_global_impure_ptr)
f:/arm-gcc/10 2021.10/bin/../lib/gcc/arm-none-eabi/10.3.1/../../../../arm-none-eabi/lib/thumb/v7e-m/nofp\libg.a(lib_a-init.o)
                              f:/arm-gcc/10 2021.10/bin/../lib/gcc/arm-none-eabi/10.3.1/../../../../arm-none-eabi/lib/thumb/v7e-m/nofp/crt0.o (__libc_init_array)
f:/arm-gcc/10 2021.10/bin/../lib/gcc/arm-none-eabi/10.3.1/../../../../arm-none-eabi/lib/thumb/v7e-m/nofp\libg.a(lib_a-memset.o)
                              f:/arm-gcc/10 2021.10/bin/../lib/gcc/arm-none-eabi/10.3.1/../../../../arm-none-eabi/lib/thumb/v7e-m/nofp/crt0.o (memset)
f:/arm-gcc/10 2021.10/bin/../lib/gcc/arm-none-eabi/10.3.1/../../../../arm-none-eabi/lib/thumb/v7e-m/nofp\libg.a(lib_a-__call_atexit.o)
                              f:/arm-gcc/10 2021.10/bin/../lib/gcc/arm-none-eabi/10.3.1/../../../../arm-none-eabi/lib/thumb/v7e-m/nofp\libg.a(lib_a-exit.o) (__call_exitprocs)
f:/arm-gcc/10 2021.10/bin/../lib/gcc/arm-none-eabi/10.3.1/../../../../arm-none-eabi/lib/thumb/v7e-m/nofp\libg.a(lib_a-atexit.o)
                              f:/arm-gcc/10 2021.10/bin/../lib/gcc/arm-none-eabi/10.3.1/../../../../arm-none-eabi/lib/thumb/v7e-m/nofp\libg.a(lib_a-__call_atexit.o) (atexit)
f:/arm-gcc/10 2021.10/bin/../lib/gcc/arm-none-eabi/10.3.1/../../../../arm-none-eabi/lib/thumb/v7e-m/nofp\libg.a(lib_a-fini.o)
                              f:/arm-gcc/10 2021.10/bin/../lib/gcc/arm-none-eabi/10.3.1/../../../../arm-none-eabi/lib/thumb/v7e-m/nofp\libg.a(lib_a-__call_atexit.o) (__libc_fini_array)
f:/arm-gcc/10 2021.10/bin/../lib/gcc/arm-none-eabi/10.3.1/../../../../arm-none-eabi/lib/thumb/v7e-m/nofp\libg.a(lib_a-lock.o)
                              f:/arm-gcc/10 2021.10/bin/../lib/gcc/arm-none-eabi/10.3.1/../../../../arm-none-eabi/lib/thumb/v7e-m/nofp\libg.a(lib_a-__call_atexit.o) (__retarget_lock_acquire_recursive)
f:/arm-gcc/10 2021.10/bin/../lib/gcc/arm-none-eabi/10.3.1/../../../../arm-none-eabi/lib/thumb/v7e-m/nofp\libg.a(lib_a-__atexit.o)
                              f:/arm-gcc/10 2021.10/bin/../lib/gcc/arm-none-eabi/10.3.1/../../../../arm-none-eabi/lib/thumb/v7e-m/nofp\libg.a(lib_a-atexit.o) (__register_exitproc)

Discarded input sections

 .text          0x00000000        0x0 f:/arm-gcc/10 2021.10/bin/../lib/gcc/arm-none-eabi/10.3.1/thumb/v7e-m/nofp/crti.o
 .data          0x00000000        0x0 f:/arm-gcc/10 2021.10/bin/../lib/gcc/arm-none-eabi/10.3.1/thumb/v7e-m/nofp/crti.o
 .bss           0x00000000        0x0 f:/arm-gcc/10 2021.10/bin/../lib/gcc/arm-none-eabi/10.3.1/thumb/v7e-m/nofp/crti.o
 .data          0x00000000        0x4 f:/arm-gcc/10 2021.10/bin/../lib/gcc/arm-none-eabi/10.3.1/thumb/v7e-m/nofp/crtbegin.o
 .rodata        0x00000000       0x24 f:/arm-gcc/10 2021.10/bin/../lib/gcc/arm-none-eabi/10.3.1/thumb/v7e-m/nofp/crtbegin.o
 .text          0x00000000       0x7c f:/arm-gcc/10 2021.10/bin/../lib/gcc/arm-none-eabi/10.3.1/../../../../arm-none-eabi/lib/thumb/v7e-m/nofp/crt0.o
 .data          0x00000000        0x0 f:/arm-gcc/10 2021.10/bin/../lib/gcc/arm-none-eabi/10.3.1/../../../../arm-none-eabi/lib/thumb/v7e-m/nofp/crt0.o
 .bss           0x00000000        0x0 f:/arm-gcc/10 2021.10/bin/../lib/gcc/arm-none-eabi/10.3.1/../../../../arm-none-eabi/lib/thumb/v7e-m/nofp/crt0.o
 .ARM.extab     0x00000000        0x0 f:/arm-gcc/10 2021.10/bin/../lib/gcc/arm-none-eabi/10.3.1/../../../../arm-none-eabi/lib/thumb/v7e-m/nofp/crt0.o
[...]
Memory Configuration

Name             Origin             Length             Attributes
CCMRAM           0x10000000         0x00010000         xrw
RAM              0x20000000         0x00020000         xrw
FLASH            0x08000000         0x00100000         xr
*default*        0x00000000         0xffffffff

Linker script and memory map

LOAD f:/arm-gcc/10 2021.10/bin/../lib/gcc/arm-none-eabi/10.3.1/thumb/v7e-m/nofp/crti.o
LOAD f:/arm-gcc/10 2021.10/bin/../lib/gcc/arm-none-eabi/10.3.1/thumb/v7e-m/nofp/crtbegin.o
LOAD f:/arm-gcc/10 2021.10/bin/../lib/gcc/arm-none-eabi/10.3.1/../../../../arm-none-eabi/lib/thumb/v7e-m/nofp/crt0.o
LOAD CMakeFiles/01_led2.elf.dir/Core/Src/gpio.c.obj
LOAD CMakeFiles/01_led2.elf.dir/Core/Src/main.c.obj
LOAD CMakeFiles/01_led2.elf.dir/Core/Src/stm32f4xx_hal_msp.c.obj
LOAD CMakeFiles/01_led2.elf.dir/Core/Src/stm32f4xx_it.c.obj
LOAD CMakeFiles/01_led2.elf.dir/Core/Src/syscalls.c.obj
LOAD CMakeFiles/01_led2.elf.dir/Core/Src/sysmem.c.obj
LOAD CMakeFiles/01_led2.elf.dir/Core/Src/system_stm32f4xx.c.obj
LOAD CMakeFiles/01_led2.elf.dir/Core/Startup/startup_stm32f407zgtx.s.obj
LOAD CMakeFiles/01_led2.elf.dir/Drivers/STM32F4xx_HAL_Driver/Src/stm32f4xx_hal.c.obj
LOAD CMakeFiles/01_led2.elf.dir/Drivers/STM32F4xx_HAL_Driver/Src/stm32f4xx_hal_cortex.c.obj
LOAD CMakeFiles/01_led2.elf.dir/Drivers/STM32F4xx_HAL_Driver/Src/stm32f4xx_hal_dma.c.obj
LOAD CMakeFiles/01_led2.elf.dir/Drivers/STM32F4xx_HAL_Driver/Src/stm32f4xx_hal_dma_ex.c.obj
LOAD CMakeFiles/01_led2.elf.dir/Drivers/STM32F4xx_HAL_Driver/Src/stm32f4xx_hal_exti.c.obj
LOAD CMakeFiles/01_led2.elf.dir/Drivers/STM32F4xx_HAL_Driver/Src/stm32f4xx_hal_flash.c.obj
LOAD CMakeFiles/01_led2.elf.dir/Drivers/STM32F4xx_HAL_Driver/Src/stm32f4xx_hal_flash_ex.c.obj
LOAD CMakeFiles/01_led2.elf.dir/Drivers/STM32F4xx_HAL_Driver/Src/stm32f4xx_hal_flash_ramfunc.c.obj
LOAD CMakeFiles/01_led2.elf.dir/Drivers/STM32F4xx_HAL_Driver/Src/stm32f4xx_hal_gpio.c.obj
LOAD CMakeFiles/01_led2.elf.dir/Drivers/STM32F4xx_HAL_Driver/Src/stm32f4xx_hal_pwr.c.obj
LOAD CMakeFiles/01_led2.elf.dir/Drivers/STM32F4xx_HAL_Driver/Src/stm32f4xx_hal_pwr_ex.c.obj
LOAD CMakeFiles/01_led2.elf.dir/Drivers/STM32F4xx_HAL_Driver/Src/stm32f4xx_hal_rcc.c.obj
LOAD CMakeFiles/01_led2.elf.dir/Drivers/STM32F4xx_HAL_Driver/Src/stm32f4xx_hal_rcc_ex.c.obj
LOAD CMakeFiles/01_led2.elf.dir/Drivers/STM32F4xx_HAL_Driver/Src/stm32f4xx_hal_tim.c.obj
LOAD CMakeFiles/01_led2.elf.dir/Drivers/STM32F4xx_HAL_Driver/Src/stm32f4xx_hal_tim_ex.c.obj
START GROUP
LOAD f:/arm-gcc/10 2021.10/bin/../lib/gcc/arm-none-eabi/10.3.1/thumb/v7e-m/nofp\libgcc.a
LOAD f:/arm-gcc/10 2021.10/bin/../lib/gcc/arm-none-eabi/10.3.1/../../../../arm-none-eabi/lib/thumb/v7e-m/nofp\libg.a
LOAD f:/arm-gcc/10 2021.10/bin/../lib/gcc/arm-none-eabi/10.3.1/../../../../arm-none-eabi/lib/thumb/v7e-m/nofp\libc.a
END GROUP
LOAD f:/arm-gcc/10 2021.10/bin/../lib/gcc/arm-none-eabi/10.3.1/thumb/v7e-m/nofp/crtend.o
LOAD f:/arm-gcc/10 2021.10/bin/../lib/gcc/arm-none-eabi/10.3.1/thumb/v7e-m/nofp/crtn.o
                0x20020000                _estack = (ORIGIN (RAM) + LENGTH (RAM))
                0x00000200                _Min_Heap_Size = 0x200
                0x00000400                _Min_Stack_Size = 0x400

.isr_vector     0x08000000      0x188
                0x08000000                . = ALIGN (0x4)
 *(.isr_vector)
 .isr_vector    0x08000000      0x188 CMakeFiles/01_led2.elf.dir/Core/Startup/startup_stm32f407zgtx.s.obj
                0x08000000                g_pfnVectors
                0x08000188                . = ALIGN (0x4)

.text           0x08000188      0xe08
                0x08000188                . = ALIGN (0x4)
 *(.text)
 .text          0x08000188       0x40 f:/arm-gcc/10 2021.10/bin/../lib/gcc/arm-none-eabi/10.3.1/thumb/v7e-m/nofp/crtbegin.o
 .text          0x080001c8       0x30 f:/arm-gcc/10 2021.10/bin/../lib/gcc/arm-none-eabi/10.3.1/thumb/v7e-m/nofp\libgcc.a(_aeabi_uldivmod.o)
                0x080001c8                __aeabi_uldivmod
 .text          0x080001f8      0x2d0 f:/arm-gcc/10 2021.10/bin/../lib/gcc/arm-none-eabi/10.3.1/thumb/v7e-m/nofp\libgcc.a(_udivmoddi4.o)
                0x080001f8                __udivmoddi4
 .text          0x080004c8        0x4 f:/arm-gcc/10 2021.10/bin/../lib/gcc/arm-none-eabi/10.3.1/thumb/v7e-m/nofp\libgcc.a(_dvmd_tls.o)
                0x080004c8                __aeabi_idiv0
                0x080004c8                __aeabi_ldiv0
 *(.text*)
 .text.MX_GPIO_Init
                0x080004cc       0x24 CMakeFiles/01_led2.elf.dir/Core/Src/gpio.c.obj
                0x080004cc                MX_GPIO_Init
 .text.Error_Handler
                0x080004f0        0x4 CMakeFiles/01_led2.elf.dir/Core/Src/main.c.obj
                0x080004f0                Error_Handler
 .text.SystemClock_Config
                0x080004f4       0xa4 CMakeFiles/01_led2.elf.dir/Core/Src/main.c.obj
                0x080004f4                SystemClock_Config
 .text.main     0x08000598       0x10 CMakeFiles/01_led2.elf.dir/Core/Src/main.c.obj
                0x08000598                main
 .text.HAL_MspInit
                0x080005a8       0x38 CMakeFiles/01_led2.elf.dir/Core/Src/stm32f4xx_hal_msp.c.obj
                0x080005a8                HAL_MspInit
 .text.NMI_Handler
                0x080005e0        0x2 CMakeFiles/01_led2.elf.dir/Core/Src/stm32f4xx_it.c.obj
                0x080005e0                NMI_Handler
 .text.HardFault_Handler
                0x080005e2        0x2 CMakeFiles/01_led2.elf.dir/Core/Src/stm32f4xx_it.c.obj
                0x080005e2                HardFault_Handler
 .text.MemManage_Handler
                0x080005e4        0x2 CMakeFiles/01_led2.elf.dir/Core/Src/stm32f4xx_it.c.obj
                0x080005e4                MemManage_Handler
 .text.BusFault_Handler
                0x080005e6        0x2 CMakeFiles/01_led2.elf.dir/Core/Src/stm32f4xx_it.c.obj
                0x080005e6                BusFault_Handler
 .text.UsageFault_Handler
                0x080005e8        0x2 CMakeFiles/01_led2.elf.dir/Core/Src/stm32f4xx_it.c.obj
                0x080005e8                UsageFault_Handler
 .text.SVC_Handler
                0x080005ea        0x2 CMakeFiles/01_led2.elf.dir/Core/Src/stm32f4xx_it.c.obj
                0x080005ea                SVC_Handler
 .text.DebugMon_Handler
                0x080005ec        0x2 CMakeFiles/01_led2.elf.dir/Core/Src/stm32f4xx_it.c.obj
                0x080005ec                DebugMon_Handler
 .text.PendSV_Handler
                0x080005ee        0x2 CMakeFiles/01_led2.elf.dir/Core/Src/stm32f4xx_it.c.obj
                0x080005ee                PendSV_Handler
 .text.SysTick_Handler
                0x080005f0        0x8 CMakeFiles/01_led2.elf.dir/Core/Src/stm32f4xx_it.c.obj
                0x080005f0                SysTick_Handler
 .text.SystemInit
                0x080005f8        0x2 CMakeFiles/01_led2.elf.dir/Core/Src/system_stm32f4xx.c.obj
                0x080005f8                SystemInit
 *fill*         0x080005fa        0x2 
 .text.Reset_Handler
                0x080005fc       0x50 CMakeFiles/01_led2.elf.dir/Core/Startup/startup_stm32f407zgtx.s.obj
                0x080005fc                Reset_Handler
 .text.Default_Handler
                0x0800064c        0x2 CMakeFiles/01_led2.elf.dir/Core/Startup/startup_stm32f407zgtx.s.obj
                0x0800064c                RTC_Alarm_IRQHandler
                0x0800064c                HASH_RNG_IRQHandler
                0x0800064c                EXTI2_IRQHandler
                0x0800064c                TIM8_CC_IRQHandler
                0x0800064c                TIM1_CC_IRQHandler
                0x0800064c                DMA2_Stream5_IRQHandler
                0x0800064c                DMA1_Stream5_IRQHandler
                0x0800064c                PVD_IRQHandler
                0x0800064c                SDIO_IRQHandler
                0x0800064c                TAMP_STAMP_IRQHandler
                0x0800064c                CAN2_RX1_IRQHandler
                0x0800064c                EXTI3_IRQHandler
                0x0800064c                TIM8_TRG_COM_TIM14_IRQHandler
                0x0800064c                TIM1_UP_TIM10_IRQHandler
                0x0800064c                TIM8_UP_TIM13_IRQHandler
                0x0800064c                I2C3_ER_IRQHandler
                0x0800064c                EXTI0_IRQHandler
                0x0800064c                I2C2_EV_IRQHandler
                0x0800064c                DMA1_Stream2_IRQHandler
                0x0800064c                CAN1_RX0_IRQHandler
                0x0800064c                FPU_IRQHandler
                0x0800064c                OTG_HS_WKUP_IRQHandler
                0x0800064c                CAN2_SCE_IRQHandler
                0x0800064c                DMA2_Stream2_IRQHandler
                0x0800064c                SPI1_IRQHandler
                0x0800064c                TIM6_DAC_IRQHandler
                0x0800064c                TIM1_BRK_TIM9_IRQHandler
                0x0800064c                DCMI_IRQHandler
                0x0800064c                CAN2_RX0_IRQHandler
                0x0800064c                DMA2_Stream3_IRQHandler
                0x0800064c                USART6_IRQHandler
                0x0800064c                USART3_IRQHandler
                0x0800064c                CAN1_RX1_IRQHandler
                0x0800064c                UART5_IRQHandler
                0x0800064c                DMA2_Stream0_IRQHandler
                0x0800064c                TIM4_IRQHandler
                0x0800064c                I2C1_EV_IRQHandler
                0x0800064c                DMA1_Stream6_IRQHandler
                0x0800064c                DMA1_Stream1_IRQHandler
                0x0800064c                UART4_IRQHandler
                0x0800064c                TIM3_IRQHandler
                0x0800064c                RCC_IRQHandler
                0x0800064c                TIM8_BRK_TIM12_IRQHandler
                0x0800064c                Default_Handler
                0x0800064c                EXTI15_10_IRQHandler
                0x0800064c                ADC_IRQHandler
                0x0800064c                DMA1_Stream7_IRQHandler
                0x0800064c                TIM7_IRQHandler
                0x0800064c                CAN2_TX_IRQHandler
                0x0800064c                TIM5_IRQHandler
                0x0800064c                DMA2_Stream7_IRQHandler
                0x0800064c                I2C3_EV_IRQHandler
                0x0800064c                EXTI9_5_IRQHandler
                0x0800064c                RTC_WKUP_IRQHandler
                0x0800064c                ETH_WKUP_IRQHandler
                0x0800064c                SPI2_IRQHandler
                0x0800064c                OTG_HS_EP1_IN_IRQHandler
                0x0800064c                DMA1_Stream0_IRQHandler
                0x0800064c                CAN1_TX_IRQHandler
                0x0800064c                EXTI4_IRQHandler
                0x0800064c                FSMC_IRQHandler
                0x0800064c                ETH_IRQHandler
                0x0800064c                OTG_HS_EP1_OUT_IRQHandler
                0x0800064c                WWDG_IRQHandler
                0x0800064c                TIM2_IRQHandler
                0x0800064c                OTG_FS_WKUP_IRQHandler
                0x0800064c                TIM1_TRG_COM_TIM11_IRQHandler
                0x0800064c                OTG_HS_IRQHandler
                0x0800064c                EXTI1_IRQHandler
                0x0800064c                USART2_IRQHandler
                0x0800064c                I2C2_ER_IRQHandler
                0x0800064c                DMA2_Stream1_IRQHandler
                0x0800064c                CAN1_SCE_IRQHandler
                0x0800064c                FLASH_IRQHandler
                0x0800064c                DMA2_Stream4_IRQHandler
                0x0800064c                USART1_IRQHandler
                0x0800064c                OTG_FS_IRQHandler
                0x0800064c                SPI3_IRQHandler
                0x0800064c                DMA1_Stream4_IRQHandler
                0x0800064c                I2C1_ER_IRQHandler
                0x0800064c                DMA2_Stream6_IRQHandler
                0x0800064c                DMA1_Stream3_IRQHandler
 *fill*         0x0800064e        0x2 
 .text.HAL_InitTick
                0x08000650       0x4c CMakeFiles/01_led2.elf.dir/Drivers/STM32F4xx_HAL_Driver/Src/stm32f4xx_hal.c.obj
                0x08000650                HAL_InitTick
 .text.HAL_Init
                0x0800069c       0x34 CMakeFiles/01_led2.elf.dir/Drivers/STM32F4xx_HAL_Driver/Src/stm32f4xx_hal.c.obj
                0x0800069c                HAL_Init
 .text.HAL_IncTick
                0x080006d0       0x18 CMakeFiles/01_led2.elf.dir/Drivers/STM32F4xx_HAL_Driver/Src/stm32f4xx_hal.c.obj
                0x080006d0                HAL_IncTick
 .text.HAL_GetTick
                0x080006e8        0xc CMakeFiles/01_led2.elf.dir/Drivers/STM32F4xx_HAL_Driver/Src/stm32f4xx_hal.c.obj
                0x080006e8                HAL_GetTick
 .text.HAL_NVIC_SetPriorityGrouping
                0x080006f4       0x24 CMakeFiles/01_led2.elf.dir/Drivers/STM32F4xx_HAL_Driver/Src/stm32f4xx_hal_cortex.c.obj
                0x080006f4                HAL_NVIC_SetPriorityGrouping
 .text.HAL_NVIC_SetPriority
                0x08000718       0x70 CMakeFiles/01_led2.elf.dir/Drivers/STM32F4xx_HAL_Driver/Src/stm32f4xx_hal_cortex.c.obj
                0x08000718                HAL_NVIC_SetPriority
 .text.HAL_SYSTICK_Config
                0x08000788       0x28 CMakeFiles/01_led2.elf.dir/Drivers/STM32F4xx_HAL_Driver/Src/stm32f4xx_hal_cortex.c.obj
                0x08000788                HAL_SYSTICK_Config
 .text.HAL_RCC_OscConfig
                0x080007b0      0x3f8 CMakeFiles/01_led2.elf.dir/Drivers/STM32F4xx_HAL_Driver/Src/stm32f4xx_hal_rcc.c.obj
                0x080007b0                HAL_RCC_OscConfig
 .text.HAL_RCC_GetSysClockFreq
                0x08000ba8       0xa4 CMakeFiles/01_led2.elf.dir/Drivers/STM32F4xx_HAL_Driver/Src/stm32f4xx_hal_rcc.c.obj
                0x08000ba8                HAL_RCC_GetSysClockFreq
 .text.HAL_RCC_ClockConfig
                0x08000c4c      0x160 CMakeFiles/01_led2.elf.dir/Drivers/STM32F4xx_HAL_Driver/Src/stm32f4xx_hal_rcc.c.obj
                0x08000c4c                HAL_RCC_ClockConfig
 .text.__libc_init_array
                0x08000dac       0x48 f:/arm-gcc/10 2021.10/bin/../lib/gcc/arm-none-eabi/10.3.1/../../../../arm-none-eabi/lib/thumb/v7e-m/nofp\libg.a(lib_a-init.o)
                0x08000dac                __libc_init_array
 .text.memset   0x08000df4       0xa4 f:/arm-gcc/10 2021.10/bin/../lib/gcc/arm-none-eabi/10.3.1/../../../../arm-none-eabi/lib/thumb/v7e-m/nofp\libg.a(lib_a-memset.o)
                0x08000df4                memset
 .text.startup.register_fini
                0x08000e98       0x14 f:/arm-gcc/10 2021.10/bin/../lib/gcc/arm-none-eabi/10.3.1/../../../../arm-none-eabi/lib/thumb/v7e-m/nofp\libg.a(lib_a-__call_atexit.o)
 .text.atexit   0x08000eac        0xc f:/arm-gcc/10 2021.10/bin/../lib/gcc/arm-none-eabi/10.3.1/../../../../arm-none-eabi/lib/thumb/v7e-m/nofp\libg.a(lib_a-atexit.o)
                0x08000eac                atexit
 .text.__libc_fini_array
                0x08000eb8       0x2c f:/arm-gcc/10 2021.10/bin/../lib/gcc/arm-none-eabi/10.3.1/../../../../arm-none-eabi/lib/thumb/v7e-m/nofp\libg.a(lib_a-fini.o)
                0x08000eb8                __libc_fini_array
 .text.__retarget_lock_acquire_recursive
                0x08000ee4        0x4 f:/arm-gcc/10 2021.10/bin/../lib/gcc/arm-none-eabi/10.3.1/../../../../arm-none-eabi/lib/thumb/v7e-m/nofp\libg.a(lib_a-lock.o)
                0x08000ee4                __retarget_lock_acquire_recursive
 .text.__retarget_lock_release_recursive
                0x08000ee8        0x4 f:/arm-gcc/10 2021.10/bin/../lib/gcc/arm-none-eabi/10.3.1/../../../../arm-none-eabi/lib/thumb/v7e-m/nofp\libg.a(lib_a-lock.o)
                0x08000ee8                __retarget_lock_release_recursive
 .text.__register_exitproc
                0x08000eec       0x8c f:/arm-gcc/10 2021.10/bin/../lib/gcc/arm-none-eabi/10.3.1/../../../../arm-none-eabi/lib/thumb/v7e-m/nofp\libg.a(lib_a-__atexit.o)
                0x08000eec                __register_exitproc
 *(.glue_7)
 .glue_7        0x08000f78        0x0 linker stubs
 *(.glue_7t)
 .glue_7t       0x08000f78        0x0 linker stubs
 *(.eh_frame)
 .eh_frame      0x08000f78        0x0 f:/arm-gcc/10 2021.10/bin/../lib/gcc/arm-none-eabi/10.3.1/thumb/v7e-m/nofp/crtbegin.o
 *(.init)
 .init          0x08000f78        0x4 f:/arm-gcc/10 2021.10/bin/../lib/gcc/arm-none-eabi/10.3.1/thumb/v7e-m/nofp/crti.o
                0x08000f78                _init
 .init          0x08000f7c        0x8 f:/arm-gcc/10 2021.10/bin/../lib/gcc/arm-none-eabi/10.3.1/thumb/v7e-m/nofp/crtn.o
 *(.fini)
 .fini          0x08000f84        0x4 f:/arm-gcc/10 2021.10/bin/../lib/gcc/arm-none-eabi/10.3.1/thumb/v7e-m/nofp/crti.o
                0x08000f84                _fini
 .fini          0x08000f88        0x8 f:/arm-gcc/10 2021.10/bin/../lib/gcc/arm-none-eabi/10.3.1/thumb/v7e-m/nofp/crtn.o
                0x08000f90                . = ALIGN (0x4)
                0x08000f90                _etext = .

.vfp11_veneer   0x08000f90        0x0
 .vfp11_veneer  0x08000f90        0x0 linker stubs

.v4_bx          0x08000f90        0x0
 .v4_bx         0x08000f90        0x0 linker stubs

.iplt           0x08000f90        0x0
 .iplt          0x08000f90        0x0 f:/arm-gcc/10 2021.10/bin/../lib/gcc/arm-none-eabi/10.3.1/thumb/v7e-m/nofp/crtbegin.o

.rodata         0x08000f90       0x14
                0x08000f90                . = ALIGN (0x4)
 *(.rodata)
 *(.rodata*)
 .rodata.AHBPrescTable
                0x08000f90       0x10 CMakeFiles/01_led2.elf.dir/Core/Src/system_stm32f4xx.c.obj
                0x08000f90                AHBPrescTable
 .rodata._global_impure_ptr
                0x08000fa0        0x4 f:/arm-gcc/10 2021.10/bin/../lib/gcc/arm-none-eabi/10.3.1/../../../../arm-none-eabi/lib/thumb/v7e-m/nofp\libg.a(lib_a-impure.o)
                0x08000fa0                _global_impure_ptr
                0x08000fa4                . = ALIGN (0x4)

.ARM.extab      0x08000fa4        0x0
                0x08000fa4                . = ALIGN (0x4)
 *(.ARM.extab* .gnu.linkonce.armextab.*)
                0x08000fa4                . = ALIGN (0x4)

.ARM            0x08000fa4        0x8
                0x08000fa4                . = ALIGN (0x4)
                0x08000fa4                __exidx_start = .
 *(.ARM.exidx*)
 .ARM.exidx     0x08000fa4        0x8 f:/arm-gcc/10 2021.10/bin/../lib/gcc/arm-none-eabi/10.3.1/thumb/v7e-m/nofp\libgcc.a(_udivmoddi4.o)
                0x08000fac                __exidx_end = .
                0x08000fac                . = ALIGN (0x4)

.rel.dyn        0x08000fac        0x0
 .rel.iplt      0x08000fac        0x0 f:/arm-gcc/10 2021.10/bin/../lib/gcc/arm-none-eabi/10.3.1/thumb/v7e-m/nofp/crtbegin.o

.preinit_array  0x08000fac        0x0
                0x08000fac                . = ALIGN (0x4)
                0x08000fac                PROVIDE (__preinit_array_start = .)
 *(.preinit_array*)
                0x08000fac                PROVIDE (__preinit_array_end = .)
                0x08000fac                . = ALIGN (0x4)

.init_array     0x08000fac        0x8
                0x08000fac                . = ALIGN (0x4)
                0x08000fac                PROVIDE (__init_array_start = .)
 *(SORT_BY_NAME(.init_array.*))
 .init_array.00000
                0x08000fac        0x4 f:/arm-gcc/10 2021.10/bin/../lib/gcc/arm-none-eabi/10.3.1/../../../../arm-none-eabi/lib/thumb/v7e-m/nofp\libg.a(lib_a-__call_atexit.o)
 *(.init_array*)
 .init_array    0x08000fb0        0x4 f:/arm-gcc/10 2021.10/bin/../lib/gcc/arm-none-eabi/10.3.1/thumb/v7e-m/nofp/crtbegin.o
                0x08000fb4                PROVIDE (__init_array_end = .)
                0x08000fb4                . = ALIGN (0x4)

.fini_array     0x08000fb4        0x4
                0x08000fb4                . = ALIGN (0x4)
                0x08000fb4                PROVIDE (__fini_array_start = .)
 *(SORT_BY_NAME(.fini_array.*))
 *(.fini_array*)
 .fini_array    0x08000fb4        0x4 f:/arm-gcc/10 2021.10/bin/../lib/gcc/arm-none-eabi/10.3.1/thumb/v7e-m/nofp/crtbegin.o
                0x08000fb8                PROVIDE (__fini_array_end = .)
                0x08000fb8                . = ALIGN (0x4)
                0x08000fb8                _sidata = LOADADDR (.data)

.data           0x20000000      0x43c load address 0x08000fb8
                0x20000000                . = ALIGN (0x4)
                0x20000000                _sdata = .
 *(.data)
 *(.data*)
 .data.SystemCoreClock
                0x20000000        0x4 CMakeFiles/01_led2.elf.dir/Core/Src/system_stm32f4xx.c.obj
                0x20000000                SystemCoreClock
 .data.uwTickFreq
                0x20000004        0x1 CMakeFiles/01_led2.elf.dir/Drivers/STM32F4xx_HAL_Driver/Src/stm32f4xx_hal.c.obj
                0x20000004                uwTickFreq
 *fill*         0x20000005        0x3 
 .data.uwTickPrio
                0x20000008        0x4 CMakeFiles/01_led2.elf.dir/Drivers/STM32F4xx_HAL_Driver/Src/stm32f4xx_hal.c.obj
                0x20000008                uwTickPrio
 *fill*         0x2000000c        0x4 
 .data.impure_data
                0x20000010      0x428 f:/arm-gcc/10 2021.10/bin/../lib/gcc/arm-none-eabi/10.3.1/../../../../arm-none-eabi/lib/thumb/v7e-m/nofp\libg.a(lib_a-impure.o)
 .data.__atexit_recursive_mutex
                0x20000438        0x4 f:/arm-gcc/10 2021.10/bin/../lib/gcc/arm-none-eabi/10.3.1/../../../../arm-none-eabi/lib/thumb/v7e-m/nofp\libg.a(lib_a-__call_atexit.o)
                0x20000438                __atexit_recursive_mutex
 *(.RamFunc)
 *(.RamFunc*)
                0x2000043c                . = ALIGN (0x4)
                0x2000043c                _edata = .
                0x080013f4                _siccmram = LOADADDR (.ccmram)

.igot.plt       0x2000043c        0x0 load address 0x080013f4
 .igot.plt      0x2000043c        0x0 f:/arm-gcc/10 2021.10/bin/../lib/gcc/arm-none-eabi/10.3.1/thumb/v7e-m/nofp/crtbegin.o

.ccmram         0x10000000        0x0 load address 0x080013f4
                0x10000000                . = ALIGN (0x4)
                0x10000000                _sccmram = .
 *(.ccmram)
 *(.ccmram*)
                0x10000000                . = ALIGN (0x4)
                0x10000000                _eccmram = .
                0x10000000                . = ALIGN (0x4)

.bss            0x2000043c       0x24
                0x2000043c                _sbss = .
                0x2000043c                __bss_start__ = _sbss
 *(.bss)
 .bss           0x2000043c       0x1c f:/arm-gcc/10 2021.10/bin/../lib/gcc/arm-none-eabi/10.3.1/thumb/v7e-m/nofp/crtbegin.o
 *(.bss*)
 .bss.uwTick    0x20000458        0x4 CMakeFiles/01_led2.elf.dir/Drivers/STM32F4xx_HAL_Driver/Src/stm32f4xx_hal.c.obj
                0x20000458                uwTick
 .bss.__lock___atexit_recursive_mutex
                0x2000045c        0x1 f:/arm-gcc/10 2021.10/bin/../lib/gcc/arm-none-eabi/10.3.1/../../../../arm-none-eabi/lib/thumb/v7e-m/nofp\libg.a(lib_a-lock.o)
                0x2000045c                __lock___atexit_recursive_mutex
 *(COMMON)
                0x20000460                . = ALIGN (0x4)
 *fill*         0x2000045d        0x3 
                0x20000460                _ebss = .
                0x20000460                __bss_end__ = _ebss

._user_heap_stack
                0x20000460      0x600
                0x20000460                . = ALIGN (0x8)
                [!provide]                PROVIDE (end = .)
                0x20000460                PROVIDE (_end = .)
                0x20000660                . = (. + _Min_Heap_Size)
 *fill*         0x20000460      0x200 
                0x20000a60                . = (. + _Min_Stack_Size)
 *fill*         0x20000660      0x400 
                0x20000a60                . = ALIGN (0x8)

/DISCARD/
 libc.a(*)
 libm.a(*)
 libgcc.a(*)

.ARM.attributes
                0x00000000       0x2a
 *(.ARM.attributes)
 .ARM.attributes
                0x00000000       0x1e f:/arm-gcc/10 2021.10/bin/../lib/gcc/arm-none-eabi/10.3.1/thumb/v7e-m/nofp/crti.o
 .ARM.attributes
                0x0000001e       0x2e f:/arm-gcc/10 2021.10/bin/../lib/gcc/arm-none-eabi/10.3.1/thumb/v7e-m/nofp/crtbegin.o
 .ARM.attributes
                0x0000004c       0x2e CMakeFiles/01_led2.elf.dir/Core/Src/gpio.c.obj
 .ARM.attributes
                0x0000007a       0x2e CMakeFiles/01_led2.elf.dir/Core/Src/main.c.obj
 .ARM.attributes
                0x000000a8       0x2e CMakeFiles/01_led2.elf.dir/Core/Src/stm32f4xx_hal_msp.c.obj
 .ARM.attributes
                0x000000d6       0x2e CMakeFiles/01_led2.elf.dir/Core/Src/stm32f4xx_it.c.obj
 .ARM.attributes
                0x00000104       0x2e CMakeFiles/01_led2.elf.dir/Core/Src/system_stm32f4xx.c.obj
 .ARM.attributes
                0x00000132       0x21 CMakeFiles/01_led2.elf.dir/Core/Startup/startup_stm32f407zgtx.s.obj
 .ARM.attributes
                0x00000153       0x2e CMakeFiles/01_led2.elf.dir/Drivers/STM32F4xx_HAL_Driver/Src/stm32f4xx_hal.c.obj
 .ARM.attributes
                0x00000181       0x2e CMakeFiles/01_led2.elf.dir/Drivers/STM32F4xx_HAL_Driver/Src/stm32f4xx_hal_cortex.c.obj
 .ARM.attributes
                0x000001af       0x2e CMakeFiles/01_led2.elf.dir/Drivers/STM32F4xx_HAL_Driver/Src/stm32f4xx_hal_rcc.c.obj
 .ARM.attributes
                0x000001dd       0x1e f:/arm-gcc/10 2021.10/bin/../lib/gcc/arm-none-eabi/10.3.1/thumb/v7e-m/nofp\libgcc.a(_aeabi_uldivmod.o)
 .ARM.attributes
                0x000001fb       0x2e f:/arm-gcc/10 2021.10/bin/../lib/gcc/arm-none-eabi/10.3.1/thumb/v7e-m/nofp\libgcc.a(_udivmoddi4.o)
 .ARM.attributes
                0x00000229       0x1e f:/arm-gcc/10 2021.10/bin/../lib/gcc/arm-none-eabi/10.3.1/thumb/v7e-m/nofp\libgcc.a(_dvmd_tls.o)
 .ARM.attributes
                0x00000247       0x2e f:/arm-gcc/10 2021.10/bin/../lib/gcc/arm-none-eabi/10.3.1/../../../../arm-none-eabi/lib/thumb/v7e-m/nofp\libg.a(lib_a-impure.o)
 .ARM.attributes
                0x00000275       0x2e f:/arm-gcc/10 2021.10/bin/../lib/gcc/arm-none-eabi/10.3.1/../../../../arm-none-eabi/lib/thumb/v7e-m/nofp\libg.a(lib_a-init.o)
 .ARM.attributes
                0x000002a3       0x2e f:/arm-gcc/10 2021.10/bin/../lib/gcc/arm-none-eabi/10.3.1/../../../../arm-none-eabi/lib/thumb/v7e-m/nofp\libg.a(lib_a-memset.o)
 .ARM.attributes
                0x000002d1       0x2e f:/arm-gcc/10 2021.10/bin/../lib/gcc/arm-none-eabi/10.3.1/../../../../arm-none-eabi/lib/thumb/v7e-m/nofp\libg.a(lib_a-__call_atexit.o)
 .ARM.attributes
                0x000002ff       0x2e f:/arm-gcc/10 2021.10/bin/../lib/gcc/arm-none-eabi/10.3.1/../../../../arm-none-eabi/lib/thumb/v7e-m/nofp\libg.a(lib_a-atexit.o)
 .ARM.attributes
                0x0000032d       0x2e f:/arm-gcc/10 2021.10/bin/../lib/gcc/arm-none-eabi/10.3.1/../../../../arm-none-eabi/lib/thumb/v7e-m/nofp\libg.a(lib_a-fini.o)
 .ARM.attributes
                0x0000035b       0x2e f:/arm-gcc/10 2021.10/bin/../lib/gcc/arm-none-eabi/10.3.1/../../../../arm-none-eabi/lib/thumb/v7e-m/nofp\libg.a(lib_a-lock.o)
 .ARM.attributes
                0x00000389       0x2e f:/arm-gcc/10 2021.10/bin/../lib/gcc/arm-none-eabi/10.3.1/../../../../arm-none-eabi/lib/thumb/v7e-m/nofp\libg.a(lib_a-__atexit.o)
 .ARM.attributes
                0x000003b7       0x1e f:/arm-gcc/10 2021.10/bin/../lib/gcc/arm-none-eabi/10.3.1/thumb/v7e-m/nofp/crtn.o
OUTPUT(01_led2.elf elf32-littlearm)
LOAD linker stubs
LOAD f:/arm-gcc/10 2021.10/bin/../lib/gcc/arm-none-eabi/10.3.1/../../../../arm-none-eabi/lib/thumb/v7e-m/nofp\libc.a
LOAD f:/arm-gcc/10 2021.10/bin/../lib/gcc/arm-none-eabi/10.3.1/../../../../arm-none-eabi/lib/thumb/v7e-m/nofp\libm.a
LOAD f:/arm-gcc/10 2021.10/bin/../lib/gcc/arm-none-eabi/10.3.1/thumb/v7e-m/nofp\libgcc.a

.debug_info     0x00000000     0x350a
 .debug_info    0x00000000      0x287 CMakeFiles/01_led2.elf.dir/Core/Src/gpio.c.obj
 .debug_info    0x00000287      0x573 CMakeFiles/01_led2.elf.dir/Core/Src/main.c.obj
 .debug_info    0x000007fa      0x2a4 CMakeFiles/01_led2.elf.dir/Core/Src/stm32f4xx_hal_msp.c.obj
 .debug_info    0x00000a9e      0x12f CMakeFiles/01_led2.elf.dir/Core/Src/stm32f4xx_it.c.obj
 .debug_info    0x00000bcd      0x37d CMakeFiles/01_led2.elf.dir/Core/Src/system_stm32f4xx.c.obj
 .debug_info    0x00000f4a       0x22 CMakeFiles/01_led2.elf.dir/Core/Startup/startup_stm32f407zgtx.s.obj
 .debug_info    0x00000f6c      0x9f0 CMakeFiles/01_led2.elf.dir/Drivers/STM32F4xx_HAL_Driver/Src/stm32f4xx_hal.c.obj
 .debug_info    0x0000195c     0x10ab CMakeFiles/01_led2.elf.dir/Drivers/STM32F4xx_HAL_Driver/Src/stm32f4xx_hal_cortex.c.obj
 .debug_info    0x00002a07      0xb03 CMakeFiles/01_led2.elf.dir/Drivers/STM32F4xx_HAL_Driver/Src/stm32f4xx_hal_rcc.c.obj

.debug_abbrev   0x00000000      0xcf1
 .debug_abbrev  0x00000000       0xc6 CMakeFiles/01_led2.elf.dir/Core/Src/gpio.c.obj
 .debug_abbrev  0x000000c6      0x1b7 CMakeFiles/01_led2.elf.dir/Core/Src/main.c.obj
 .debug_abbrev  0x0000027d       0xd1 CMakeFiles/01_led2.elf.dir/Core/Src/stm32f4xx_hal_msp.c.obj
 .debug_abbrev  0x0000034e       0x7e CMakeFiles/01_led2.elf.dir/Core/Src/stm32f4xx_it.c.obj
 .debug_abbrev  0x000003cc      0x119 CMakeFiles/01_led2.elf.dir/Core/Src/system_stm32f4xx.c.obj
 .debug_abbrev  0x000004e5       0x12 CMakeFiles/01_led2.elf.dir/Core/Startup/startup_stm32f407zgtx.s.obj
 .debug_abbrev  0x000004f7      0x206 CMakeFiles/01_led2.elf.dir/Drivers/STM32F4xx_HAL_Driver/Src/stm32f4xx_hal.c.obj
 .debug_abbrev  0x000006fd      0x36a CMakeFiles/01_led2.elf.dir/Drivers/STM32F4xx_HAL_Driver/Src/stm32f4xx_hal_cortex.c.obj
 .debug_abbrev  0x00000a67      0x28a CMakeFiles/01_led2.elf.dir/Drivers/STM32F4xx_HAL_Driver/Src/stm32f4xx_hal_rcc.c.obj

.debug_aranges  0x00000000      0x348
 .debug_aranges
                0x00000000       0x20 CMakeFiles/01_led2.elf.dir/Core/Src/gpio.c.obj
 .debug_aranges
                0x00000020       0x30 CMakeFiles/01_led2.elf.dir/Core/Src/main.c.obj
 .debug_aranges
                0x00000050       0x20 CMakeFiles/01_led2.elf.dir/Core/Src/stm32f4xx_hal_msp.c.obj
 .debug_aranges
                0x00000070       0x60 CMakeFiles/01_led2.elf.dir/Core/Src/stm32f4xx_it.c.obj
 .debug_aranges
                0x000000d0       0x28 CMakeFiles/01_led2.elf.dir/Core/Src/system_stm32f4xx.c.obj
 .debug_aranges
                0x000000f8       0x28 CMakeFiles/01_led2.elf.dir/Core/Startup/startup_stm32f407zgtx.s.obj
 .debug_aranges
                0x00000120       0xf0 CMakeFiles/01_led2.elf.dir/Drivers/STM32F4xx_HAL_Driver/Src/stm32f4xx_hal.c.obj
 .debug_aranges
                0x00000210       0xb0 CMakeFiles/01_led2.elf.dir/Drivers/STM32F4xx_HAL_Driver/Src/stm32f4xx_hal_cortex.c.obj
 .debug_aranges
                0x000002c0       0x88 CMakeFiles/01_led2.elf.dir/Drivers/STM32F4xx_HAL_Driver/Src/stm32f4xx_hal_rcc.c.obj

.debug_ranges   0x00000000      0x338
 .debug_ranges  0x00000000       0x10 CMakeFiles/01_led2.elf.dir/Core/Src/gpio.c.obj
 .debug_ranges  0x00000010       0x20 CMakeFiles/01_led2.elf.dir/Core/Src/main.c.obj
 .debug_ranges  0x00000030       0x10 CMakeFiles/01_led2.elf.dir/Core/Src/stm32f4xx_hal_msp.c.obj
 .debug_ranges  0x00000040       0x50 CMakeFiles/01_led2.elf.dir/Core/Src/stm32f4xx_it.c.obj
 .debug_ranges  0x00000090       0x18 CMakeFiles/01_led2.elf.dir/Core/Src/system_stm32f4xx.c.obj
 .debug_ranges  0x000000a8       0x20 CMakeFiles/01_led2.elf.dir/Core/Startup/startup_stm32f407zgtx.s.obj
 .debug_ranges  0x000000c8       0xe0 CMakeFiles/01_led2.elf.dir/Drivers/STM32F4xx_HAL_Driver/Src/stm32f4xx_hal.c.obj
 .debug_ranges  0x000001a8      0x100 CMakeFiles/01_led2.elf.dir/Drivers/STM32F4xx_HAL_Driver/Src/stm32f4xx_hal_cortex.c.obj
 .debug_ranges  0x000002a8       0x90 CMakeFiles/01_led2.elf.dir/Drivers/STM32F4xx_HAL_Driver/Src/stm32f4xx_hal_rcc.c.obj

.debug_line     0x00000000     0x22ac
 .debug_line    0x00000000      0x13f CMakeFiles/01_led2.elf.dir/Core/Src/gpio.c.obj
 .debug_line    0x0000013f      0x34c CMakeFiles/01_led2.elf.dir/Core/Src/main.c.obj
 .debug_line    0x0000048b      0x153 CMakeFiles/01_led2.elf.dir/Core/Src/stm32f4xx_hal_msp.c.obj
 .debug_line    0x000005de      0x1ab CMakeFiles/01_led2.elf.dir/Core/Src/stm32f4xx_it.c.obj
 .debug_line    0x00000789      0x21b CMakeFiles/01_led2.elf.dir/Core/Src/system_stm32f4xx.c.obj
 .debug_line    0x000009a4       0x9e CMakeFiles/01_led2.elf.dir/Core/Startup/startup_stm32f407zgtx.s.obj
 .debug_line    0x00000a42      0x58f CMakeFiles/01_led2.elf.dir/Drivers/STM32F4xx_HAL_Driver/Src/stm32f4xx_hal.c.obj
 .debug_line    0x00000fd1      0x7bb CMakeFiles/01_led2.elf.dir/Drivers/STM32F4xx_HAL_Driver/Src/stm32f4xx_hal_cortex.c.obj
 .debug_line    0x0000178c      0xb20 CMakeFiles/01_led2.elf.dir/Drivers/STM32F4xx_HAL_Driver/Src/stm32f4xx_hal_rcc.c.obj

.debug_str      0x00000000     0x1612
 .debug_str     0x00000000      0x28b CMakeFiles/01_led2.elf.dir/Core/Src/gpio.c.obj
                                0x2cd (size before relaxing)
 .debug_str     0x0000028b      0x1e7 CMakeFiles/01_led2.elf.dir/Core/Src/main.c.obj
                                0x49a (size before relaxing)
 .debug_str     0x00000472       0x42 CMakeFiles/01_led2.elf.dir/Core/Src/stm32f4xx_hal_msp.c.obj
                                0x2d9 (size before relaxing)
 .debug_str     0x000004b4       0xcd CMakeFiles/01_led2.elf.dir/Core/Src/stm32f4xx_it.c.obj
                                0x24d (size before relaxing)
 .debug_str     0x00000581       0x9d CMakeFiles/01_led2.elf.dir/Core/Src/system_stm32f4xx.c.obj
                                0x33f (size before relaxing)
 .debug_str     0x0000061e       0x4c CMakeFiles/01_led2.elf.dir/Core/Startup/startup_stm32f407zgtx.s.obj
                                 0x77 (size before relaxing)
 .debug_str     0x0000066a      0x881 CMakeFiles/01_led2.elf.dir/Drivers/STM32F4xx_HAL_Driver/Src/stm32f4xx_hal.c.obj
                                0xb78 (size before relaxing)
 .debug_str     0x00000eeb      0x4ec CMakeFiles/01_led2.elf.dir/Drivers/STM32F4xx_HAL_Driver/Src/stm32f4xx_hal_cortex.c.obj
                                0xc61 (size before relaxing)
 .debug_str     0x000013d7      0x23b CMakeFiles/01_led2.elf.dir/Drivers/STM32F4xx_HAL_Driver/Src/stm32f4xx_hal_rcc.c.obj
                                0x724 (size before relaxing)

.comment        0x00000000       0x49
 .comment       0x00000000       0x49 CMakeFiles/01_led2.elf.dir/Core/Src/gpio.c.obj
                                 0x4a (size before relaxing)
 .comment       0x00000049       0x4a CMakeFiles/01_led2.elf.dir/Core/Src/main.c.obj
 .comment       0x00000049       0x4a CMakeFiles/01_led2.elf.dir/Core/Src/stm32f4xx_hal_msp.c.obj
 .comment       0x00000049       0x4a CMakeFiles/01_led2.elf.dir/Core/Src/stm32f4xx_it.c.obj
 .comment       0x00000049       0x4a CMakeFiles/01_led2.elf.dir/Core/Src/system_stm32f4xx.c.obj
 .comment       0x00000049       0x4a CMakeFiles/01_led2.elf.dir/Drivers/STM32F4xx_HAL_Driver/Src/stm32f4xx_hal.c.obj
 .comment       0x00000049       0x4a CMakeFiles/01_led2.elf.dir/Drivers/STM32F4xx_HAL_Driver/Src/stm32f4xx_hal_cortex.c.obj
 .comment       0x00000049       0x4a CMakeFiles/01_led2.elf.dir/Drivers/STM32F4xx_HAL_Driver/Src/stm32f4xx_hal_rcc.c.obj

.debug_frame    0x00000000      0x87c
 .debug_frame   0x00000000       0x28 CMakeFiles/01_led2.elf.dir/Core/Src/gpio.c.obj
 .debug_frame   0x00000028       0x58 CMakeFiles/01_led2.elf.dir/Core/Src/main.c.obj
 .debug_frame   0x00000080       0x28 CMakeFiles/01_led2.elf.dir/Core/Src/stm32f4xx_hal_msp.c.obj
 .debug_frame   0x000000a8       0xa8 CMakeFiles/01_led2.elf.dir/Core/Src/stm32f4xx_it.c.obj
 .debug_frame   0x00000150       0x30 CMakeFiles/01_led2.elf.dir/Core/Src/system_stm32f4xx.c.obj
 .debug_frame   0x00000180      0x1ec CMakeFiles/01_led2.elf.dir/Drivers/STM32F4xx_HAL_Driver/Src/stm32f4xx_hal.c.obj
 .debug_frame   0x0000036c      0x158 CMakeFiles/01_led2.elf.dir/Drivers/STM32F4xx_HAL_Driver/Src/stm32f4xx_hal_cortex.c.obj
 .debug_frame   0x000004c4      0x16c CMakeFiles/01_led2.elf.dir/Drivers/STM32F4xx_HAL_Driver/Src/stm32f4xx_hal_rcc.c.obj
 .debug_frame   0x00000630       0x2c f:/arm-gcc/10 2021.10/bin/../lib/gcc/arm-none-eabi/10.3.1/thumb/v7e-m/nofp\libgcc.a(_aeabi_uldivmod.o)
 .debug_frame   0x0000065c       0x34 f:/arm-gcc/10 2021.10/bin/../lib/gcc/arm-none-eabi/10.3.1/thumb/v7e-m/nofp\libgcc.a(_udivmoddi4.o)
 .debug_frame   0x00000690       0x2c f:/arm-gcc/10 2021.10/bin/../lib/gcc/arm-none-eabi/10.3.1/../../../../arm-none-eabi/lib/thumb/v7e-m/nofp\libg.a(lib_a-init.o)
 .debug_frame   0x000006bc       0x2c f:/arm-gcc/10 2021.10/bin/../lib/gcc/arm-none-eabi/10.3.1/../../../../arm-none-eabi/lib/thumb/v7e-m/nofp\libg.a(lib_a-memset.o)
 .debug_frame   0x000006e8       0x5c f:/arm-gcc/10 2021.10/bin/../lib/gcc/arm-none-eabi/10.3.1/../../../../arm-none-eabi/lib/thumb/v7e-m/nofp\libg.a(lib_a-__call_atexit.o)
 .debug_frame   0x00000744       0x20 f:/arm-gcc/10 2021.10/bin/../lib/gcc/arm-none-eabi/10.3.1/../../../../arm-none-eabi/lib/thumb/v7e-m/nofp\libg.a(lib_a-atexit.o)
 .debug_frame   0x00000764       0x34 f:/arm-gcc/10 2021.10/bin/../lib/gcc/arm-none-eabi/10.3.1/../../../../arm-none-eabi/lib/thumb/v7e-m/nofp\libg.a(lib_a-fini.o)
 .debug_frame   0x00000798       0xb0 f:/arm-gcc/10 2021.10/bin/../lib/gcc/arm-none-eabi/10.3.1/../../../../arm-none-eabi/lib/thumb/v7e-m/nofp\libg.a(lib_a-lock.o)
 .debug_frame   0x00000848       0x34 f:/arm-gcc/10 2021.10/bin/../lib/gcc/arm-none-eabi/10.3.1/../../../../arm-none-eabi/lib/thumb/v7e-m/nofp\libg.a(lib_a-__atexit.o)

.debug_loc      0x00000000      0xf69
 .debug_loc     0x00000000      0x158 CMakeFiles/01_led2.elf.dir/Core/Src/system_stm32f4xx.c.obj
 .debug_loc     0x00000158      0x141 CMakeFiles/01_led2.elf.dir/Drivers/STM32F4xx_HAL_Driver/Src/stm32f4xx_hal.c.obj
 .debug_loc     0x00000299      0x744 CMakeFiles/01_led2.elf.dir/Drivers/STM32F4xx_HAL_Driver/Src/stm32f4xx_hal_cortex.c.obj
 .debug_loc     0x000009dd      0x58c CMakeFiles/01_led2.elf.dir/Drivers/STM32F4xx_HAL_Driver/Src/stm32f4xx_hal_rcc.c.obj
