Archive member included to satisfy reference by file (symbol)

f:/arm-gcc/10 2021.10/bin/../lib/gcc/arm-none-eabi/10.3.1/thumb/v7e-m/nofp\libgcc.a(_aeabi_uldivmod.o)
                              CMakeFiles/03-key.elf.dir/Drivers/STM32F4xx_HAL_Driver/Src/stm32f4xx_hal_rcc.c.obj (__aeabi_uldivmod)
f:/arm-gcc/10 2021.10/bin/../lib/gcc/arm-none-eabi/10.3.1/thumb/v7e-m/nofp\libgcc.a(_udivmoddi4.o)
                              f:/arm-gcc/10 2021.10/bin/../lib/gcc/arm-none-eabi/10.3.1/thumb/v7e-m/nofp\libgcc.a(_aeabi_uldivmod.o) (__udivmoddi4)
f:/arm-gcc/10 2021.10/bin/../lib/gcc/arm-none-eabi/10.3.1/thumb/v7e-m/nofp\libgcc.a(_dvmd_tls.o)
                              f:/arm-gcc/10 2021.10/bin/../lib/gcc/arm-none-eabi/10.3.1/thumb/v7e-m/nofp\libgcc.a(_aeabi_uldivmod.o) (__aeabi_ldiv0)
f:/arm-gcc/10 2021.10/bin/../lib/gcc/arm-none-eabi/10.3.1/../../../../arm-none-eabi/lib/thumb/v7e-m/nofp\libg.a(lib_a-errno.o)
                              CMakeFiles/03-key.elf.dir/Core/Src/syscalls.c.obj (__errno)
f:/arm-gcc/10 2021.10/bin/../lib/gcc/arm-none-eabi/10.3.1/../../../../arm-none-eabi/lib/thumb/v7e-m/nofp\libg.a(lib_a-exit.o)
                              f:/arm-gcc/10 2021.10/bin/../lib/gcc/arm-none-eabi/10.3.1/../../../../arm-none-eabi/lib/thumb/v7e-m/nofp/crt0.o (exit)
f:/arm-gcc/10 2021.10/bin/../lib/gcc/arm-none-eabi/10.3.1/../../../../arm-none-eabi/lib/thumb/v7e-m/nofp\libg.a(lib_a-impure.o)
                              f:/arm-gcc/10 2021.10/bin/../lib/gcc/arm-none-eabi/10.3.1/../../../../arm-none-eabi/lib/thumb/v7e-m/nofp\libg.a(lib_a-exit.o) (_global_impure_ptr)
f:/arm-gcc/10 2021.10/bin/../lib/gcc/arm-none-eabi/10.3.1/../../../../arm-none-eabi/lib/thumb/v7e-m/nofp\libg.a(lib_a-init.o)
                              f:/arm-gcc/10 2021.10/bin/../lib/gcc/arm-none-eabi/10.3.1/../../../../arm-none-eabi/lib/thumb/v7e-m/nofp/crt0.o (__libc_init_array)
f:/arm-gcc/10 2021.10/bin/../lib/gcc/arm-none-eabi/10.3.1/../../../../arm-none-eabi/lib/thumb/v7e-m/nofp\libg.a(lib_a-memset.o)
                              f:/arm-gcc/10 2021.10/bin/../lib/gcc/arm-none-eabi/10.3.1/../../../../arm-none-eabi/lib/thumb/v7e-m/nofp/crt0.o (memset)
f:/arm-gcc/10 2021.10/bin/../lib/gcc/arm-none-eabi/10.3.1/../../../../arm-none-eabi/lib/thumb/v7e-m/nofp\libg.a(lib_a-printf.o)
                              CMakeFiles/03-key.elf.dir/Core/Src/main.c.obj (printf)
f:/arm-gcc/10 2021.10/bin/../lib/gcc/arm-none-eabi/10.3.1/../../../../arm-none-eabi/lib/thumb/v7e-m/nofp\libg.a(lib_a-puts.o)
                              CMakeFiles/03-key.elf.dir/Core/Src/main.c.obj (puts)
f:/arm-gcc/10 2021.10/bin/../lib/gcc/arm-none-eabi/10.3.1/../../../../arm-none-eabi/lib/thumb/v7e-m/nofp\libg.a(lib_a-strlen.o)
                              f:/arm-gcc/10 2021.10/bin/../lib/gcc/arm-none-eabi/10.3.1/../../../../arm-none-eabi/lib/thumb/v7e-m/nofp\libg.a(lib_a-puts.o) (strlen)
f:/arm-gcc/10 2021.10/bin/../lib/gcc/arm-none-eabi/10.3.1/../../../../arm-none-eabi/lib/thumb/v7e-m/nofp\libg.a(lib_a-vfprintf.o)
                              f:/arm-gcc/10 2021.10/bin/../lib/gcc/arm-none-eabi/10.3.1/../../../../arm-none-eabi/lib/thumb/v7e-m/nofp\libg.a(lib_a-printf.o) (_vfprintf_r)
f:/arm-gcc/10 2021.10/bin/../lib/gcc/arm-none-eabi/10.3.1/../../../../arm-none-eabi/lib/thumb/v7e-m/nofp\libg.a(lib_a-wsetup.o)
                              f:/arm-gcc/10 2021.10/bin/../lib/gcc/arm-none-eabi/10.3.1/../../../../arm-none-eabi/lib/thumb/v7e-m/nofp\libg.a(lib_a-vfprintf.o) (__swsetup_r)
f:/arm-gcc/10 2021.10/bin/../lib/gcc/arm-none-eabi/10.3.1/../../../../arm-none-eabi/lib/thumb/v7e-m/nofp\libg.a(lib_a-__call_atexit.o)
                              f:/arm-gcc/10 2021.10/bin/../lib/gcc/arm-none-eabi/10.3.1/../../../../arm-none-eabi/lib/thumb/v7e-m/nofp\libg.a(lib_a-exit.o) (__call_exitprocs)
f:/arm-gcc/10 2021.10/bin/../lib/gcc/arm-none-eabi/10.3.1/../../../../arm-none-eabi/lib/thumb/v7e-m/nofp\libg.a(lib_a-atexit.o)
                              f:/arm-gcc/10 2021.10/bin/../lib/gcc/arm-none-eabi/10.3.1/../../../../arm-none-eabi/lib/thumb/v7e-m/nofp\libg.a(lib_a-__call_atexit.o) (atexit)
f:/arm-gcc/10 2021.10/bin/../lib/gcc/arm-none-eabi/10.3.1/../../../../arm-none-eabi/lib/thumb/v7e-m/nofp\libg.a(lib_a-dtoa.o)
                              f:/arm-gcc/10 2021.10/bin/../lib/gcc/arm-none-eabi/10.3.1/../../../../arm-none-eabi/lib/thumb/v7e-m/nofp\libg.a(lib_a-vfprintf.o) (_dtoa_r)
f:/arm-gcc/10 2021.10/bin/../lib/gcc/arm-none-eabi/10.3.1/../../../../arm-none-eabi/lib/thumb/v7e-m/nofp\libg.a(lib_a-fflush.o)
                              f:/arm-gcc/10 2021.10/bin/../lib/gcc/arm-none-eabi/10.3.1/../../../../arm-none-eabi/lib/thumb/v7e-m/nofp\libg.a(lib_a-vfprintf.o) (_fflush_r)
f:/arm-gcc/10 2021.10/bin/../lib/gcc/arm-none-eabi/10.3.1/../../../../arm-none-eabi/lib/thumb/v7e-m/nofp\libg.a(lib_a-findfp.o)
[...]
Memory Configuration

Name             Origin             Length             Attributes
CCMRAM           0x10000000         0x00010000         xrw
RAM              0x20000000         0x00020000         xrw
FLASH            0x08000000         0x00100000         xr
*default*        0x00000000         0xffffffff

Linker script and memory map

LOAD f:/arm-gcc/10 2021.10/bin/../lib/gcc/arm-none-eabi/10.3.1/thumb/v7e-m/nofp/crti.o
LOAD f:/arm-gcc/10 2021.10/bin/../lib/gcc/arm-none-eabi/10.3.1/thumb/v7e-m/nofp/crtbegin.o
LOAD f:/arm-gcc/10 2021.10/bin/../lib/gcc/arm-none-eabi/10.3.1/../../../../arm-none-eabi/lib/thumb/v7e-m/nofp/crt0.o
LOAD CMakeFiles/03-key.elf.dir/Core/HARDWARE/key.c.obj
LOAD CMakeFiles/03-key.elf.dir/Core/HARDWARE/led.c.obj
LOAD CMakeFiles/03-key.elf.dir/Core/SYSTEM/delay.c.obj
LOAD CMakeFiles/03-key.elf.dir/Core/SYSTEM/sys.c.obj
LOAD CMakeFiles/03-key.elf.dir/Core/SYSTEM/usart.c.obj
LOAD CMakeFiles/03-key.elf.dir/Core/Src/gpio.c.obj
LOAD CMakeFiles/03-key.elf.dir/Core/Src/main.c.obj
LOAD CMakeFiles/03-key.elf.dir/Core/Src/stm32f4xx_hal_msp.c.obj
LOAD CMakeFiles/03-key.elf.dir/Core/Src/stm32f4xx_it.c.obj
LOAD CMakeFiles/03-key.elf.dir/Core/Src/syscalls.c.obj
LOAD CMakeFiles/03-key.elf.dir/Core/Src/sysmem.c.obj
LOAD CMakeFiles/03-key.elf.dir/Core/Src/system_stm32f4xx.c.obj
LOAD CMakeFiles/03-key.elf.dir/Core/Startup/startup_stm32f407zgtx.s.obj
LOAD CMakeFiles/03-key.elf.dir/Drivers/STM32F4xx_HAL_Driver/Src/stm32f4xx_hal.c.obj
LOAD CMakeFiles/03-key.elf.dir/Drivers/STM32F4xx_HAL_Driver/Src/stm32f4xx_hal_cortex.c.obj
LOAD CMakeFiles/03-key.elf.dir/Drivers/STM32F4xx_HAL_Driver/Src/stm32f4xx_hal_dma.c.obj
LOAD CMakeFiles/03-key.elf.dir/Drivers/STM32F4xx_HAL_Driver/Src/stm32f4xx_hal_dma_ex.c.obj
LOAD CMakeFiles/03-key.elf.dir/Drivers/STM32F4xx_HAL_Driver/Src/stm32f4xx_hal_exti.c.obj
LOAD CMakeFiles/03-key.elf.dir/Drivers/STM32F4xx_HAL_Driver/Src/stm32f4xx_hal_flash.c.obj
LOAD CMakeFiles/03-key.elf.dir/Drivers/STM32F4xx_HAL_Driver/Src/stm32f4xx_hal_flash_ex.c.obj
LOAD CMakeFiles/03-key.elf.dir/Drivers/STM32F4xx_HAL_Driver/Src/stm32f4xx_hal_flash_ramfunc.c.obj
LOAD CMakeFiles/03-key.elf.dir/Drivers/STM32F4xx_HAL_Driver/Src/stm32f4xx_hal_gpio.c.obj
LOAD CMakeFiles/03-key.elf.dir/Drivers/STM32F4xx_HAL_Driver/Src/stm32f4xx_hal_pwr.c.obj
LOAD CMakeFiles/03-key.elf.dir/Drivers/STM32F4xx_HAL_Driver/Src/stm32f4xx_hal_pwr_ex.c.obj
LOAD CMakeFiles/03-key.elf.dir/Drivers/STM32F4xx_HAL_Driver/Src/stm32f4xx_hal_rcc.c.obj
LOAD CMakeFiles/03-key.elf.dir/Drivers/STM32F4xx_HAL_Driver/Src/stm32f4xx_hal_rcc_ex.c.obj
LOAD CMakeFiles/03-key.elf.dir/Drivers/STM32F4xx_HAL_Driver/Src/stm32f4xx_hal_tim.c.obj
LOAD CMakeFiles/03-key.elf.dir/Drivers/STM32F4xx_HAL_Driver/Src/stm32f4xx_hal_tim_ex.c.obj
LOAD CMakeFiles/03-key.elf.dir/Drivers/STM32F4xx_HAL_Driver/Src/stm32f4xx_hal_uart.c.obj
START GROUP
LOAD f:/arm-gcc/10 2021.10/bin/../lib/gcc/arm-none-eabi/10.3.1/thumb/v7e-m/nofp\libgcc.a
LOAD f:/arm-gcc/10 2021.10/bin/../lib/gcc/arm-none-eabi/10.3.1/../../../../arm-none-eabi/lib/thumb/v7e-m/nofp\libg.a
LOAD f:/arm-gcc/10 2021.10/bin/../lib/gcc/arm-none-eabi/10.3.1/../../../../arm-none-eabi/lib/thumb/v7e-m/nofp\libc.a
END GROUP
LOAD f:/arm-gcc/10 2021.10/bin/../lib/gcc/arm-none-eabi/10.3.1/thumb/v7e-m/nofp/crtend.o
LOAD f:/arm-gcc/10 2021.10/bin/../lib/gcc/arm-none-eabi/10.3.1/thumb/v7e-m/nofp/crtn.o
                0x20020000                _estack = (ORIGIN (RAM) + LENGTH (RAM))
                0x00000200                _Min_Heap_Size = 0x200
                0x00000400                _Min_Stack_Size = 0x400

.isr_vector     0x08000000      0x188
                0x08000000                . = ALIGN (0x4)
 *(.isr_vector)
 .isr_vector    0x08000000      0x188 CMakeFiles/03-key.elf.dir/Core/Startup/startup_stm32f407zgtx.s.obj
                0x08000000                g_pfnVectors
                0x08000188                . = ALIGN (0x4)

.text           0x080001c0     0x8668
                0x080001c0                . = ALIGN (0x4)
 *(.text)
 .text          0x080001c0       0x40 f:/arm-gcc/10 2021.10/bin/../lib/gcc/arm-none-eabi/10.3.1/thumb/v7e-m/nofp/crtbegin.o
 .text          0x08000200       0x30 f:/arm-gcc/10 2021.10/bin/../lib/gcc/arm-none-eabi/10.3.1/thumb/v7e-m/nofp\libgcc.a(_aeabi_uldivmod.o)
                0x08000200                __aeabi_uldivmod
 .text          0x08000230      0x2d0 f:/arm-gcc/10 2021.10/bin/../lib/gcc/arm-none-eabi/10.3.1/thumb/v7e-m/nofp\libgcc.a(_udivmoddi4.o)
                0x08000230                __udivmoddi4
 .text          0x08000500        0x4 f:/arm-gcc/10 2021.10/bin/../lib/gcc/arm-none-eabi/10.3.1/thumb/v7e-m/nofp\libgcc.a(_dvmd_tls.o)
                0x08000500                __aeabi_idiv0
                0x08000500                __aeabi_ldiv0
 *fill*         0x08000504       0x3c 
 .text          0x08000540       0xdc f:/arm-gcc/10 2021.10/bin/../lib/gcc/arm-none-eabi/10.3.1/../../../../arm-none-eabi/lib/thumb/v7e-m/nofp\libg.a(lib_a-strlen.o)
                0x08000540                strlen
 *fill*         0x0800061c        0x4 
 .text          0x08000620       0xa0 f:/arm-gcc/10 2021.10/bin/../lib/gcc/arm-none-eabi/10.3.1/../../../../arm-none-eabi/lib/thumb/v7e-m/nofp\libg.a(lib_a-memchr.o)
                0x08000620                memchr
 .text          0x080006c0      0x134 f:/arm-gcc/10 2021.10/bin/../lib/gcc/arm-none-eabi/10.3.1/../../../../arm-none-eabi/lib/thumb/v7e-m/nofp\libg.a(lib_a-memcpy.o)
                0x080006c0                memcpy
 .text          0x080007f4      0x378 f:/arm-gcc/10 2021.10/bin/../lib/gcc/arm-none-eabi/10.3.1/thumb/v7e-m/nofp\libgcc.a(_arm_addsubdf3.o)
                0x080007f4                __aeabi_drsub
                0x080007fc                __aeabi_dsub
                0x080007fc                __subdf3
                0x08000800                __aeabi_dadd
                0x08000800                __adddf3
                0x08000a78                __floatunsidf
                0x08000a78                __aeabi_ui2d
                0x08000a98                __floatsidf
                0x08000a98                __aeabi_i2d
                0x08000abc                __aeabi_f2d
                0x08000abc                __extendsfdf2
                0x08000b00                __floatundidf
                0x08000b00                __aeabi_ul2d
                0x08000b10                __floatdidf
                0x08000b10                __aeabi_l2d
 .text          0x08000b6c      0x424 f:/arm-gcc/10 2021.10/bin/../lib/gcc/arm-none-eabi/10.3.1/thumb/v7e-m/nofp\libgcc.a(_arm_muldivdf3.o)
                0x08000b6c                __aeabi_dmul
                0x08000b6c                __muldf3
                0x08000dc0                __divdf3
                0x08000dc0                __aeabi_ddiv
 .text          0x08000f90      0x110 f:/arm-gcc/10 2021.10/bin/../lib/gcc/arm-none-eabi/10.3.1/thumb/v7e-m/nofp\libgcc.a(_arm_cmpdf2.o)
                0x08000f90                __gtdf2
                0x08000f90                __gedf2
                0x08000f98                __ltdf2
                0x08000f98                __ledf2
                0x08000fa0                __nedf2
                0x08000fa0                __eqdf2
                0x08000fa0                __cmpdf2
                0x0800101c                __aeabi_cdrcmple
                0x0800102c                __aeabi_cdcmpeq
                0x0800102c                __aeabi_cdcmple
                0x0800103c                __aeabi_dcmpeq
                0x08001050                __aeabi_dcmplt
                0x08001064                __aeabi_dcmple
                0x08001078                __aeabi_dcmpge
                0x0800108c                __aeabi_dcmpgt
 .text          0x080010a0       0x2c f:/arm-gcc/10 2021.10/bin/../lib/gcc/arm-none-eabi/10.3.1/thumb/v7e-m/nofp\libgcc.a(_arm_unorddf2.o)
                0x080010a0                __unorddf2
                0x080010a0                __aeabi_dcmpun
 .text          0x080010cc       0x50 f:/arm-gcc/10 2021.10/bin/../lib/gcc/arm-none-eabi/10.3.1/thumb/v7e-m/nofp\libgcc.a(_arm_fixdfsi.o)
                0x080010cc                __aeabi_d2iz
                0x080010cc                __fixdfsi
 *(.text*)
 .text.key_init
                0x0800111c       0x68 CMakeFiles/03-key.elf.dir/Core/HARDWARE/key.c.obj
                0x0800111c                key_init
 .text.KEY_Scan
                0x08001184       0xdc CMakeFiles/03-key.elf.dir/Core/HARDWARE/key.c.obj
                0x08001184                KEY_Scan
 .text.LED_Init
                0x08001260       0x5c CMakeFiles/03-key.elf.dir/Core/HARDWARE/led.c.obj
                0x08001260                LED_Init
 .text.delay_init
                0x080012bc       0x14 CMakeFiles/03-key.elf.dir/Core/SYSTEM/delay.c.obj
                0x080012bc                delay_init
 .text.delay_us
                0x080012d0       0x3c CMakeFiles/03-key.elf.dir/Core/SYSTEM/delay.c.obj
                0x080012d0                delay_us
 .text.delay_ms
                0x0800130c       0x18 CMakeFiles/03-key.elf.dir/Core/SYSTEM/delay.c.obj
                0x0800130c                delay_ms
 .text.Stm32_Clock_Init
                0x08001324       0xa4 CMakeFiles/03-key.elf.dir/Core/SYSTEM/sys.c.obj
                0x08001324                Stm32_Clock_Init
 .text.__io_putchar
                0x080013c8       0x18 CMakeFiles/03-key.elf.dir/Core/SYSTEM/usart.c.obj
                0x080013c8                __io_putchar
 .text.uart_init
                0x080013e0       0x38 CMakeFiles/03-key.elf.dir/Core/SYSTEM/usart.c.obj
                0x080013e0                uart_init
 .text.HAL_UART_MspInit
                0x08001418       0x84 CMakeFiles/03-key.elf.dir/Core/SYSTEM/usart.c.obj
                0x08001418                HAL_UART_MspInit
 .text.HAL_UART_RxCpltCallback
                0x0800149c       0x78 CMakeFiles/03-key.elf.dir/Core/SYSTEM/usart.c.obj
                0x0800149c                HAL_UART_RxCpltCallback
 .text.USART1_IRQHandler
                0x08001514       0x2c CMakeFiles/03-key.elf.dir/Core/SYSTEM/usart.c.obj
                0x08001514                USART1_IRQHandler
 .text.MX_GPIO_Init
                0x08001540       0x4c CMakeFiles/03-key.elf.dir/Core/Src/gpio.c.obj
                0x08001540                MX_GPIO_Init
 .text.main     0x0800158c       0x70 CMakeFiles/03-key.elf.dir/Core/Src/main.c.obj
                0x0800158c                main
 .text.HAL_MspInit
                0x080015fc       0x38 CMakeFiles/03-key.elf.dir/Core/Src/stm32f4xx_hal_msp.c.obj
                0x080015fc                HAL_MspInit
 .text.NMI_Handler
                0x08001634        0x2 CMakeFiles/03-key.elf.dir/Core/Src/stm32f4xx_it.c.obj
                0x08001634                NMI_Handler
 .text.HardFault_Handler
                0x08001636        0x2 CMakeFiles/03-key.elf.dir/Core/Src/stm32f4xx_it.c.obj
                0x08001636                HardFault_Handler
 .text.MemManage_Handler
                0x08001638        0x2 CMakeFiles/03-key.elf.dir/Core/Src/stm32f4xx_it.c.obj
                0x08001638                MemManage_Handler
 .text.BusFault_Handler
                0x0800163a        0x2 CMakeFiles/03-key.elf.dir/Core/Src/stm32f4xx_it.c.obj
                0x0800163a                BusFault_Handler
 .text.UsageFault_Handler
                0x0800163c        0x2 CMakeFiles/03-key.elf.dir/Core/Src/stm32f4xx_it.c.obj
                0x0800163c                UsageFault_Handler
 .text.SVC_Handler
                0x0800163e        0x2 CMakeFiles/03-key.elf.dir/Core/Src/stm32f4xx_it.c.obj
                0x0800163e                SVC_Handler
 .text.DebugMon_Handler
                0x08001640        0x2 CMakeFiles/03-key.elf.dir/Core/Src/stm32f4xx_it.c.obj
                0x08001640                DebugMon_Handler
 .text.PendSV_Handler
                0x08001642        0x2 CMakeFiles/03-key.elf.dir/Core/Src/stm32f4xx_it.c.obj
                0x08001642                PendSV_Handler
 .text.SysTick_Handler
                0x08001644        0x8 CMakeFiles/03-key.elf.dir/Core/Src/stm32f4xx_it.c.obj
                0x08001644                SysTick_Handler
 .text._getpid  0x0800164c        0x4 CMakeFiles/03-key.elf.dir/Core/Src/syscalls.c.obj
                0x0800164c                _getpid
 .text._kill    0x08001650       0x10 CMakeFiles/03-key.elf.dir/Core/Src/syscalls.c.obj
                0x08001650                _kill
 .text._exit    0x08001660        0xc CMakeFiles/03-key.elf.dir/Core/Src/syscalls.c.obj
                0x08001660                _exit
 .text._read    0x0800166c       0x20 CMakeFiles/03-key.elf.dir/Core/Src/syscalls.c.obj
                0x0800166c                _read
 .text._write   0x0800168c       0x1c CMakeFiles/03-key.elf.dir/Core/Src/syscalls.c.obj
                0x0800168c                _write
 .text._close   0x080016a8        0x6 CMakeFiles/03-key.elf.dir/Core/Src/syscalls.c.obj
                0x080016a8                _close
 .text._fstat   0x080016ae        0xa CMakeFiles/03-key.elf.dir/Core/Src/syscalls.c.obj
                0x080016ae                _fstat
 .text._isatty  0x080016b8        0x4 CMakeFiles/03-key.elf.dir/Core/Src/syscalls.c.obj
                0x080016b8                _isatty
 .text._lseek   0x080016bc        0x4 CMakeFiles/03-key.elf.dir/Core/Src/syscalls.c.obj
                0x080016bc                _lseek
 .text._sbrk    0x080016c0       0x48 CMakeFiles/03-key.elf.dir/Core/Src/sysmem.c.obj
                0x080016c0                _sbrk
 .text.SystemInit
                0x08001708        0x2 CMakeFiles/03-key.elf.dir/Core/Src/system_stm32f4xx.c.obj
                0x08001708                SystemInit
 *fill*         0x0800170a        0x2 
 .text.Reset_Handler
                0x0800170c       0x50 CMakeFiles/03-key.elf.dir/Core/Startup/startup_stm32f407zgtx.s.obj
                0x0800170c                Reset_Handler
 .text.Default_Handler
                0x0800175c        0x2 CMakeFiles/03-key.elf.dir/Core/Startup/startup_stm32f407zgtx.s.obj
                0x0800175c                RTC_Alarm_IRQHandler
                0x0800175c                HASH_RNG_IRQHandler
                0x0800175c                EXTI2_IRQHandler
                0x0800175c                TIM8_CC_IRQHandler
                0x0800175c                TIM1_CC_IRQHandler
                0x0800175c                DMA2_Stream5_IRQHandler
                0x0800175c                DMA1_Stream5_IRQHandler
                0x0800175c                PVD_IRQHandler
                0x0800175c                SDIO_IRQHandler
                0x0800175c                TAMP_STAMP_IRQHandler
                0x0800175c                CAN2_RX1_IRQHandler
                0x0800175c                EXTI3_IRQHandler
                0x0800175c                TIM8_TRG_COM_TIM14_IRQHandler
                0x0800175c                TIM1_UP_TIM10_IRQHandler
                0x0800175c                TIM8_UP_TIM13_IRQHandler
                0x0800175c                I2C3_ER_IRQHandler
                0x0800175c                EXTI0_IRQHandler
                0x0800175c                I2C2_EV_IRQHandler
                0x0800175c                DMA1_Stream2_IRQHandler
                0x0800175c                CAN1_RX0_IRQHandler
                0x0800175c                FPU_IRQHandler
                0x0800175c                OTG_HS_WKUP_IRQHandler
                0x0800175c                CAN2_SCE_IRQHandler
                0x0800175c                DMA2_Stream2_IRQHandler
                0x0800175c                SPI1_IRQHandler
                0x0800175c                TIM6_DAC_IRQHandler
                0x0800175c                TIM1_BRK_TIM9_IRQHandler
                0x0800175c                DCMI_IRQHandler
                0x0800175c                CAN2_RX0_IRQHandler
                0x0800175c                DMA2_Stream3_IRQHandler
                0x0800175c                USART6_IRQHandler
                0x0800175c                USART3_IRQHandler
                0x0800175c                CAN1_RX1_IRQHandler
                0x0800175c                UART5_IRQHandler
                0x0800175c                DMA2_Stream0_IRQHandler
                0x0800175c                TIM4_IRQHandler
                0x0800175c                I2C1_EV_IRQHandler
                0x0800175c                DMA1_Stream6_IRQHandler
                0x0800175c                DMA1_Stream1_IRQHandler
                0x0800175c                UART4_IRQHandler
                0x0800175c                TIM3_IRQHandler
                0x0800175c                RCC_IRQHandler
                0x0800175c                TIM8_BRK_TIM12_IRQHandler
                0x0800175c                Default_Handler
                0x0800175c                EXTI15_10_IRQHandler
                0x0800175c                ADC_IRQHandler
                0x0800175c                DMA1_Stream7_IRQHandler
                0x0800175c                TIM7_IRQHandler
                0x0800175c                CAN2_TX_IRQHandler
                0x0800175c                TIM5_IRQHandler
                0x0800175c                DMA2_Stream7_IRQHandler
                0x0800175c                I2C3_EV_IRQHandler
                0x0800175c                EXTI9_5_IRQHandler
                0x0800175c                RTC_WKUP_IRQHandler
                0x0800175c                ETH_WKUP_IRQHandler
                0x0800175c                SPI2_IRQHandler
                0x0800175c                OTG_HS_EP1_IN_IRQHandler
                0x0800175c                DMA1_Stream0_IRQHandler
                0x0800175c                CAN1_TX_IRQHandler
                0x0800175c                EXTI4_IRQHandler
                0x0800175c                FSMC_IRQHandler
                0x0800175c                ETH_IRQHandler
                0x0800175c                OTG_HS_EP1_OUT_IRQHandler
                0x0800175c                WWDG_IRQHandler
                0x0800175c                TIM2_IRQHandler
                0x0800175c                OTG_FS_WKUP_IRQHandler
                0x0800175c                TIM1_TRG_COM_TIM11_IRQHandler
                0x0800175c                OTG_HS_IRQHandler
                0x0800175c                EXTI1_IRQHandler
                0x0800175c                USART2_IRQHandler
                0x0800175c                I2C2_ER_IRQHandler
                0x0800175c                DMA2_Stream1_IRQHandler
                0x0800175c                CAN1_SCE_IRQHandler
                0x0800175c                FLASH_IRQHandler
                0x0800175c                DMA2_Stream4_IRQHandler
                0x0800175c                OTG_FS_IRQHandler
                0x0800175c                SPI3_IRQHandler
                0x0800175c                DMA1_Stream4_IRQHandler
                0x0800175c                I2C1_ER_IRQHandler
                0x0800175c                DMA2_Stream6_IRQHandler
                0x0800175c                DMA1_Stream3_IRQHandler
 *fill*         0x0800175e        0x2 
 .text.HAL_InitTick
                0x08001760       0x4c CMakeFiles/03-key.elf.dir/Drivers/STM32F4xx_HAL_Driver/Src/stm32f4xx_hal.c.obj
                0x08001760                HAL_InitTick
 .text.HAL_Init
                0x080017ac       0x34 CMakeFiles/03-key.elf.dir/Drivers/STM32F4xx_HAL_Driver/Src/stm32f4xx_hal.c.obj
                0x080017ac                HAL_Init
 .text.HAL_IncTick
                0x080017e0       0x18 CMakeFiles/03-key.elf.dir/Drivers/STM32F4xx_HAL_Driver/Src/stm32f4xx_hal.c.obj
                0x080017e0                HAL_IncTick
 .text.HAL_GetTick
                0x080017f8        0xc CMakeFiles/03-key.elf.dir/Drivers/STM32F4xx_HAL_Driver/Src/stm32f4xx_hal.c.obj
                0x080017f8                HAL_GetTick
 .text.HAL_GetREVID
                0x08001804        0xc CMakeFiles/03-key.elf.dir/Drivers/STM32F4xx_HAL_Driver/Src/stm32f4xx_hal.c.obj
                0x08001804                HAL_GetREVID
 .text.HAL_NVIC_SetPriorityGrouping
                0x08001810       0x24 CMakeFiles/03-key.elf.dir/Drivers/STM32F4xx_HAL_Driver/Src/stm32f4xx_hal_cortex.c.obj
                0x08001810                HAL_NVIC_SetPriorityGrouping
 .text.HAL_NVIC_SetPriority
                0x08001834       0x70 CMakeFiles/03-key.elf.dir/Drivers/STM32F4xx_HAL_Driver/Src/stm32f4xx_hal_cortex.c.obj
                0x08001834                HAL_NVIC_SetPriority
 .text.HAL_NVIC_EnableIRQ
                0x080018a4       0x1c CMakeFiles/03-key.elf.dir/Drivers/STM32F4xx_HAL_Driver/Src/stm32f4xx_hal_cortex.c.obj
                0x080018a4                HAL_NVIC_EnableIRQ
 .text.HAL_SYSTICK_Config
                0x080018c0       0x28 CMakeFiles/03-key.elf.dir/Drivers/STM32F4xx_HAL_Driver/Src/stm32f4xx_hal_cortex.c.obj
                0x080018c0                HAL_SYSTICK_Config
 .text.HAL_SYSTICK_CLKSourceConfig
                0x080018e8       0x20 CMakeFiles/03-key.elf.dir/Drivers/STM32F4xx_HAL_Driver/Src/stm32f4xx_hal_cortex.c.obj
                0x080018e8                HAL_SYSTICK_CLKSourceConfig
 .text.HAL_DMA_Abort
                0x08001908       0x94 CMakeFiles/03-key.elf.dir/Drivers/STM32F4xx_HAL_Driver/Src/stm32f4xx_hal_dma.c.obj
                0x08001908                HAL_DMA_Abort
 .text.HAL_DMA_Abort_IT
                0x0800199c       0x26 CMakeFiles/03-key.elf.dir/Drivers/STM32F4xx_HAL_Driver/Src/stm32f4xx_hal_dma.c.obj
                0x0800199c                HAL_DMA_Abort_IT
 *fill*         0x080019c2        0x2 
 .text.HAL_GPIO_Init
                0x080019c4      0x1e4 CMakeFiles/03-key.elf.dir/Drivers/STM32F4xx_HAL_Driver/Src/stm32f4xx_hal_gpio.c.obj
                0x080019c4                HAL_GPIO_Init
 .text.HAL_GPIO_ReadPin
                0x08001ba8        0xe CMakeFiles/03-key.elf.dir/Drivers/STM32F4xx_HAL_Driver/Src/stm32f4xx_hal_gpio.c.obj
                0x08001ba8                HAL_GPIO_ReadPin
 .text.HAL_GPIO_WritePin
                0x08001bb6        0xc CMakeFiles/03-key.elf.dir/Drivers/STM32F4xx_HAL_Driver/Src/stm32f4xx_hal_gpio.c.obj
                0x08001bb6                HAL_GPIO_WritePin
 .text.HAL_GPIO_TogglePin
                0x08001bc2       0x12 CMakeFiles/03-key.elf.dir/Drivers/STM32F4xx_HAL_Driver/Src/stm32f4xx_hal_gpio.c.obj
                0x08001bc2                HAL_GPIO_TogglePin
 .text.HAL_RCC_OscConfig
                0x08001bd4      0x3f8 CMakeFiles/03-key.elf.dir/Drivers/STM32F4xx_HAL_Driver/Src/stm32f4xx_hal_rcc.c.obj
                0x08001bd4                HAL_RCC_OscConfig
 .text.HAL_RCC_GetSysClockFreq
                0x08001fcc       0xd4 CMakeFiles/03-key.elf.dir/Drivers/STM32F4xx_HAL_Driver/Src/stm32f4xx_hal_rcc.c.obj
                0x08001fcc                HAL_RCC_GetSysClockFreq
 .text.HAL_RCC_ClockConfig
                0x080020a0      0x160 CMakeFiles/03-key.elf.dir/Drivers/STM32F4xx_HAL_Driver/Src/stm32f4xx_hal_rcc.c.obj
                0x080020a0                HAL_RCC_ClockConfig
 .text.HAL_RCC_GetHCLKFreq
                0x08002200        0xc CMakeFiles/03-key.elf.dir/Drivers/STM32F4xx_HAL_Driver/Src/stm32f4xx_hal_rcc.c.obj
                0x08002200                HAL_RCC_GetHCLKFreq
 .text.HAL_RCC_GetPCLK1Freq
                0x0800220c       0x20 CMakeFiles/03-key.elf.dir/Drivers/STM32F4xx_HAL_Driver/Src/stm32f4xx_hal_rcc.c.obj
                0x0800220c                HAL_RCC_GetPCLK1Freq
 .text.HAL_RCC_GetPCLK2Freq
                0x0800222c       0x20 CMakeFiles/03-key.elf.dir/Drivers/STM32F4xx_HAL_Driver/Src/stm32f4xx_hal_rcc.c.obj
                0x0800222c                HAL_RCC_GetPCLK2Freq
 .text.UART_EndRxTransfer
                0x0800224c       0x5c CMakeFiles/03-key.elf.dir/Drivers/STM32F4xx_HAL_Driver/Src/stm32f4xx_hal_uart.c.obj
 .text.UART_Transmit_IT
                0x080022a8       0x60 CMakeFiles/03-key.elf.dir/Drivers/STM32F4xx_HAL_Driver/Src/stm32f4xx_hal_uart.c.obj
 .text.UART_SetConfig
                0x08002308      0x110 CMakeFiles/03-key.elf.dir/Drivers/STM32F4xx_HAL_Driver/Src/stm32f4xx_hal_uart.c.obj
 .text.HAL_UART_Init
                0x08002418       0x60 CMakeFiles/03-key.elf.dir/Drivers/STM32F4xx_HAL_Driver/Src/stm32f4xx_hal_uart.c.obj
                0x08002418                HAL_UART_Init
 .text.HAL_UART_TxCpltCallback
                0x08002478        0x2 CMakeFiles/03-key.elf.dir/Drivers/STM32F4xx_HAL_Driver/Src/stm32f4xx_hal_uart.c.obj
                0x08002478                HAL_UART_TxCpltCallback
 .text.UART_EndTransmit_IT
                0x0800247a       0x1a CMakeFiles/03-key.elf.dir/Drivers/STM32F4xx_HAL_Driver/Src/stm32f4xx_hal_uart.c.obj
 .text.HAL_UART_ErrorCallback
                0x08002494        0x2 CMakeFiles/03-key.elf.dir/Drivers/STM32F4xx_HAL_Driver/Src/stm32f4xx_hal_uart.c.obj
                0x08002494                HAL_UART_ErrorCallback
 .text.UART_DMAAbortOnError
                0x08002496       0x10 CMakeFiles/03-key.elf.dir/Drivers/STM32F4xx_HAL_Driver/Src/stm32f4xx_hal_uart.c.obj
 .text.HAL_UARTEx_RxEventCallback
                0x080024a6        0x2 CMakeFiles/03-key.elf.dir/Drivers/STM32F4xx_HAL_Driver/Src/stm32f4xx_hal_uart.c.obj
                0x080024a6                HAL_UARTEx_RxEventCallback
 .text.UART_Receive_IT
                0x080024a8       0xe6 CMakeFiles/03-key.elf.dir/Drivers/STM32F4xx_HAL_Driver/Src/stm32f4xx_hal_uart.c.obj
 *fill*         0x0800258e        0x2 
 .text.HAL_UART_IRQHandler
                0x08002590      0x288 CMakeFiles/03-key.elf.dir/Drivers/STM32F4xx_HAL_Driver/Src/stm32f4xx_hal_uart.c.obj
                0x08002590                HAL_UART_IRQHandler
 .text.HAL_UART_GetState
                0x08002818        0xc CMakeFiles/03-key.elf.dir/Drivers/STM32F4xx_HAL_Driver/Src/stm32f4xx_hal_uart.c.obj
                0x08002818                HAL_UART_GetState
 .text.UART_Start_Receive_IT
                0x08002824       0x36 CMakeFiles/03-key.elf.dir/Drivers/STM32F4xx_HAL_Driver/Src/stm32f4xx_hal_uart.c.obj
                0x08002824                UART_Start_Receive_IT
 .text.HAL_UART_Receive_IT
                0x0800285a       0x26 CMakeFiles/03-key.elf.dir/Drivers/STM32F4xx_HAL_Driver/Src/stm32f4xx_hal_uart.c.obj
                0x0800285a                HAL_UART_Receive_IT
 .text.__errno  0x08002880        0xc f:/arm-gcc/10 2021.10/bin/../lib/gcc/arm-none-eabi/10.3.1/../../../../arm-none-eabi/lib/thumb/v7e-m/nofp\libg.a(lib_a-errno.o)
                0x08002880                __errno
 .text.__libc_init_array
                0x0800288c       0x48 f:/arm-gcc/10 2021.10/bin/../lib/gcc/arm-none-eabi/10.3.1/../../../../arm-none-eabi/lib/thumb/v7e-m/nofp\libg.a(lib_a-init.o)
                0x0800288c                __libc_init_array
 .text.memset   0x080028d4       0xa4 f:/arm-gcc/10 2021.10/bin/../lib/gcc/arm-none-eabi/10.3.1/../../../../arm-none-eabi/lib/thumb/v7e-m/nofp\libg.a(lib_a-memset.o)
                0x080028d4                memset
 .text.printf   0x08002978       0x28 f:/arm-gcc/10 2021.10/bin/../lib/gcc/arm-none-eabi/10.3.1/../../../../arm-none-eabi/lib/thumb/v7e-m/nofp\libg.a(lib_a-printf.o)
                0x08002978                printf
 .text._puts_r  0x080029a0       0x9c f:/arm-gcc/10 2021.10/bin/../lib/gcc/arm-none-eabi/10.3.1/../../../../arm-none-eabi/lib/thumb/v7e-m/nofp\libg.a(lib_a-puts.o)
                0x080029a0                _puts_r
 .text.puts     0x08002a3c       0x10 f:/arm-gcc/10 2021.10/bin/../lib/gcc/arm-none-eabi/10.3.1/../../../../arm-none-eabi/lib/thumb/v7e-m/nofp\libg.a(lib_a-puts.o)
                0x08002a3c                puts
 .text._vfprintf_r
                0x08002a4c     0x1ad4 f:/arm-gcc/10 2021.10/bin/../lib/gcc/arm-none-eabi/10.3.1/../../../../arm-none-eabi/lib/thumb/v7e-m/nofp\libg.a(lib_a-vfprintf.o)
                0x08002a4c                _vfprintf_r
 .text.__sbprintf
                0x08004520       0x80 f:/arm-gcc/10 2021.10/bin/../lib/gcc/arm-none-eabi/10.3.1/../../../../arm-none-eabi/lib/thumb/v7e-m/nofp\libg.a(lib_a-vfprintf.o)
 .text.__swsetup_r
                0x080045a0       0xd4 f:/arm-gcc/10 2021.10/bin/../lib/gcc/arm-none-eabi/10.3.1/../../../../arm-none-eabi/lib/thumb/v7e-m/nofp\libg.a(lib_a-wsetup.o)
                0x080045a0                __swsetup_r
 .text.startup.register_fini
                0x08004674       0x14 f:/arm-gcc/10 2021.10/bin/../lib/gcc/arm-none-eabi/10.3.1/../../../../arm-none-eabi/lib/thumb/v7e-m/nofp\libg.a(lib_a-__call_atexit.o)
 .text.atexit   0x08004688        0xc f:/arm-gcc/10 2021.10/bin/../lib/gcc/arm-none-eabi/10.3.1/../../../../arm-none-eabi/lib/thumb/v7e-m/nofp\libg.a(lib_a-atexit.o)
                0x08004688                atexit
 .text.quorem   0x08004694      0x124 f:/arm-gcc/10 2021.10/bin/../lib/gcc/arm-none-eabi/10.3.1/../../../../arm-none-eabi/lib/thumb/v7e-m/nofp\libg.a(lib_a-dtoa.o)
 .text._dtoa_r  0x080047b8      0xec4 f:/arm-gcc/10 2021.10/bin/../lib/gcc/arm-none-eabi/10.3.1/../../../../arm-none-eabi/lib/thumb/v7e-m/nofp\libg.a(lib_a-dtoa.o)
                0x080047b8                _dtoa_r
 .text.__sflush_r
                0x0800567c      0x120 f:/arm-gcc/10 2021.10/bin/../lib/gcc/arm-none-eabi/10.3.1/../../../../arm-none-eabi/lib/thumb/v7e-m/nofp\libg.a(lib_a-fflush.o)
                0x0800567c                __sflush_r
 .text._fflush_r
                0x0800579c       0x5c f:/arm-gcc/10 2021.10/bin/../lib/gcc/arm-none-eabi/10.3.1/../../../../arm-none-eabi/lib/thumb/v7e-m/nofp\libg.a(lib_a-fflush.o)
                0x0800579c                _fflush_r
 .text._cleanup_r
                0x080057f8        0xc f:/arm-gcc/10 2021.10/bin/../lib/gcc/arm-none-eabi/10.3.1/../../../../arm-none-eabi/lib/thumb/v7e-m/nofp\libg.a(lib_a-findfp.o)
                0x080057f8                _cleanup_r
 .text.__sinit  0x08005804      0x10c f:/arm-gcc/10 2021.10/bin/../lib/gcc/arm-none-eabi/10.3.1/../../../../arm-none-eabi/lib/thumb/v7e-m/nofp\libg.a(lib_a-findfp.o)
                0x08005804                __sinit
 .text.__sfp_lock_acquire
                0x08005910        0xc f:/arm-gcc/10 2021.10/bin/../lib/gcc/arm-none-eabi/10.3.1/../../../../arm-none-eabi/lib/thumb/v7e-m/nofp\libg.a(lib_a-findfp.o)
                0x08005910                __sfp_lock_acquire
 .text.__sfp_lock_release
                0x0800591c        0xc f:/arm-gcc/10 2021.10/bin/../lib/gcc/arm-none-eabi/10.3.1/../../../../arm-none-eabi/lib/thumb/v7e-m/nofp\libg.a(lib_a-findfp.o)
                0x0800591c                __sfp_lock_release
 .text.__libc_fini_array
                0x08005928       0x2c f:/arm-gcc/10 2021.10/bin/../lib/gcc/arm-none-eabi/10.3.1/../../../../arm-none-eabi/lib/thumb/v7e-m/nofp\libg.a(lib_a-fini.o)
                0x08005928                __libc_fini_array
 .text._malloc_trim_r
                0x08005954       0xa0 f:/arm-gcc/10 2021.10/bin/../lib/gcc/arm-none-eabi/10.3.1/../../../../arm-none-eabi/lib/thumb/v7e-m/nofp\libg.a(lib_a-freer.o)
                0x08005954                _malloc_trim_r
 .text._free_r  0x080059f4      0x20c f:/arm-gcc/10 2021.10/bin/../lib/gcc/arm-none-eabi/10.3.1/../../../../arm-none-eabi/lib/thumb/v7e-m/nofp\libg.a(lib_a-freer.o)
                0x080059f4                _free_r
 .text.__sfvwrite_r
                0x08005c00      0x2e8 f:/arm-gcc/10 2021.10/bin/../lib/gcc/arm-none-eabi/10.3.1/../../../../arm-none-eabi/lib/thumb/v7e-m/nofp\libg.a(lib_a-fvwrite.o)
                0x08005c00                __sfvwrite_r
 .text._fwalk_reent
                0x08005ee8       0x48 f:/arm-gcc/10 2021.10/bin/../lib/gcc/arm-none-eabi/10.3.1/../../../../arm-none-eabi/lib/thumb/v7e-m/nofp\libg.a(lib_a-fwalk.o)
                0x08005ee8                _fwalk_reent
 .text._localeconv_r
                0x08005f30        0x8 f:/arm-gcc/10 2021.10/bin/../lib/gcc/arm-none-eabi/10.3.1/../../../../arm-none-eabi/lib/thumb/v7e-m/nofp\libg.a(lib_a-localeconv.o)
                0x08005f30                _localeconv_r
 .text.__retarget_lock_init_recursive
                0x08005f38        0x4 f:/arm-gcc/10 2021.10/bin/../lib/gcc/arm-none-eabi/10.3.1/../../../../arm-none-eabi/lib/thumb/v7e-m/nofp\libg.a(lib_a-lock.o)
                0x08005f38                __retarget_lock_init_recursive
 .text.__retarget_lock_close_recursive
                0x08005f3c        0x4 f:/arm-gcc/10 2021.10/bin/../lib/gcc/arm-none-eabi/10.3.1/../../../../arm-none-eabi/lib/thumb/v7e-m/nofp\libg.a(lib_a-lock.o)
                0x08005f3c                __retarget_lock_close_recursive
 .text.__retarget_lock_acquire_recursive
                0x08005f40        0x4 f:/arm-gcc/10 2021.10/bin/../lib/gcc/arm-none-eabi/10.3.1/../../../../arm-none-eabi/lib/thumb/v7e-m/nofp\libg.a(lib_a-lock.o)
                0x08005f40                __retarget_lock_acquire_recursive
 .text.__retarget_lock_release_recursive
                0x08005f44        0x4 f:/arm-gcc/10 2021.10/bin/../lib/gcc/arm-none-eabi/10.3.1/../../../../arm-none-eabi/lib/thumb/v7e-m/nofp\libg.a(lib_a-lock.o)
                0x08005f44                __retarget_lock_release_recursive
 .text.__smakebuf_r
                0x08005f48       0xe0 f:/arm-gcc/10 2021.10/bin/../lib/gcc/arm-none-eabi/10.3.1/../../../../arm-none-eabi/lib/thumb/v7e-m/nofp\libg.a(lib_a-makebuf.o)
                0x08005f48                __smakebuf_r
 .text._malloc_r
                0x08006028      0x560 f:/arm-gcc/10 2021.10/bin/../lib/gcc/arm-none-eabi/10.3.1/../../../../arm-none-eabi/lib/thumb/v7e-m/nofp\libg.a(lib_a-mallocr.o)
                0x08006028                _malloc_r
 .text.memmove  0x08006588       0xf8 f:/arm-gcc/10 2021.10/bin/../lib/gcc/arm-none-eabi/10.3.1/../../../../arm-none-eabi/lib/thumb/v7e-m/nofp\libg.a(lib_a-memmove.o)
                0x08006588                memmove
 .text.__malloc_lock
                0x08006680        0xc f:/arm-gcc/10 2021.10/bin/../lib/gcc/arm-none-eabi/10.3.1/../../../../arm-none-eabi/lib/thumb/v7e-m/nofp\libg.a(lib_a-mlock.o)
                0x08006680                __malloc_lock
 .text.__malloc_unlock
                0x0800668c        0xc f:/arm-gcc/10 2021.10/bin/../lib/gcc/arm-none-eabi/10.3.1/../../../../arm-none-eabi/lib/thumb/v7e-m/nofp\libg.a(lib_a-mlock.o)
                0x0800668c                __malloc_unlock
 .text._Balloc  0x08006698       0x4c f:/arm-gcc/10 2021.10/bin/../lib/gcc/arm-none-eabi/10.3.1/../../../../arm-none-eabi/lib/thumb/v7e-m/nofp\libg.a(lib_a-mprec.o)
                0x08006698                _Balloc
 .text._Bfree   0x080066e4       0x14 f:/arm-gcc/10 2021.10/bin/../lib/gcc/arm-none-eabi/10.3.1/../../../../arm-none-eabi/lib/thumb/v7e-m/nofp\libg.a(lib_a-mprec.o)
                0x080066e4                _Bfree
 .text.__multadd
                0x080066f8       0xa0 f:/arm-gcc/10 2021.10/bin/../lib/gcc/arm-none-eabi/10.3.1/../../../../arm-none-eabi/lib/thumb/v7e-m/nofp\libg.a(lib_a-mprec.o)
                0x080066f8                __multadd
 .text.__hi0bits
                0x08006798       0x40 f:/arm-gcc/10 2021.10/bin/../lib/gcc/arm-none-eabi/10.3.1/../../../../arm-none-eabi/lib/thumb/v7e-m/nofp\libg.a(lib_a-mprec.o)
                0x08006798                __hi0bits
 .text.__lo0bits
                0x080067d8       0x5c f:/arm-gcc/10 2021.10/bin/../lib/gcc/arm-none-eabi/10.3.1/../../../../arm-none-eabi/lib/thumb/v7e-m/nofp\libg.a(lib_a-mprec.o)
                0x080067d8                __lo0bits
 .text.__i2b    0x08006834       0x5c f:/arm-gcc/10 2021.10/bin/../lib/gcc/arm-none-eabi/10.3.1/../../../../arm-none-eabi/lib/thumb/v7e-m/nofp\libg.a(lib_a-mprec.o)
                0x08006834                __i2b
 .text.__multiply
                0x08006890      0x15c f:/arm-gcc/10 2021.10/bin/../lib/gcc/arm-none-eabi/10.3.1/../../../../arm-none-eabi/lib/thumb/v7e-m/nofp\libg.a(lib_a-mprec.o)
                0x08006890                __multiply
 .text.__pow5mult
                0x080069ec       0xc0 f:/arm-gcc/10 2021.10/bin/../lib/gcc/arm-none-eabi/10.3.1/../../../../arm-none-eabi/lib/thumb/v7e-m/nofp\libg.a(lib_a-mprec.o)
                0x080069ec                __pow5mult
 .text.__lshift
                0x08006aac       0xf0 f:/arm-gcc/10 2021.10/bin/../lib/gcc/arm-none-eabi/10.3.1/../../../../arm-none-eabi/lib/thumb/v7e-m/nofp\libg.a(lib_a-mprec.o)
                0x08006aac                __lshift
 .text.__mcmp   0x08006b9c       0x40 f:/arm-gcc/10 2021.10/bin/../lib/gcc/arm-none-eabi/10.3.1/../../../../arm-none-eabi/lib/thumb/v7e-m/nofp\libg.a(lib_a-mprec.o)
                0x08006b9c                __mcmp
 .text.__mdiff  0x08006bdc      0x14c f:/arm-gcc/10 2021.10/bin/../lib/gcc/arm-none-eabi/10.3.1/../../../../arm-none-eabi/lib/thumb/v7e-m/nofp\libg.a(lib_a-mprec.o)
                0x08006bdc                __mdiff
 .text.__d2b    0x08006d28       0xc4 f:/arm-gcc/10 2021.10/bin/../lib/gcc/arm-none-eabi/10.3.1/../../../../arm-none-eabi/lib/thumb/v7e-m/nofp\libg.a(lib_a-mprec.o)
                0x08006d28                __d2b
 .text._realloc_r
                0x08006dec      0x3d8 f:/arm-gcc/10 2021.10/bin/../lib/gcc/arm-none-eabi/10.3.1/../../../../arm-none-eabi/lib/thumb/v7e-m/nofp\libg.a(lib_a-reallocr.o)
                0x08006dec                _realloc_r
 .text.frexp    0x080071c4       0x70 f:/arm-gcc/10 2021.10/bin/../lib/gcc/arm-none-eabi/10.3.1/../../../../arm-none-eabi/lib/thumb/v7e-m/nofp\libg.a(lib_a-s_frexp.o)
                0x080071c4                frexp
 .text._sbrk_r  0x08007234       0x24 f:/arm-gcc/10 2021.10/bin/../lib/gcc/arm-none-eabi/10.3.1/../../../../arm-none-eabi/lib/thumb/v7e-m/nofp\libg.a(lib_a-sbrkr.o)
                0x08007234                _sbrk_r
 .text.__sread  0x08007258       0x24 f:/arm-gcc/10 2021.10/bin/../lib/gcc/arm-none-eabi/10.3.1/../../../../arm-none-eabi/lib/thumb/v7e-m/nofp\libg.a(lib_a-stdio.o)
                0x08007258                __sread
 .text.__swrite
                0x0800727c       0x40 f:/arm-gcc/10 2021.10/bin/../lib/gcc/arm-none-eabi/10.3.1/../../../../arm-none-eabi/lib/thumb/v7e-m/nofp\libg.a(lib_a-stdio.o)
                0x0800727c                __swrite
 .text.__sseek  0x080072bc       0x20 f:/arm-gcc/10 2021.10/bin/../lib/gcc/arm-none-eabi/10.3.1/../../../../arm-none-eabi/lib/thumb/v7e-m/nofp\libg.a(lib_a-stdio.o)
                0x080072bc                __sseek
 .text.__sclose
                0x080072dc        0x8 f:/arm-gcc/10 2021.10/bin/../lib/gcc/arm-none-eabi/10.3.1/../../../../arm-none-eabi/lib/thumb/v7e-m/nofp\libg.a(lib_a-stdio.o)
                0x080072dc                __sclose
 .text.strncpy  0x080072e4       0x64 f:/arm-gcc/10 2021.10/bin/../lib/gcc/arm-none-eabi/10.3.1/../../../../arm-none-eabi/lib/thumb/v7e-m/nofp\libg.a(lib_a-strncpy.o)
                0x080072e4                strncpy
 .text.__sprint_r.part.0
                0x08007348       0x78 f:/arm-gcc/10 2021.10/bin/../lib/gcc/arm-none-eabi/10.3.1/../../../../arm-none-eabi/lib/thumb/v7e-m/nofp\libg.a(lib_a-vfiprintf.o)
 .text.__sprint_r
                0x080073c0       0x14 f:/arm-gcc/10 2021.10/bin/../lib/gcc/arm-none-eabi/10.3.1/../../../../arm-none-eabi/lib/thumb/v7e-m/nofp\libg.a(lib_a-vfiprintf.o)
                0x080073c0                __sprint_r
 .text._vfiprintf_r
                0x080073d4      0xda0 f:/arm-gcc/10 2021.10/bin/../lib/gcc/arm-none-eabi/10.3.1/../../../../arm-none-eabi/lib/thumb/v7e-m/nofp\libg.a(lib_a-vfiprintf.o)
                0x080073d4                _vfiprintf_r
 .text.__sbprintf
                0x08008174       0x80 f:/arm-gcc/10 2021.10/bin/../lib/gcc/arm-none-eabi/10.3.1/../../../../arm-none-eabi/lib/thumb/v7e-m/nofp\libg.a(lib_a-vfiprintf.o)
 .text._write_r
                0x080081f4       0x2c f:/arm-gcc/10 2021.10/bin/../lib/gcc/arm-none-eabi/10.3.1/../../../../arm-none-eabi/lib/thumb/v7e-m/nofp\libg.a(lib_a-writer.o)
                0x080081f4                _write_r
 .text.__register_exitproc
                0x08008220       0x8c f:/arm-gcc/10 2021.10/bin/../lib/gcc/arm-none-eabi/10.3.1/../../../../arm-none-eabi/lib/thumb/v7e-m/nofp\libg.a(lib_a-__atexit.o)
                0x08008220                __register_exitproc
 .text.__assert_func
                0x080082ac       0x40 f:/arm-gcc/10 2021.10/bin/../lib/gcc/arm-none-eabi/10.3.1/../../../../arm-none-eabi/lib/thumb/v7e-m/nofp\libg.a(lib_a-assert.o)
                0x080082ac                __assert_func
 .text._calloc_r
                0x080082ec       0x78 f:/arm-gcc/10 2021.10/bin/../lib/gcc/arm-none-eabi/10.3.1/../../../../arm-none-eabi/lib/thumb/v7e-m/nofp\libg.a(lib_a-callocr.o)
                0x080082ec                _calloc_r
 .text._close_r
                0x08008364       0x24 f:/arm-gcc/10 2021.10/bin/../lib/gcc/arm-none-eabi/10.3.1/../../../../arm-none-eabi/lib/thumb/v7e-m/nofp\libg.a(lib_a-closer.o)
                0x08008364                _close_r
 .text._fclose_r
                0x08008388       0xcc f:/arm-gcc/10 2021.10/bin/../lib/gcc/arm-none-eabi/10.3.1/../../../../arm-none-eabi/lib/thumb/v7e-m/nofp\libg.a(lib_a-fclose.o)
                0x08008388                _fclose_r
 .text.fiprintf
                0x08008454       0x28 f:/arm-gcc/10 2021.10/bin/../lib/gcc/arm-none-eabi/10.3.1/../../../../arm-none-eabi/lib/thumb/v7e-m/nofp\libg.a(lib_a-fiprintf.o)
                0x08008454                fiprintf
 .text.__fputwc
                0x0800847c       0xa8 f:/arm-gcc/10 2021.10/bin/../lib/gcc/arm-none-eabi/10.3.1/../../../../arm-none-eabi/lib/thumb/v7e-m/nofp\libg.a(lib_a-fputwc.o)
                0x0800847c                __fputwc
 .text._fputwc_r
                0x08008524       0x68 f:/arm-gcc/10 2021.10/bin/../lib/gcc/arm-none-eabi/10.3.1/../../../../arm-none-eabi/lib/thumb/v7e-m/nofp\libg.a(lib_a-fputwc.o)
                0x08008524                _fputwc_r
 .text._fstat_r
                0x0800858c       0x2c f:/arm-gcc/10 2021.10/bin/../lib/gcc/arm-none-eabi/10.3.1/../../../../arm-none-eabi/lib/thumb/v7e-m/nofp\libg.a(lib_a-fstatr.o)
                0x0800858c                _fstat_r
 .text._isatty_r
                0x080085b8       0x24 f:/arm-gcc/10 2021.10/bin/../lib/gcc/arm-none-eabi/10.3.1/../../../../arm-none-eabi/lib/thumb/v7e-m/nofp\libg.a(lib_a-isattyr.o)
                0x080085b8                _isatty_r
 .text.__locale_mb_cur_max
                0x080085dc        0xc f:/arm-gcc/10 2021.10/bin/../lib/gcc/arm-none-eabi/10.3.1/../../../../arm-none-eabi/lib/thumb/v7e-m/nofp\libg.a(lib_a-locale.o)
                0x080085dc                __locale_mb_cur_max
 .text._lseek_r
                0x080085e8       0x2c f:/arm-gcc/10 2021.10/bin/../lib/gcc/arm-none-eabi/10.3.1/../../../../arm-none-eabi/lib/thumb/v7e-m/nofp\libg.a(lib_a-lseekr.o)
                0x080085e8                _lseek_r
 .text.__ascii_mbtowc
                0x08008614       0x2c f:/arm-gcc/10 2021.10/bin/../lib/gcc/arm-none-eabi/10.3.1/../../../../arm-none-eabi/lib/thumb/v7e-m/nofp\libg.a(lib_a-mbtowc_r.o)
                0x08008614                __ascii_mbtowc
 .text._read_r  0x08008640       0x2c f:/arm-gcc/10 2021.10/bin/../lib/gcc/arm-none-eabi/10.3.1/../../../../arm-none-eabi/lib/thumb/v7e-m/nofp\libg.a(lib_a-readr.o)
                0x08008640                _read_r
 .text.__swbuf_r
                0x0800866c       0xb0 f:/arm-gcc/10 2021.10/bin/../lib/gcc/arm-none-eabi/10.3.1/../../../../arm-none-eabi/lib/thumb/v7e-m/nofp\libg.a(lib_a-wbuf.o)
                0x0800866c                __swbuf_r
 .text._wcrtomb_r
                0x0800871c       0x3c f:/arm-gcc/10 2021.10/bin/../lib/gcc/arm-none-eabi/10.3.1/../../../../arm-none-eabi/lib/thumb/v7e-m/nofp\libg.a(lib_a-wcrtomb.o)
                0x0800871c                _wcrtomb_r
 .text.__ascii_wctomb
                0x08008758       0x1c f:/arm-gcc/10 2021.10/bin/../lib/gcc/arm-none-eabi/10.3.1/../../../../arm-none-eabi/lib/thumb/v7e-m/nofp\libg.a(lib_a-wctomb_r.o)
                0x08008758                __ascii_wctomb
 .text.abort    0x08008774       0x10 f:/arm-gcc/10 2021.10/bin/../lib/gcc/arm-none-eabi/10.3.1/../../../../arm-none-eabi/lib/thumb/v7e-m/nofp\libg.a(lib_a-abort.o)
                0x08008774                abort
 .text.raise    0x08008784       0x5c f:/arm-gcc/10 2021.10/bin/../lib/gcc/arm-none-eabi/10.3.1/../../../../arm-none-eabi/lib/thumb/v7e-m/nofp\libg.a(lib_a-signal.o)
                0x08008784                raise
 .text._kill_r  0x080087e0       0x2c f:/arm-gcc/10 2021.10/bin/../lib/gcc/arm-none-eabi/10.3.1/../../../../arm-none-eabi/lib/thumb/v7e-m/nofp\libg.a(lib_a-signalr.o)
                0x080087e0                _kill_r
 .text._getpid_r
                0x0800880c        0x4 f:/arm-gcc/10 2021.10/bin/../lib/gcc/arm-none-eabi/10.3.1/../../../../arm-none-eabi/lib/thumb/v7e-m/nofp\libg.a(lib_a-signalr.o)
                0x0800880c                _getpid_r
 *(.glue_7)
 .glue_7        0x08008810        0x0 linker stubs
 *(.glue_7t)
 .glue_7t       0x08008810        0x0 linker stubs
 *(.eh_frame)
 .eh_frame      0x08008810        0x0 f:/arm-gcc/10 2021.10/bin/../lib/gcc/arm-none-eabi/10.3.1/thumb/v7e-m/nofp/crtbegin.o
 *(.init)
 .init          0x08008810        0x4 f:/arm-gcc/10 2021.10/bin/../lib/gcc/arm-none-eabi/10.3.1/thumb/v7e-m/nofp/crti.o
                0x08008810                _init
 .init          0x08008814        0x8 f:/arm-gcc/10 2021.10/bin/../lib/gcc/arm-none-eabi/10.3.1/thumb/v7e-m/nofp/crtn.o
 *(.fini)
 .fini          0x0800881c        0x4 f:/arm-gcc/10 2021.10/bin/../lib/gcc/arm-none-eabi/10.3.1/thumb/v7e-m/nofp/crti.o
                0x0800881c                _fini
 .fini          0x08008820        0x8 f:/arm-gcc/10 2021.10/bin/../lib/gcc/arm-none-eabi/10.3.1/thumb/v7e-m/nofp/crtn.o
                0x08008828                . = ALIGN (0x4)
                0x08008828                _etext = .

.vfp11_veneer   0x08008828        0x0
 .vfp11_veneer  0x08008828        0x0 linker stubs

.v4_bx          0x08008828        0x0
 .v4_bx         0x08008828        0x0 linker stubs

.iplt           0x08008828        0x0
 .iplt          0x08008828        0x0 f:/arm-gcc/10 2021.10/bin/../lib/gcc/arm-none-eabi/10.3.1/thumb/v7e-m/nofp/crtbegin.o

.rodata         0x08008828      0x430
                0x08008828                . = ALIGN (0x4)
 *(.rodata)
 *(.rodata*)
 .rodata.main.str1.4
                0x08008828       0x16 CMakeFiles/03-key.elf.dir/Core/Src/main.c.obj
 *fill*         0x0800883e        0x2 
 .rodata.AHBPrescTable
                0x08008840       0x10 CMakeFiles/03-key.elf.dir/Core/Src/system_stm32f4xx.c.obj
                0x08008840                AHBPrescTable
 .rodata.APBPrescTable
                0x08008850        0x8 CMakeFiles/03-key.elf.dir/Core/Src/system_stm32f4xx.c.obj
                0x08008850                APBPrescTable
 .rodata._global_impure_ptr
                0x08008858        0x4 f:/arm-gcc/10 2021.10/bin/../lib/gcc/arm-none-eabi/10.3.1/../../../../arm-none-eabi/lib/thumb/v7e-m/nofp\libg.a(lib_a-impure.o)
                0x08008858                _global_impure_ptr
 .rodata._puts_r.str1.4
                0x0800885c        0x2 f:/arm-gcc/10 2021.10/bin/../lib/gcc/arm-none-eabi/10.3.1/../../../../arm-none-eabi/lib/thumb/v7e-m/nofp\libg.a(lib_a-puts.o)
 *fill*         0x0800885e        0x2 
 .rodata._vfprintf_r.str1.4
                0x08008860       0x42 f:/arm-gcc/10 2021.10/bin/../lib/gcc/arm-none-eabi/10.3.1/../../../../arm-none-eabi/lib/thumb/v7e-m/nofp\libg.a(lib_a-vfprintf.o)
 *fill*         0x080088a2        0x2 
 .rodata.blanks.1
                0x080088a4       0x10 f:/arm-gcc/10 2021.10/bin/../lib/gcc/arm-none-eabi/10.3.1/../../../../arm-none-eabi/lib/thumb/v7e-m/nofp\libg.a(lib_a-vfprintf.o)
 .rodata.zeroes.0
                0x080088b4       0x10 f:/arm-gcc/10 2021.10/bin/../lib/gcc/arm-none-eabi/10.3.1/../../../../arm-none-eabi/lib/thumb/v7e-m/nofp\libg.a(lib_a-vfprintf.o)
 .rodata._dtoa_r.str1.4
                0x080088c4       0xa2 f:/arm-gcc/10 2021.10/bin/../lib/gcc/arm-none-eabi/10.3.1/../../../../arm-none-eabi/lib/thumb/v7e-m/nofp\libg.a(lib_a-dtoa.o)
                                 0xa6 (size before relaxing)
 *fill*         0x08008966        0x2 
 .rodata.__multadd.str1.4
                0x08008968       0x7f f:/arm-gcc/10 2021.10/bin/../lib/gcc/arm-none-eabi/10.3.1/../../../../arm-none-eabi/lib/thumb/v7e-m/nofp\libg.a(lib_a-mprec.o)
                                 0x93 (size before relaxing)
 *fill*         0x080089e7        0x1 
 .rodata.__mprec_bigtens
                0x080089e8       0x28 f:/arm-gcc/10 2021.10/bin/../lib/gcc/arm-none-eabi/10.3.1/../../../../arm-none-eabi/lib/thumb/v7e-m/nofp\libg.a(lib_a-mprec.o)
                0x080089e8                __mprec_bigtens
 .rodata.__mprec_tens
                0x08008a10       0xc8 f:/arm-gcc/10 2021.10/bin/../lib/gcc/arm-none-eabi/10.3.1/../../../../arm-none-eabi/lib/thumb/v7e-m/nofp\libg.a(lib_a-mprec.o)
                0x08008a10                __mprec_tens
 .rodata.p05.0  0x08008ad8        0xc f:/arm-gcc/10 2021.10/bin/../lib/gcc/arm-none-eabi/10.3.1/../../../../arm-none-eabi/lib/thumb/v7e-m/nofp\libg.a(lib_a-mprec.o)
 .rodata._vfiprintf_r.str1.4
                0x08008ae4       0x2f f:/arm-gcc/10 2021.10/bin/../lib/gcc/arm-none-eabi/10.3.1/../../../../arm-none-eabi/lib/thumb/v7e-m/nofp\libg.a(lib_a-vfiprintf.o)
 .rodata.blanks.1
                0x08008ae4       0x10 f:/arm-gcc/10 2021.10/bin/../lib/gcc/arm-none-eabi/10.3.1/../../../../arm-none-eabi/lib/thumb/v7e-m/nofp\libg.a(lib_a-vfiprintf.o)
 .rodata.zeroes.0
                0x08008af4       0x10 f:/arm-gcc/10 2021.10/bin/../lib/gcc/arm-none-eabi/10.3.1/../../../../arm-none-eabi/lib/thumb/v7e-m/nofp\libg.a(lib_a-vfiprintf.o)
 .rodata.__assert_func.str1.4
                0x08008b04       0x3f f:/arm-gcc/10 2021.10/bin/../lib/gcc/arm-none-eabi/10.3.1/../../../../arm-none-eabi/lib/thumb/v7e-m/nofp\libg.a(lib_a-assert.o)
                                 0x43 (size before relaxing)
 *fill*         0x08008b43        0x1 
 .rodata._setlocale_r.str1.4
                0x08008b44        0xa f:/arm-gcc/10 2021.10/bin/../lib/gcc/arm-none-eabi/10.3.1/../../../../arm-none-eabi/lib/thumb/v7e-m/nofp\libg.a(lib_a-locale.o)
                                  0xd (size before relaxing)
 *fill*         0x08008b4e        0x2 
 .rodata.str1.4
                0x08008b50        0x2 f:/arm-gcc/10 2021.10/bin/../lib/gcc/arm-none-eabi/10.3.1/../../../../arm-none-eabi/lib/thumb/v7e-m/nofp\libg.a(lib_a-locale.o)
 *fill*         0x08008b52        0x2 
 .rodata._ctype_
                0x08008b54      0x101 f:/arm-gcc/10 2021.10/bin/../lib/gcc/arm-none-eabi/10.3.1/../../../../arm-none-eabi/lib/thumb/v7e-m/nofp\libg.a(lib_a-ctype_.o)
                0x08008b54                _ctype_
                0x08008c58                . = ALIGN (0x4)
 *fill*         0x08008c55        0x3 

.ARM.extab      0x08008c58        0x0
                0x08008c58                . = ALIGN (0x4)
 *(.ARM.extab* .gnu.linkonce.armextab.*)
                0x08008c58                . = ALIGN (0x4)

.ARM            0x08008c58        0x8
                0x08008c58                . = ALIGN (0x4)
                0x08008c58                __exidx_start = .
 *(.ARM.exidx*)
 .ARM.exidx     0x08008c58        0x8 f:/arm-gcc/10 2021.10/bin/../lib/gcc/arm-none-eabi/10.3.1/thumb/v7e-m/nofp\libgcc.a(_udivmoddi4.o)
                0x08008c60                __exidx_end = .
                0x08008c60                . = ALIGN (0x4)

.rel.dyn        0x08008c60        0x0
 .rel.iplt      0x08008c60        0x0 f:/arm-gcc/10 2021.10/bin/../lib/gcc/arm-none-eabi/10.3.1/thumb/v7e-m/nofp/crtbegin.o

.preinit_array  0x08008c60        0x0
                0x08008c60                . = ALIGN (0x4)
                0x08008c60                PROVIDE (__preinit_array_start = .)
 *(.preinit_array*)
                0x08008c60                PROVIDE (__preinit_array_end = .)
                0x08008c60                . = ALIGN (0x4)

.init_array     0x08008c60        0x8
                0x08008c60                . = ALIGN (0x4)
                0x08008c60                PROVIDE (__init_array_start = .)
 *(SORT_BY_NAME(.init_array.*))
 .init_array.00000
                0x08008c60        0x4 f:/arm-gcc/10 2021.10/bin/../lib/gcc/arm-none-eabi/10.3.1/../../../../arm-none-eabi/lib/thumb/v7e-m/nofp\libg.a(lib_a-__call_atexit.o)
 *(.init_array*)
 .init_array    0x08008c64        0x4 f:/arm-gcc/10 2021.10/bin/../lib/gcc/arm-none-eabi/10.3.1/thumb/v7e-m/nofp/crtbegin.o
                0x08008c68                PROVIDE (__init_array_end = .)
                0x08008c68                . = ALIGN (0x4)

.fini_array     0x08008c68        0x4
                0x08008c68                . = ALIGN (0x4)
                0x08008c68                PROVIDE (__fini_array_start = .)
 *(SORT_BY_NAME(.fini_array.*))
 *(.fini_array*)
 .fini_array    0x08008c68        0x4 f:/arm-gcc/10 2021.10/bin/../lib/gcc/arm-none-eabi/10.3.1/thumb/v7e-m/nofp/crtbegin.o
                0x08008c6c                PROVIDE (__fini_array_end = .)
                0x08008c6c                . = ALIGN (0x4)
                0x08008c6c                _sidata = LOADADDR (.data)

.data           0x20000000      0x9c0 load address 0x08008c6c
                0x20000000                . = ALIGN (0x4)
                0x20000000                _sdata = .
 *(.data)
 *(.data*)
 .data.key_up.0
                0x20000000        0x1 CMakeFiles/03-key.elf.dir/Core/HARDWARE/key.c.obj
 *fill*         0x20000001        0x3 
 .data.SystemCoreClock
                0x20000004        0x4 CMakeFiles/03-key.elf.dir/Core/Src/system_stm32f4xx.c.obj
                0x20000004                SystemCoreClock
 .data.uwTickFreq
                0x20000008        0x1 CMakeFiles/03-key.elf.dir/Drivers/STM32F4xx_HAL_Driver/Src/stm32f4xx_hal.c.obj
                0x20000008                uwTickFreq
 *fill*         0x20000009        0x3 
 .data.uwTickPrio
                0x2000000c        0x4 CMakeFiles/03-key.elf.dir/Drivers/STM32F4xx_HAL_Driver/Src/stm32f4xx_hal.c.obj
                0x2000000c                uwTickPrio
 .data._impure_ptr
                0x20000010        0x4 f:/arm-gcc/10 2021.10/bin/../lib/gcc/arm-none-eabi/10.3.1/../../../../arm-none-eabi/lib/thumb/v7e-m/nofp\libg.a(lib_a-impure.o)
                0x20000010                _impure_ptr
 *fill*         0x20000014        0x4 
 .data.impure_data
                0x20000018      0x428 f:/arm-gcc/10 2021.10/bin/../lib/gcc/arm-none-eabi/10.3.1/../../../../arm-none-eabi/lib/thumb/v7e-m/nofp\libg.a(lib_a-impure.o)
 .data.__atexit_recursive_mutex
                0x20000440        0x4 f:/arm-gcc/10 2021.10/bin/../lib/gcc/arm-none-eabi/10.3.1/../../../../arm-none-eabi/lib/thumb/v7e-m/nofp\libg.a(lib_a-__call_atexit.o)
                0x20000440                __atexit_recursive_mutex
 .data.__malloc_av_
                0x20000444      0x408 f:/arm-gcc/10 2021.10/bin/../lib/gcc/arm-none-eabi/10.3.1/../../../../arm-none-eabi/lib/thumb/v7e-m/nofp\libg.a(lib_a-mallocr.o)
                0x20000444                __malloc_av_
 .data.__malloc_sbrk_base
                0x2000084c        0x4 f:/arm-gcc/10 2021.10/bin/../lib/gcc/arm-none-eabi/10.3.1/../../../../arm-none-eabi/lib/thumb/v7e-m/nofp\libg.a(lib_a-mallocr.o)
                0x2000084c                __malloc_sbrk_base
 .data.__malloc_trim_threshold
                0x20000850        0x4 f:/arm-gcc/10 2021.10/bin/../lib/gcc/arm-none-eabi/10.3.1/../../../../arm-none-eabi/lib/thumb/v7e-m/nofp\libg.a(lib_a-mallocr.o)
                0x20000850                __malloc_trim_threshold
 .data.__global_locale
                0x20000854      0x16c f:/arm-gcc/10 2021.10/bin/../lib/gcc/arm-none-eabi/10.3.1/../../../../arm-none-eabi/lib/thumb/v7e-m/nofp\libg.a(lib_a-locale.o)
                0x20000854                __global_locale
 *(.RamFunc)
 *(.RamFunc*)
                0x200009c0                . = ALIGN (0x4)
                0x200009c0                _edata = .
                0x0800962c                _siccmram = LOADADDR (.ccmram)

.igot.plt       0x200009c0        0x0 load address 0x0800962c
 .igot.plt      0x200009c0        0x0 f:/arm-gcc/10 2021.10/bin/../lib/gcc/arm-none-eabi/10.3.1/thumb/v7e-m/nofp/crtbegin.o

.ccmram         0x10000000        0x0 load address 0x0800962c
                0x10000000                . = ALIGN (0x4)
                0x10000000                _sccmram = .
 *(.ccmram)
 *(.ccmram*)
                0x10000000                . = ALIGN (0x4)
                0x10000000                _eccmram = .
                0x10000000                . = ALIGN (0x4)

.bss            0x200009c0      0x188
                0x200009c0                _sbss = .
                0x200009c0                __bss_start__ = _sbss
 *(.bss)
 .bss           0x200009c0       0x1c f:/arm-gcc/10 2021.10/bin/../lib/gcc/arm-none-eabi/10.3.1/thumb/v7e-m/nofp/crtbegin.o
 *(.bss*)
 .bss.fac_us    0x200009dc        0x4 CMakeFiles/03-key.elf.dir/Core/SYSTEM/delay.c.obj
 .bss.UART1_Handler
                0x200009e0       0x48 CMakeFiles/03-key.elf.dir/Core/SYSTEM/usart.c.obj
                0x200009e0                UART1_Handler
 .bss.USART_RX_BUF
                0x20000a28       0xc8 CMakeFiles/03-key.elf.dir/Core/SYSTEM/usart.c.obj
                0x20000a28                USART_RX_BUF
 .bss.USART_RX_STA
                0x20000af0        0x2 CMakeFiles/03-key.elf.dir/Core/SYSTEM/usart.c.obj
                0x20000af0                USART_RX_STA
 *fill*         0x20000af2        0x2 
 .bss.aRxBuffer
                0x20000af4        0x1 CMakeFiles/03-key.elf.dir/Core/SYSTEM/usart.c.obj
                0x20000af4                aRxBuffer
 *fill*         0x20000af5        0x3 
 .bss.__sbrk_heap_end
                0x20000af8        0x4 CMakeFiles/03-key.elf.dir/Core/Src/sysmem.c.obj
 .bss.uwTick    0x20000afc        0x4 CMakeFiles/03-key.elf.dir/Drivers/STM32F4xx_HAL_Driver/Src/stm32f4xx_hal.c.obj
                0x20000afc                uwTick
 .bss.__lock___atexit_recursive_mutex
                0x20000b00        0x1 f:/arm-gcc/10 2021.10/bin/../lib/gcc/arm-none-eabi/10.3.1/../../../../arm-none-eabi/lib/thumb/v7e-m/nofp\libg.a(lib_a-lock.o)
                0x20000b00                __lock___atexit_recursive_mutex
 *fill*         0x20000b01        0x3 
 .bss.__lock___malloc_recursive_mutex
                0x20000b04        0x1 f:/arm-gcc/10 2021.10/bin/../lib/gcc/arm-none-eabi/10.3.1/../../../../arm-none-eabi/lib/thumb/v7e-m/nofp\libg.a(lib_a-lock.o)
                0x20000b04                __lock___malloc_recursive_mutex
 *fill*         0x20000b05        0x3 
 .bss.__lock___sfp_recursive_mutex
                0x20000b08        0x1 f:/arm-gcc/10 2021.10/bin/../lib/gcc/arm-none-eabi/10.3.1/../../../../arm-none-eabi/lib/thumb/v7e-m/nofp\libg.a(lib_a-lock.o)
                0x20000b08                __lock___sfp_recursive_mutex
 *fill*         0x20000b09        0x3 
 .bss.__lock___sinit_recursive_mutex
                0x20000b0c        0x1 f:/arm-gcc/10 2021.10/bin/../lib/gcc/arm-none-eabi/10.3.1/../../../../arm-none-eabi/lib/thumb/v7e-m/nofp\libg.a(lib_a-lock.o)
                0x20000b0c                __lock___sinit_recursive_mutex
 *fill*         0x20000b0d        0x3 
 .bss.__malloc_current_mallinfo
                0x20000b10       0x28 f:/arm-gcc/10 2021.10/bin/../lib/gcc/arm-none-eabi/10.3.1/../../../../arm-none-eabi/lib/thumb/v7e-m/nofp\libg.a(lib_a-mallocr.o)
                0x20000b10                __malloc_current_mallinfo
 .bss.__malloc_max_sbrked_mem
                0x20000b38        0x4 f:/arm-gcc/10 2021.10/bin/../lib/gcc/arm-none-eabi/10.3.1/../../../../arm-none-eabi/lib/thumb/v7e-m/nofp\libg.a(lib_a-mallocr.o)
                0x20000b38                __malloc_max_sbrked_mem
 .bss.__malloc_max_total_mem
                0x20000b3c        0x4 f:/arm-gcc/10 2021.10/bin/../lib/gcc/arm-none-eabi/10.3.1/../../../../arm-none-eabi/lib/thumb/v7e-m/nofp\libg.a(lib_a-mallocr.o)
                0x20000b3c                __malloc_max_total_mem
 .bss.__malloc_top_pad
                0x20000b40        0x4 f:/arm-gcc/10 2021.10/bin/../lib/gcc/arm-none-eabi/10.3.1/../../../../arm-none-eabi/lib/thumb/v7e-m/nofp\libg.a(lib_a-mallocr.o)
                0x20000b40                __malloc_top_pad
 .bss.errno     0x20000b44        0x4 f:/arm-gcc/10 2021.10/bin/../lib/gcc/arm-none-eabi/10.3.1/../../../../arm-none-eabi/lib/thumb/v7e-m/nofp\libg.a(lib_a-reent.o)
                0x20000b44                errno
 *(COMMON)
                0x20000b48                . = ALIGN (0x4)
                0x20000b48                _ebss = .
                0x20000b48                __bss_end__ = _ebss

._user_heap_stack
                0x20000b48      0x600
                0x20000b48                . = ALIGN (0x8)
                [!provide]                PROVIDE (end = .)
                0x20000b48                PROVIDE (_end = .)
                0x20000d48                . = (. + _Min_Heap_Size)
 *fill*         0x20000b48      0x200 
                0x20001148                . = (. + _Min_Stack_Size)
 *fill*         0x20000d48      0x400 
                0x20001148                . = ALIGN (0x8)

/DISCARD/
 libc.a(*)
 libm.a(*)
 libgcc.a(*)

.ARM.attributes
                0x00000000       0x2a
 *(.ARM.attributes)
 .ARM.attributes
                0x00000000       0x1e f:/arm-gcc/10 2021.10/bin/../lib/gcc/arm-none-eabi/10.3.1/thumb/v7e-m/nofp/crti.o
 .ARM.attributes
                0x0000001e       0x2e f:/arm-gcc/10 2021.10/bin/../lib/gcc/arm-none-eabi/10.3.1/thumb/v7e-m/nofp/crtbegin.o
 .ARM.attributes
                0x0000004c       0x2e CMakeFiles/03-key.elf.dir/Core/HARDWARE/key.c.obj
 .ARM.attributes
                0x0000007a       0x2e CMakeFiles/03-key.elf.dir/Core/HARDWARE/led.c.obj
 .ARM.attributes
                0x000000a8       0x2e CMakeFiles/03-key.elf.dir/Core/SYSTEM/delay.c.obj
 .ARM.attributes
                0x000000d6       0x2e CMakeFiles/03-key.elf.dir/Core/SYSTEM/sys.c.obj
 .ARM.attributes
                0x00000104       0x2e CMakeFiles/03-key.elf.dir/Core/SYSTEM/usart.c.obj
 .ARM.attributes
                0x00000132       0x2e CMakeFiles/03-key.elf.dir/Core/Src/gpio.c.obj
 .ARM.attributes
                0x00000160       0x2e CMakeFiles/03-key.elf.dir/Core/Src/main.c.obj
 .ARM.attributes
                0x0000018e       0x2e CMakeFiles/03-key.elf.dir/Core/Src/stm32f4xx_hal_msp.c.obj
 .ARM.attributes
                0x000001bc       0x2e CMakeFiles/03-key.elf.dir/Core/Src/stm32f4xx_it.c.obj
 .ARM.attributes
                0x000001ea       0x2e CMakeFiles/03-key.elf.dir/Core/Src/syscalls.c.obj
 .ARM.attributes
                0x00000218       0x2e CMakeFiles/03-key.elf.dir/Core/Src/sysmem.c.obj
 .ARM.attributes
                0x00000246       0x2e CMakeFiles/03-key.elf.dir/Core/Src/system_stm32f4xx.c.obj
 .ARM.attributes
                0x00000274       0x21 CMakeFiles/03-key.elf.dir/Core/Startup/startup_stm32f407zgtx.s.obj
 .ARM.attributes
                0x00000295       0x2e CMakeFiles/03-key.elf.dir/Drivers/STM32F4xx_HAL_Driver/Src/stm32f4xx_hal.c.obj
 .ARM.attributes
                0x000002c3       0x2e CMakeFiles/03-key.elf.dir/Drivers/STM32F4xx_HAL_Driver/Src/stm32f4xx_hal_cortex.c.obj
 .ARM.attributes
                0x000002f1       0x2e CMakeFiles/03-key.elf.dir/Drivers/STM32F4xx_HAL_Driver/Src/stm32f4xx_hal_dma.c.obj
 .ARM.attributes
                0x0000031f       0x2e CMakeFiles/03-key.elf.dir/Drivers/STM32F4xx_HAL_Driver/Src/stm32f4xx_hal_gpio.c.obj
 .ARM.attributes
                0x0000034d       0x2e CMakeFiles/03-key.elf.dir/Drivers/STM32F4xx_HAL_Driver/Src/stm32f4xx_hal_rcc.c.obj
 .ARM.attributes
                0x0000037b       0x2e CMakeFiles/03-key.elf.dir/Drivers/STM32F4xx_HAL_Driver/Src/stm32f4xx_hal_uart.c.obj
 .ARM.attributes
                0x000003a9       0x1e f:/arm-gcc/10 2021.10/bin/../lib/gcc/arm-none-eabi/10.3.1/thumb/v7e-m/nofp\libgcc.a(_aeabi_uldivmod.o)
 .ARM.attributes
                0x000003c7       0x2e f:/arm-gcc/10 2021.10/bin/../lib/gcc/arm-none-eabi/10.3.1/thumb/v7e-m/nofp\libgcc.a(_udivmoddi4.o)
 .ARM.attributes
                0x000003f5       0x1e f:/arm-gcc/10 2021.10/bin/../lib/gcc/arm-none-eabi/10.3.1/thumb/v7e-m/nofp\libgcc.a(_dvmd_tls.o)
 .ARM.attributes
                0x00000413       0x2e f:/arm-gcc/10 2021.10/bin/../lib/gcc/arm-none-eabi/10.3.1/../../../../arm-none-eabi/lib/thumb/v7e-m/nofp\libg.a(lib_a-errno.o)
 .ARM.attributes
                0x00000441       0x2e f:/arm-gcc/10 2021.10/bin/../lib/gcc/arm-none-eabi/10.3.1/../../../../arm-none-eabi/lib/thumb/v7e-m/nofp\libg.a(lib_a-impure.o)
 .ARM.attributes
                0x0000046f       0x2e f:/arm-gcc/10 2021.10/bin/../lib/gcc/arm-none-eabi/10.3.1/../../../../arm-none-eabi/lib/thumb/v7e-m/nofp\libg.a(lib_a-init.o)
 .ARM.attributes
                0x0000049d       0x2e f:/arm-gcc/10 2021.10/bin/../lib/gcc/arm-none-eabi/10.3.1/../../../../arm-none-eabi/lib/thumb/v7e-m/nofp\libg.a(lib_a-memset.o)
 .ARM.attributes
                0x000004cb       0x2e f:/arm-gcc/10 2021.10/bin/../lib/gcc/arm-none-eabi/10.3.1/../../../../arm-none-eabi/lib/thumb/v7e-m/nofp\libg.a(lib_a-printf.o)
 .ARM.attributes
                0x000004f9       0x2e f:/arm-gcc/10 2021.10/bin/../lib/gcc/arm-none-eabi/10.3.1/../../../../arm-none-eabi/lib/thumb/v7e-m/nofp\libg.a(lib_a-puts.o)
 .ARM.attributes
                0x00000527       0x1c f:/arm-gcc/10 2021.10/bin/../lib/gcc/arm-none-eabi/10.3.1/../../../../arm-none-eabi/lib/thumb/v7e-m/nofp\libg.a(lib_a-strlen.o)
 .ARM.attributes
                0x00000543       0x2e f:/arm-gcc/10 2021.10/bin/../lib/gcc/arm-none-eabi/10.3.1/../../../../arm-none-eabi/lib/thumb/v7e-m/nofp\libg.a(lib_a-vfprintf.o)
 .ARM.attributes
                0x00000571       0x2e f:/arm-gcc/10 2021.10/bin/../lib/gcc/arm-none-eabi/10.3.1/../../../../arm-none-eabi/lib/thumb/v7e-m/nofp\libg.a(lib_a-wsetup.o)
 .ARM.attributes
                0x0000059f       0x2e f:/arm-gcc/10 2021.10/bin/../lib/gcc/arm-none-eabi/10.3.1/../../../../arm-none-eabi/lib/thumb/v7e-m/nofp\libg.a(lib_a-__call_atexit.o)
 .ARM.attributes
                0x000005cd       0x2e f:/arm-gcc/10 2021.10/bin/../lib/gcc/arm-none-eabi/10.3.1/../../../../arm-none-eabi/lib/thumb/v7e-m/nofp\libg.a(lib_a-atexit.o)
 .ARM.attributes
                0x000005fb       0x2e f:/arm-gcc/10 2021.10/bin/../lib/gcc/arm-none-eabi/10.3.1/../../../../arm-none-eabi/lib/thumb/v7e-m/nofp\libg.a(lib_a-dtoa.o)
 .ARM.attributes
                0x00000629       0x2e f:/arm-gcc/10 2021.10/bin/../lib/gcc/arm-none-eabi/10.3.1/../../../../arm-none-eabi/lib/thumb/v7e-m/nofp\libg.a(lib_a-fflush.o)
 .ARM.attributes
                0x00000657       0x2e f:/arm-gcc/10 2021.10/bin/../lib/gcc/arm-none-eabi/10.3.1/../../../../arm-none-eabi/lib/thumb/v7e-m/nofp\libg.a(lib_a-findfp.o)
 .ARM.attributes
                0x00000685       0x2e f:/arm-gcc/10 2021.10/bin/../lib/gcc/arm-none-eabi/10.3.1/../../../../arm-none-eabi/lib/thumb/v7e-m/nofp\libg.a(lib_a-fini.o)
 .ARM.attributes
                0x000006b3       0x2e f:/arm-gcc/10 2021.10/bin/../lib/gcc/arm-none-eabi/10.3.1/../../../../arm-none-eabi/lib/thumb/v7e-m/nofp\libg.a(lib_a-freer.o)
 .ARM.attributes
                0x000006e1       0x2e f:/arm-gcc/10 2021.10/bin/../lib/gcc/arm-none-eabi/10.3.1/../../../../arm-none-eabi/lib/thumb/v7e-m/nofp\libg.a(lib_a-fvwrite.o)
 .ARM.attributes
                0x0000070f       0x2e f:/arm-gcc/10 2021.10/bin/../lib/gcc/arm-none-eabi/10.3.1/../../../../arm-none-eabi/lib/thumb/v7e-m/nofp\libg.a(lib_a-fwalk.o)
 .ARM.attributes
                0x0000073d       0x2e f:/arm-gcc/10 2021.10/bin/../lib/gcc/arm-none-eabi/10.3.1/../../../../arm-none-eabi/lib/thumb/v7e-m/nofp\libg.a(lib_a-localeconv.o)
 .ARM.attributes
                0x0000076b       0x2e f:/arm-gcc/10 2021.10/bin/../lib/gcc/arm-none-eabi/10.3.1/../../../../arm-none-eabi/lib/thumb/v7e-m/nofp\libg.a(lib_a-lock.o)
 .ARM.attributes
                0x00000799       0x2e f:/arm-gcc/10 2021.10/bin/../lib/gcc/arm-none-eabi/10.3.1/../../../../arm-none-eabi/lib/thumb/v7e-m/nofp\libg.a(lib_a-makebuf.o)
 .ARM.attributes
                0x000007c7       0x2e f:/arm-gcc/10 2021.10/bin/../lib/gcc/arm-none-eabi/10.3.1/../../../../arm-none-eabi/lib/thumb/v7e-m/nofp\libg.a(lib_a-mallocr.o)
 .ARM.attributes
                0x000007f5       0x1c f:/arm-gcc/10 2021.10/bin/../lib/gcc/arm-none-eabi/10.3.1/../../../../arm-none-eabi/lib/thumb/v7e-m/nofp\libg.a(lib_a-memchr.o)
 .ARM.attributes
                0x00000811       0x1c f:/arm-gcc/10 2021.10/bin/../lib/gcc/arm-none-eabi/10.3.1/../../../../arm-none-eabi/lib/thumb/v7e-m/nofp\libg.a(lib_a-memcpy.o)
 .ARM.attributes
                0x0000082d       0x2e f:/arm-gcc/10 2021.10/bin/../lib/gcc/arm-none-eabi/10.3.1/../../../../arm-none-eabi/lib/thumb/v7e-m/nofp\libg.a(lib_a-memmove.o)
 .ARM.attributes
                0x0000085b       0x2e f:/arm-gcc/10 2021.10/bin/../lib/gcc/arm-none-eabi/10.3.1/../../../../arm-none-eabi/lib/thumb/v7e-m/nofp\libg.a(lib_a-mlock.o)
 .ARM.attributes
                0x00000889       0x2e f:/arm-gcc/10 2021.10/bin/../lib/gcc/arm-none-eabi/10.3.1/../../../../arm-none-eabi/lib/thumb/v7e-m/nofp\libg.a(lib_a-mprec.o)
 .ARM.attributes
                0x000008b7       0x2e f:/arm-gcc/10 2021.10/bin/../lib/gcc/arm-none-eabi/10.3.1/../../../../arm-none-eabi/lib/thumb/v7e-m/nofp\libg.a(lib_a-reallocr.o)
 .ARM.attributes
                0x000008e5       0x2e f:/arm-gcc/10 2021.10/bin/../lib/gcc/arm-none-eabi/10.3.1/../../../../arm-none-eabi/lib/thumb/v7e-m/nofp\libg.a(lib_a-s_frexp.o)
 .ARM.attributes
                0x00000913       0x2e f:/arm-gcc/10 2021.10/bin/../lib/gcc/arm-none-eabi/10.3.1/../../../../arm-none-eabi/lib/thumb/v7e-m/nofp\libg.a(lib_a-sbrkr.o)
 .ARM.attributes
                0x00000941       0x2e f:/arm-gcc/10 2021.10/bin/../lib/gcc/arm-none-eabi/10.3.1/../../../../arm-none-eabi/lib/thumb/v7e-m/nofp\libg.a(lib_a-stdio.o)
 .ARM.attributes
                0x0000096f       0x2e f:/arm-gcc/10 2021.10/bin/../lib/gcc/arm-none-eabi/10.3.1/../../../../arm-none-eabi/lib/thumb/v7e-m/nofp\libg.a(lib_a-strncpy.o)
 .ARM.attributes
                0x0000099d       0x2e f:/arm-gcc/10 2021.10/bin/../lib/gcc/arm-none-eabi/10.3.1/../../../../arm-none-eabi/lib/thumb/v7e-m/nofp\libg.a(lib_a-vfiprintf.o)
 .ARM.attributes
                0x000009cb       0x2e f:/arm-gcc/10 2021.10/bin/../lib/gcc/arm-none-eabi/10.3.1/../../../../arm-none-eabi/lib/thumb/v7e-m/nofp\libg.a(lib_a-writer.o)
 .ARM.attributes
                0x000009f9       0x2e f:/arm-gcc/10 2021.10/bin/../lib/gcc/arm-none-eabi/10.3.1/../../../../arm-none-eabi/lib/thumb/v7e-m/nofp\libg.a(lib_a-__atexit.o)
 .ARM.attributes
                0x00000a27       0x2e f:/arm-gcc/10 2021.10/bin/../lib/gcc/arm-none-eabi/10.3.1/../../../../arm-none-eabi/lib/thumb/v7e-m/nofp\libg.a(lib_a-assert.o)
 .ARM.attributes
                0x00000a55       0x2e f:/arm-gcc/10 2021.10/bin/../lib/gcc/arm-none-eabi/10.3.1/../../../../arm-none-eabi/lib/thumb/v7e-m/nofp\libg.a(lib_a-callocr.o)
 .ARM.attributes
                0x00000a83       0x2e f:/arm-gcc/10 2021.10/bin/../lib/gcc/arm-none-eabi/10.3.1/../../../../arm-none-eabi/lib/thumb/v7e-m/nofp\libg.a(lib_a-closer.o)
 .ARM.attributes
                0x00000ab1       0x2e f:/arm-gcc/10 2021.10/bin/../lib/gcc/arm-none-eabi/10.3.1/../../../../arm-none-eabi/lib/thumb/v7e-m/nofp\libg.a(lib_a-fclose.o)
 .ARM.attributes
                0x00000adf       0x2e f:/arm-gcc/10 2021.10/bin/../lib/gcc/arm-none-eabi/10.3.1/../../../../arm-none-eabi/lib/thumb/v7e-m/nofp\libg.a(lib_a-fiprintf.o)
 .ARM.attributes
                0x00000b0d       0x2e f:/arm-gcc/10 2021.10/bin/../lib/gcc/arm-none-eabi/10.3.1/../../../../arm-none-eabi/lib/thumb/v7e-m/nofp\libg.a(lib_a-fputwc.o)
 .ARM.attributes
                0x00000b3b       0x2e f:/arm-gcc/10 2021.10/bin/../lib/gcc/arm-none-eabi/10.3.1/../../../../arm-none-eabi/lib/thumb/v7e-m/nofp\libg.a(lib_a-fstatr.o)
 .ARM.attributes
                0x00000b69       0x2e f:/arm-gcc/10 2021.10/bin/../lib/gcc/arm-none-eabi/10.3.1/../../../../arm-none-eabi/lib/thumb/v7e-m/nofp\libg.a(lib_a-isattyr.o)
 .ARM.attributes
                0x00000b97       0x2e f:/arm-gcc/10 2021.10/bin/../lib/gcc/arm-none-eabi/10.3.1/../../../../arm-none-eabi/lib/thumb/v7e-m/nofp\libg.a(lib_a-locale.o)
 .ARM.attributes
                0x00000bc5       0x2e f:/arm-gcc/10 2021.10/bin/../lib/gcc/arm-none-eabi/10.3.1/../../../../arm-none-eabi/lib/thumb/v7e-m/nofp\libg.a(lib_a-lseekr.o)
 .ARM.attributes
                0x00000bf3       0x2e f:/arm-gcc/10 2021.10/bin/../lib/gcc/arm-none-eabi/10.3.1/../../../../arm-none-eabi/lib/thumb/v7e-m/nofp\libg.a(lib_a-mbtowc_r.o)
 .ARM.attributes
                0x00000c21       0x2e f:/arm-gcc/10 2021.10/bin/../lib/gcc/arm-none-eabi/10.3.1/../../../../arm-none-eabi/lib/thumb/v7e-m/nofp\libg.a(lib_a-readr.o)
 .ARM.attributes
                0x00000c4f       0x2e f:/arm-gcc/10 2021.10/bin/../lib/gcc/arm-none-eabi/10.3.1/../../../../arm-none-eabi/lib/thumb/v7e-m/nofp\libg.a(lib_a-reent.o)
 .ARM.attributes
                0x00000c7d       0x2e f:/arm-gcc/10 2021.10/bin/../lib/gcc/arm-none-eabi/10.3.1/../../../../arm-none-eabi/lib/thumb/v7e-m/nofp\libg.a(lib_a-wbuf.o)
 .ARM.attributes
                0x00000cab       0x2e f:/arm-gcc/10 2021.10/bin/../lib/gcc/arm-none-eabi/10.3.1/../../../../arm-none-eabi/lib/thumb/v7e-m/nofp\libg.a(lib_a-wcrtomb.o)
 .ARM.attributes
                0x00000cd9       0x2e f:/arm-gcc/10 2021.10/bin/../lib/gcc/arm-none-eabi/10.3.1/../../../../arm-none-eabi/lib/thumb/v7e-m/nofp\libg.a(lib_a-wctomb_r.o)
 .ARM.attributes
                0x00000d07       0x2e f:/arm-gcc/10 2021.10/bin/../lib/gcc/arm-none-eabi/10.3.1/../../../../arm-none-eabi/lib/thumb/v7e-m/nofp\libg.a(lib_a-abort.o)
 .ARM.attributes
                0x00000d35       0x2e f:/arm-gcc/10 2021.10/bin/../lib/gcc/arm-none-eabi/10.3.1/../../../../arm-none-eabi/lib/thumb/v7e-m/nofp\libg.a(lib_a-ctype_.o)
 .ARM.attributes
                0x00000d63       0x2e f:/arm-gcc/10 2021.10/bin/../lib/gcc/arm-none-eabi/10.3.1/../../../../arm-none-eabi/lib/thumb/v7e-m/nofp\libg.a(lib_a-signal.o)
 .ARM.attributes
                0x00000d91       0x2e f:/arm-gcc/10 2021.10/bin/../lib/gcc/arm-none-eabi/10.3.1/../../../../arm-none-eabi/lib/thumb/v7e-m/nofp\libg.a(lib_a-signalr.o)
 .ARM.attributes
                0x00000dbf       0x1e f:/arm-gcc/10 2021.10/bin/../lib/gcc/arm-none-eabi/10.3.1/thumb/v7e-m/nofp\libgcc.a(_arm_addsubdf3.o)
 .ARM.attributes
                0x00000ddd       0x1e f:/arm-gcc/10 2021.10/bin/../lib/gcc/arm-none-eabi/10.3.1/thumb/v7e-m/nofp\libgcc.a(_arm_muldivdf3.o)
 .ARM.attributes
                0x00000dfb       0x1e f:/arm-gcc/10 2021.10/bin/../lib/gcc/arm-none-eabi/10.3.1/thumb/v7e-m/nofp\libgcc.a(_arm_cmpdf2.o)
 .ARM.attributes
                0x00000e19       0x1e f:/arm-gcc/10 2021.10/bin/../lib/gcc/arm-none-eabi/10.3.1/thumb/v7e-m/nofp\libgcc.a(_arm_unorddf2.o)
 .ARM.attributes
                0x00000e37       0x1e f:/arm-gcc/10 2021.10/bin/../lib/gcc/arm-none-eabi/10.3.1/thumb/v7e-m/nofp\libgcc.a(_arm_fixdfsi.o)
 .ARM.attributes
                0x00000e55       0x1e f:/arm-gcc/10 2021.10/bin/../lib/gcc/arm-none-eabi/10.3.1/thumb/v7e-m/nofp/crtn.o
OUTPUT(03-key.elf elf32-littlearm)
LOAD linker stubs
LOAD f:/arm-gcc/10 2021.10/bin/../lib/gcc/arm-none-eabi/10.3.1/../../../../arm-none-eabi/lib/thumb/v7e-m/nofp\libc.a
LOAD f:/arm-gcc/10 2021.10/bin/../lib/gcc/arm-none-eabi/10.3.1/../../../../arm-none-eabi/lib/thumb/v7e-m/nofp\libm.a
LOAD f:/arm-gcc/10 2021.10/bin/../lib/gcc/arm-none-eabi/10.3.1/thumb/v7e-m/nofp\libgcc.a

.debug_info     0x00000000     0xb9a1
 .debug_info    0x00000000      0x5f2 CMakeFiles/03-key.elf.dir/Core/HARDWARE/key.c.obj
 .debug_info    0x000005f2      0x443 CMakeFiles/03-key.elf.dir/Core/HARDWARE/led.c.obj
 .debug_info    0x00000a35      0x26e CMakeFiles/03-key.elf.dir/Core/SYSTEM/delay.c.obj
 .debug_info    0x00000ca3      0x5bc CMakeFiles/03-key.elf.dir/Core/SYSTEM/sys.c.obj
 .debug_info    0x0000125f     0x16d0 CMakeFiles/03-key.elf.dir/Core/SYSTEM/usart.c.obj
 .debug_info    0x0000292f      0x2c1 CMakeFiles/03-key.elf.dir/Core/Src/gpio.c.obj
 .debug_info    0x00002bf0      0x300 CMakeFiles/03-key.elf.dir/Core/Src/main.c.obj
 .debug_info    0x00002ef0      0x2a4 CMakeFiles/03-key.elf.dir/Core/Src/stm32f4xx_hal_msp.c.obj
 .debug_info    0x00003194      0x12f CMakeFiles/03-key.elf.dir/Core/Src/stm32f4xx_it.c.obj
 .debug_info    0x000032c3      0x7af CMakeFiles/03-key.elf.dir/Core/Src/syscalls.c.obj
 .debug_info    0x00003a72      0x174 CMakeFiles/03-key.elf.dir/Core/Src/sysmem.c.obj
 .debug_info    0x00003be6      0x37d CMakeFiles/03-key.elf.dir/Core/Src/system_stm32f4xx.c.obj
 .debug_info    0x00003f63       0x22 CMakeFiles/03-key.elf.dir/Core/Startup/startup_stm32f407zgtx.s.obj
 .debug_info    0x00003f85      0x9f0 CMakeFiles/03-key.elf.dir/Drivers/STM32F4xx_HAL_Driver/Src/stm32f4xx_hal.c.obj
 .debug_info    0x00004975     0x10ab CMakeFiles/03-key.elf.dir/Drivers/STM32F4xx_HAL_Driver/Src/stm32f4xx_hal_cortex.c.obj
 .debug_info    0x00005a20      0xb3f CMakeFiles/03-key.elf.dir/Drivers/STM32F4xx_HAL_Driver/Src/stm32f4xx_hal_dma.c.obj
 .debug_info    0x0000655f      0x7b0 CMakeFiles/03-key.elf.dir/Drivers/STM32F4xx_HAL_Driver/Src/stm32f4xx_hal_gpio.c.obj
 .debug_info    0x00006d0f      0xb03 CMakeFiles/03-key.elf.dir/Drivers/STM32F4xx_HAL_Driver/Src/stm32f4xx_hal_rcc.c.obj
 .debug_info    0x00007812     0x418f CMakeFiles/03-key.elf.dir/Drivers/STM32F4xx_HAL_Driver/Src/stm32f4xx_hal_uart.c.obj

.debug_abbrev   0x00000000     0x1f13
 .debug_abbrev  0x00000000      0x173 CMakeFiles/03-key.elf.dir/Core/HARDWARE/key.c.obj
 .debug_abbrev  0x00000173      0x14e CMakeFiles/03-key.elf.dir/Core/HARDWARE/led.c.obj
 .debug_abbrev  0x000002c1      0x13d CMakeFiles/03-key.elf.dir/Core/SYSTEM/delay.c.obj
 .debug_abbrev  0x000003fe      0x198 CMakeFiles/03-key.elf.dir/Core/SYSTEM/sys.c.obj
 .debug_abbrev  0x00000596      0x2fd CMakeFiles/03-key.elf.dir/Core/SYSTEM/usart.c.obj
 .debug_abbrev  0x00000893       0xd1 CMakeFiles/03-key.elf.dir/Core/Src/gpio.c.obj
 .debug_abbrev  0x00000964      0x103 CMakeFiles/03-key.elf.dir/Core/Src/main.c.obj
 .debug_abbrev  0x00000a67       0xd1 CMakeFiles/03-key.elf.dir/Core/Src/stm32f4xx_hal_msp.c.obj
 .debug_abbrev  0x00000b38       0x7e CMakeFiles/03-key.elf.dir/Core/Src/stm32f4xx_it.c.obj
 .debug_abbrev  0x00000bb6      0x1a3 CMakeFiles/03-key.elf.dir/Core/Src/syscalls.c.obj
 .debug_abbrev  0x00000d59       0xe7 CMakeFiles/03-key.elf.dir/Core/Src/sysmem.c.obj
 .debug_abbrev  0x00000e40      0x119 CMakeFiles/03-key.elf.dir/Core/Src/system_stm32f4xx.c.obj
 .debug_abbrev  0x00000f59       0x12 CMakeFiles/03-key.elf.dir/Core/Startup/startup_stm32f407zgtx.s.obj
 .debug_abbrev  0x00000f6b      0x206 CMakeFiles/03-key.elf.dir/Drivers/STM32F4xx_HAL_Driver/Src/stm32f4xx_hal.c.obj
 .debug_abbrev  0x00001171      0x36a CMakeFiles/03-key.elf.dir/Drivers/STM32F4xx_HAL_Driver/Src/stm32f4xx_hal_cortex.c.obj
 .debug_abbrev  0x000014db      0x2c2 CMakeFiles/03-key.elf.dir/Drivers/STM32F4xx_HAL_Driver/Src/stm32f4xx_hal_dma.c.obj
 .debug_abbrev  0x0000179d      0x1ef CMakeFiles/03-key.elf.dir/Drivers/STM32F4xx_HAL_Driver/Src/stm32f4xx_hal_gpio.c.obj
 .debug_abbrev  0x0000198c      0x28a CMakeFiles/03-key.elf.dir/Drivers/STM32F4xx_HAL_Driver/Src/stm32f4xx_hal_rcc.c.obj
 .debug_abbrev  0x00001c16      0x2fd CMakeFiles/03-key.elf.dir/Drivers/STM32F4xx_HAL_Driver/Src/stm32f4xx_hal_uart.c.obj

.debug_loc      0x00000000     0x6edd
 .debug_loc     0x00000000       0x42 CMakeFiles/03-key.elf.dir/Core/HARDWARE/key.c.obj
 .debug_loc     0x00000042      0x157 CMakeFiles/03-key.elf.dir/Core/SYSTEM/delay.c.obj
 .debug_loc     0x00000199       0xd2 CMakeFiles/03-key.elf.dir/Core/SYSTEM/sys.c.obj
 .debug_loc     0x0000026b       0xff CMakeFiles/03-key.elf.dir/Core/SYSTEM/usart.c.obj
 .debug_loc     0x0000036a      0x3c5 CMakeFiles/03-key.elf.dir/Core/Src/syscalls.c.obj
 .debug_loc     0x0000072f       0x64 CMakeFiles/03-key.elf.dir/Core/Src/sysmem.c.obj
 .debug_loc     0x00000793      0x158 CMakeFiles/03-key.elf.dir/Core/Src/system_stm32f4xx.c.obj
 .debug_loc     0x000008eb      0x141 CMakeFiles/03-key.elf.dir/Drivers/STM32F4xx_HAL_Driver/Src/stm32f4xx_hal.c.obj
 .debug_loc     0x00000a2c      0x744 CMakeFiles/03-key.elf.dir/Drivers/STM32F4xx_HAL_Driver/Src/stm32f4xx_hal_cortex.c.obj
 .debug_loc     0x00001170      0xbf9 CMakeFiles/03-key.elf.dir/Drivers/STM32F4xx_HAL_Driver/Src/stm32f4xx_hal_dma.c.obj
 .debug_loc     0x00001d69      0x520 CMakeFiles/03-key.elf.dir/Drivers/STM32F4xx_HAL_Driver/Src/stm32f4xx_hal_gpio.c.obj
 .debug_loc     0x00002289      0x58c CMakeFiles/03-key.elf.dir/Drivers/STM32F4xx_HAL_Driver/Src/stm32f4xx_hal_rcc.c.obj
 .debug_loc     0x00002815     0x46c8 CMakeFiles/03-key.elf.dir/Drivers/STM32F4xx_HAL_Driver/Src/stm32f4xx_hal_uart.c.obj

.debug_aranges  0x00000000      0x7d8
 .debug_aranges
                0x00000000       0x28 CMakeFiles/03-key.elf.dir/Core/HARDWARE/key.c.obj
 .debug_aranges
                0x00000028       0x20 CMakeFiles/03-key.elf.dir/Core/HARDWARE/led.c.obj
 .debug_aranges
                0x00000048       0x30 CMakeFiles/03-key.elf.dir/Core/SYSTEM/delay.c.obj
 .debug_aranges
                0x00000078       0x20 CMakeFiles/03-key.elf.dir/Core/SYSTEM/sys.c.obj
 .debug_aranges
                0x00000098       0x50 CMakeFiles/03-key.elf.dir/Core/SYSTEM/usart.c.obj
 .debug_aranges
                0x000000e8       0x20 CMakeFiles/03-key.elf.dir/Core/Src/gpio.c.obj
 .debug_aranges
                0x00000108       0x20 CMakeFiles/03-key.elf.dir/Core/Src/main.c.obj
 .debug_aranges
                0x00000128       0x20 CMakeFiles/03-key.elf.dir/Core/Src/stm32f4xx_hal_msp.c.obj
 .debug_aranges
                0x00000148       0x60 CMakeFiles/03-key.elf.dir/Core/Src/stm32f4xx_it.c.obj
 .debug_aranges
                0x000001a8       0xa8 CMakeFiles/03-key.elf.dir/Core/Src/syscalls.c.obj
 .debug_aranges
                0x00000250       0x20 CMakeFiles/03-key.elf.dir/Core/Src/sysmem.c.obj
 .debug_aranges
                0x00000270       0x28 CMakeFiles/03-key.elf.dir/Core/Src/system_stm32f4xx.c.obj
 .debug_aranges
                0x00000298       0x28 CMakeFiles/03-key.elf.dir/Core/Startup/startup_stm32f407zgtx.s.obj
 .debug_aranges
                0x000002c0       0xf0 CMakeFiles/03-key.elf.dir/Drivers/STM32F4xx_HAL_Driver/Src/stm32f4xx_hal.c.obj
 .debug_aranges
                0x000003b0       0xb0 CMakeFiles/03-key.elf.dir/Drivers/STM32F4xx_HAL_Driver/Src/stm32f4xx_hal_cortex.c.obj
 .debug_aranges
                0x00000460       0x90 CMakeFiles/03-key.elf.dir/Drivers/STM32F4xx_HAL_Driver/Src/stm32f4xx_hal_dma.c.obj
 .debug_aranges
                0x000004f0       0x58 CMakeFiles/03-key.elf.dir/Drivers/STM32F4xx_HAL_Driver/Src/stm32f4xx_hal_gpio.c.obj
 .debug_aranges
                0x00000548       0x88 CMakeFiles/03-key.elf.dir/Drivers/STM32F4xx_HAL_Driver/Src/stm32f4xx_hal_rcc.c.obj
 .debug_aranges
                0x000005d0      0x208 CMakeFiles/03-key.elf.dir/Drivers/STM32F4xx_HAL_Driver/Src/stm32f4xx_hal_uart.c.obj

.debug_ranges   0x00000000      0x740
 .debug_ranges  0x00000000       0x18 CMakeFiles/03-key.elf.dir/Core/HARDWARE/key.c.obj
 .debug_ranges  0x00000018       0x10 CMakeFiles/03-key.elf.dir/Core/HARDWARE/led.c.obj
 .debug_ranges  0x00000028       0x20 CMakeFiles/03-key.elf.dir/Core/SYSTEM/delay.c.obj
 .debug_ranges  0x00000048       0x10 CMakeFiles/03-key.elf.dir/Core/SYSTEM/sys.c.obj
 .debug_ranges  0x00000058       0x40 CMakeFiles/03-key.elf.dir/Core/SYSTEM/usart.c.obj
 .debug_ranges  0x00000098       0x10 CMakeFiles/03-key.elf.dir/Core/Src/gpio.c.obj
 .debug_ranges  0x000000a8       0x10 CMakeFiles/03-key.elf.dir/Core/Src/main.c.obj
 .debug_ranges  0x000000b8       0x10 CMakeFiles/03-key.elf.dir/Core/Src/stm32f4xx_hal_msp.c.obj
 .debug_ranges  0x000000c8       0x50 CMakeFiles/03-key.elf.dir/Core/Src/stm32f4xx_it.c.obj
 .debug_ranges  0x00000118       0x98 CMakeFiles/03-key.elf.dir/Core/Src/syscalls.c.obj
 .debug_ranges  0x000001b0       0x10 CMakeFiles/03-key.elf.dir/Core/Src/sysmem.c.obj
 .debug_ranges  0x000001c0       0x18 CMakeFiles/03-key.elf.dir/Core/Src/system_stm32f4xx.c.obj
 .debug_ranges  0x000001d8       0x20 CMakeFiles/03-key.elf.dir/Core/Startup/startup_stm32f407zgtx.s.obj
 .debug_ranges  0x000001f8       0xe0 CMakeFiles/03-key.elf.dir/Drivers/STM32F4xx_HAL_Driver/Src/stm32f4xx_hal.c.obj
 .debug_ranges  0x000002d8      0x100 CMakeFiles/03-key.elf.dir/Drivers/STM32F4xx_HAL_Driver/Src/stm32f4xx_hal_cortex.c.obj
 .debug_ranges  0x000003d8       0x80 CMakeFiles/03-key.elf.dir/Drivers/STM32F4xx_HAL_Driver/Src/stm32f4xx_hal_dma.c.obj
 .debug_ranges  0x00000458       0x48 CMakeFiles/03-key.elf.dir/Drivers/STM32F4xx_HAL_Driver/Src/stm32f4xx_hal_gpio.c.obj
 .debug_ranges  0x000004a0       0x90 CMakeFiles/03-key.elf.dir/Drivers/STM32F4xx_HAL_Driver/Src/stm32f4xx_hal_rcc.c.obj
 .debug_ranges  0x00000530      0x210 CMakeFiles/03-key.elf.dir/Drivers/STM32F4xx_HAL_Driver/Src/stm32f4xx_hal_uart.c.obj

.debug_line     0x00000000     0x8dfa
 .debug_line    0x00000000      0x319 CMakeFiles/03-key.elf.dir/Core/HARDWARE/key.c.obj
 .debug_line    0x00000319      0x1b4 CMakeFiles/03-key.elf.dir/Core/HARDWARE/led.c.obj
 .debug_line    0x000004cd      0x264 CMakeFiles/03-key.elf.dir/Core/SYSTEM/delay.c.obj
 .debug_line    0x00000731      0x2ab CMakeFiles/03-key.elf.dir/Core/SYSTEM/sys.c.obj
 .debug_line    0x000009dc      0x4bd CMakeFiles/03-key.elf.dir/Core/SYSTEM/usart.c.obj
 .debug_line    0x00000e99      0x149 CMakeFiles/03-key.elf.dir/Core/Src/gpio.c.obj
 .debug_line    0x00000fe2      0x2a2 CMakeFiles/03-key.elf.dir/Core/Src/main.c.obj
 .debug_line    0x00001284      0x151 CMakeFiles/03-key.elf.dir/Core/Src/stm32f4xx_hal_msp.c.obj
 .debug_line    0x000013d5      0x1a9 CMakeFiles/03-key.elf.dir/Core/Src/stm32f4xx_it.c.obj
 .debug_line    0x0000157e      0x3e0 CMakeFiles/03-key.elf.dir/Core/Src/syscalls.c.obj
 .debug_line    0x0000195e      0x183 CMakeFiles/03-key.elf.dir/Core/Src/sysmem.c.obj
 .debug_line    0x00001ae1      0x219 CMakeFiles/03-key.elf.dir/Core/Src/system_stm32f4xx.c.obj
 .debug_line    0x00001cfa       0x9d CMakeFiles/03-key.elf.dir/Core/Startup/startup_stm32f407zgtx.s.obj
 .debug_line    0x00001d97      0x58b CMakeFiles/03-key.elf.dir/Drivers/STM32F4xx_HAL_Driver/Src/stm32f4xx_hal.c.obj
 .debug_line    0x00002322      0x7b7 CMakeFiles/03-key.elf.dir/Drivers/STM32F4xx_HAL_Driver/Src/stm32f4xx_hal_cortex.c.obj
 .debug_line    0x00002ad9      0xe33 CMakeFiles/03-key.elf.dir/Drivers/STM32F4xx_HAL_Driver/Src/stm32f4xx_hal_dma.c.obj
 .debug_line    0x0000390c      0x6ef CMakeFiles/03-key.elf.dir/Drivers/STM32F4xx_HAL_Driver/Src/stm32f4xx_hal_gpio.c.obj
 .debug_line    0x00003ffb      0xb1e CMakeFiles/03-key.elf.dir/Drivers/STM32F4xx_HAL_Driver/Src/stm32f4xx_hal_rcc.c.obj
 .debug_line    0x00004b19     0x42e1 CMakeFiles/03-key.elf.dir/Drivers/STM32F4xx_HAL_Driver/Src/stm32f4xx_hal_uart.c.obj

.debug_str      0x00000000     0x2cfb
 .debug_str     0x00000000      0x349 CMakeFiles/03-key.elf.dir/Core/HARDWARE/key.c.obj
                                0x3a6 (size before relaxing)
 .debug_str     0x00000349       0x70 CMakeFiles/03-key.elf.dir/Core/HARDWARE/led.c.obj
                                0x38f (size before relaxing)
 .debug_str     0x000003b9       0xa3 CMakeFiles/03-key.elf.dir/Core/SYSTEM/delay.c.obj
                                0x26f (size before relaxing)
 .debug_str     0x0000045c      0x1fd CMakeFiles/03-key.elf.dir/Core/SYSTEM/sys.c.obj
                                0x4b4 (size before relaxing)
 .debug_str     0x00000659      0xdc0 CMakeFiles/03-key.elf.dir/Core/SYSTEM/usart.c.obj
                               0x11aa (size before relaxing)
 .debug_str     0x00001419       0x35 CMakeFiles/03-key.elf.dir/Core/Src/gpio.c.obj
                                0x2d5 (size before relaxing)
 .debug_str     0x0000144e       0x5f CMakeFiles/03-key.elf.dir/Core/Src/main.c.obj
                                0x2a3 (size before relaxing)
 .debug_str     0x000014ad       0x41 CMakeFiles/03-key.elf.dir/Core/Src/stm32f4xx_hal_msp.c.obj
                                0x2e1 (size before relaxing)
 .debug_str     0x000014ee       0xcc CMakeFiles/03-key.elf.dir/Core/Src/stm32f4xx_it.c.obj
                                0x255 (size before relaxing)
 .debug_str     0x000015ba      0x201 CMakeFiles/03-key.elf.dir/Core/Src/syscalls.c.obj
                                0x41f (size before relaxing)
 .debug_str     0x000017bb       0x8a CMakeFiles/03-key.elf.dir/Core/Src/sysmem.c.obj
                                0x24b (size before relaxing)
 .debug_str     0x00001845       0x92 CMakeFiles/03-key.elf.dir/Core/Src/system_stm32f4xx.c.obj
                                0x347 (size before relaxing)
 .debug_str     0x000018d7       0x4b CMakeFiles/03-key.elf.dir/Core/Startup/startup_stm32f407zgtx.s.obj
                                 0x7f (size before relaxing)
 .debug_str     0x00001922      0x312 CMakeFiles/03-key.elf.dir/Drivers/STM32F4xx_HAL_Driver/Src/stm32f4xx_hal.c.obj
                                0xb80 (size before relaxing)
 .debug_str     0x00001c34      0x49f CMakeFiles/03-key.elf.dir/Drivers/STM32F4xx_HAL_Driver/Src/stm32f4xx_hal_cortex.c.obj
                                0xc69 (size before relaxing)
 .debug_str     0x000020d3      0x320 CMakeFiles/03-key.elf.dir/Drivers/STM32F4xx_HAL_Driver/Src/stm32f4xx_hal_dma.c.obj
                                0x79c (size before relaxing)
 .debug_str     0x000023f3      0x129 CMakeFiles/03-key.elf.dir/Drivers/STM32F4xx_HAL_Driver/Src/stm32f4xx_hal_gpio.c.obj
                                0x506 (size before relaxing)
 .debug_str     0x0000251c      0x1ed CMakeFiles/03-key.elf.dir/Drivers/STM32F4xx_HAL_Driver/Src/stm32f4xx_hal_rcc.c.obj
                                0x72c (size before relaxing)
 .debug_str     0x00002709      0x5f2 CMakeFiles/03-key.elf.dir/Drivers/STM32F4xx_HAL_Driver/Src/stm32f4xx_hal_uart.c.obj
                                0xdc1 (size before relaxing)

.comment        0x00000000       0x49
 .comment       0x00000000       0x49 CMakeFiles/03-key.elf.dir/Core/HARDWARE/key.c.obj
                                 0x4a (size before relaxing)
 .comment       0x00000049       0x4a CMakeFiles/03-key.elf.dir/Core/HARDWARE/led.c.obj
 .comment       0x00000049       0x4a CMakeFiles/03-key.elf.dir/Core/SYSTEM/delay.c.obj
 .comment       0x00000049       0x4a CMakeFiles/03-key.elf.dir/Core/SYSTEM/sys.c.obj
 .comment       0x00000049       0x4a CMakeFiles/03-key.elf.dir/Core/SYSTEM/usart.c.obj
 .comment       0x00000049       0x4a CMakeFiles/03-key.elf.dir/Core/Src/gpio.c.obj
 .comment       0x00000049       0x4a CMakeFiles/03-key.elf.dir/Core/Src/main.c.obj
 .comment       0x00000049       0x4a CMakeFiles/03-key.elf.dir/Core/Src/stm32f4xx_hal_msp.c.obj
 .comment       0x00000049       0x4a CMakeFiles/03-key.elf.dir/Core/Src/stm32f4xx_it.c.obj
 .comment       0x00000049       0x4a CMakeFiles/03-key.elf.dir/Core/Src/syscalls.c.obj
 .comment       0x00000049       0x4a CMakeFiles/03-key.elf.dir/Core/Src/sysmem.c.obj
 .comment       0x00000049       0x4a CMakeFiles/03-key.elf.dir/Core/Src/system_stm32f4xx.c.obj
 .comment       0x00000049       0x4a CMakeFiles/03-key.elf.dir/Drivers/STM32F4xx_HAL_Driver/Src/stm32f4xx_hal.c.obj
 .comment       0x00000049       0x4a CMakeFiles/03-key.elf.dir/Drivers/STM32F4xx_HAL_Driver/Src/stm32f4xx_hal_cortex.c.obj
 .comment       0x00000049       0x4a CMakeFiles/03-key.elf.dir/Drivers/STM32F4xx_HAL_Driver/Src/stm32f4xx_hal_dma.c.obj
 .comment       0x00000049       0x4a CMakeFiles/03-key.elf.dir/Drivers/STM32F4xx_HAL_Driver/Src/stm32f4xx_hal_gpio.c.obj
 .comment       0x00000049       0x4a CMakeFiles/03-key.elf.dir/Drivers/STM32F4xx_HAL_Driver/Src/stm32f4xx_hal_rcc.c.obj
 .comment       0x00000049       0x4a CMakeFiles/03-key.elf.dir/Drivers/STM32F4xx_HAL_Driver/Src/stm32f4xx_hal_uart.c.obj

.debug_frame    0x00000000     0x2760
 .debug_frame   0x00000000       0x4c CMakeFiles/03-key.elf.dir/Core/HARDWARE/key.c.obj
 .debug_frame   0x0000004c       0x34 CMakeFiles/03-key.elf.dir/Core/HARDWARE/led.c.obj
 .debug_frame   0x00000080       0x60 CMakeFiles/03-key.elf.dir/Core/SYSTEM/delay.c.obj
 .debug_frame   0x000000e0       0x38 CMakeFiles/03-key.elf.dir/Core/SYSTEM/sys.c.obj
 .debug_frame   0x00000118       0xa0 CMakeFiles/03-key.elf.dir/Core/SYSTEM/usart.c.obj
 .debug_frame   0x000001b8       0x28 CMakeFiles/03-key.elf.dir/Core/Src/gpio.c.obj
 .debug_frame   0x000001e0       0x28 CMakeFiles/03-key.elf.dir/Core/Src/main.c.obj
 .debug_frame   0x00000208       0x28 CMakeFiles/03-key.elf.dir/Core/Src/stm32f4xx_hal_msp.c.obj
 .debug_frame   0x00000230       0xa8 CMakeFiles/03-key.elf.dir/Core/Src/stm32f4xx_it.c.obj
 .debug_frame   0x000002d8      0x190 CMakeFiles/03-key.elf.dir/Core/Src/syscalls.c.obj
 .debug_frame   0x00000468       0x28 CMakeFiles/03-key.elf.dir/Core/Src/sysmem.c.obj
 .debug_frame   0x00000490       0x30 CMakeFiles/03-key.elf.dir/Core/Src/system_stm32f4xx.c.obj
 .debug_frame   0x000004c0      0x1ec CMakeFiles/03-key.elf.dir/Drivers/STM32F4xx_HAL_Driver/Src/stm32f4xx_hal.c.obj
 .debug_frame   0x000006ac      0x158 CMakeFiles/03-key.elf.dir/Drivers/STM32F4xx_HAL_Driver/Src/stm32f4xx_hal_cortex.c.obj
 .debug_frame   0x00000804      0x188 CMakeFiles/03-key.elf.dir/Drivers/STM32F4xx_HAL_Driver/Src/stm32f4xx_hal_dma.c.obj
 .debug_frame   0x0000098c       0xd8 CMakeFiles/03-key.elf.dir/Drivers/STM32F4xx_HAL_Driver/Src/stm32f4xx_hal_gpio.c.obj
 .debug_frame   0x00000a64      0x16c CMakeFiles/03-key.elf.dir/Drivers/STM32F4xx_HAL_Driver/Src/stm32f4xx_hal_rcc.c.obj