Archive member included to satisfy reference by file (symbol)

f:/arm-gcc/10 2021.10/bin/../lib/gcc/arm-none-eabi/10.3.1/thumb/v7e-m/nofp\libgcc.a(_aeabi_uldivmod.o)
                              CMakeFiles/01_test.elf.dir/Drivers/STM32F4xx_HAL_Driver/Src/stm32f4xx_hal_rcc.c.obj (__aeabi_uldivmod)
f:/arm-gcc/10 2021.10/bin/../lib/gcc/arm-none-eabi/10.3.1/thumb/v7e-m/nofp\libgcc.a(_udivmoddi4.o)
                              f:/arm-gcc/10 2021.10/bin/../lib/gcc/arm-none-eabi/10.3.1/thumb/v7e-m/nofp\libgcc.a(_aeabi_uldivmod.o) (__udivmoddi4)
f:/arm-gcc/10 2021.10/bin/../lib/gcc/arm-none-eabi/10.3.1/thumb/v7e-m/nofp\libgcc.a(_dvmd_tls.o)
                              f:/arm-gcc/10 2021.10/bin/../lib/gcc/arm-none-eabi/10.3.1/thumb/v7e-m/nofp\libgcc.a(_aeabi_uldivmod.o) (__aeabi_ldiv0)
f:/arm-gcc/10 2021.10/bin/../lib/gcc/arm-none-eabi/10.3.1/../../../../arm-none-eabi/lib/thumb/v7e-m/nofp\libg.a(lib_a-errno.o)
                              CMakeFiles/01_test.elf.dir/Core/Src/syscalls.c.obj (__errno)
f:/arm-gcc/10 2021.10/bin/../lib/gcc/arm-none-eabi/10.3.1/../../../../arm-none-eabi/lib/thumb/v7e-m/nofp\libg.a(lib_a-exit.o)
                              f:/arm-gcc/10 2021.10/bin/../lib/gcc/arm-none-eabi/10.3.1/../../../../arm-none-eabi/lib/thumb/v7e-m/nofp/crt0.o (exit)
f:/arm-gcc/10 2021.10/bin/../lib/gcc/arm-none-eabi/10.3.1/../../../../arm-none-eabi/lib/thumb/v7e-m/nofp\libg.a(lib_a-impure.o)
                              f:/arm-gcc/10 2021.10/bin/../lib/gcc/arm-none-eabi/10.3.1/../../../../arm-none-eabi/lib/thumb/v7e-m/nofp\libg.a(lib_a-exit.o) (_global_impure_ptr)
f:/arm-gcc/10 2021.10/bin/../lib/gcc/arm-none-eabi/10.3.1/../../../../arm-none-eabi/lib/thumb/v7e-m/nofp\libg.a(lib_a-init.o)
                              f:/arm-gcc/10 2021.10/bin/../lib/gcc/arm-none-eabi/10.3.1/../../../../arm-none-eabi/lib/thumb/v7e-m/nofp/crt0.o (__libc_init_array)
f:/arm-gcc/10 2021.10/bin/../lib/gcc/arm-none-eabi/10.3.1/../../../../arm-none-eabi/lib/thumb/v7e-m/nofp\libg.a(lib_a-memset.o)
                              f:/arm-gcc/10 2021.10/bin/../lib/gcc/arm-none-eabi/10.3.1/../../../../arm-none-eabi/lib/thumb/v7e-m/nofp/crt0.o (memset)
f:/arm-gcc/10 2021.10/bin/../lib/gcc/arm-none-eabi/10.3.1/../../../../arm-none-eabi/lib/thumb/v7e-m/nofp\libg.a(lib_a-printf.o)
                              CMakeFiles/01_test.elf.dir/Core/Src/main.c.obj (printf)
f:/arm-gcc/10 2021.10/bin/../lib/gcc/arm-none-eabi/10.3.1/../../../../arm-none-eabi/lib/thumb/v7e-m/nofp\libg.a(lib_a-vfprintf.o)
                              f:/arm-gcc/10 2021.10/bin/../lib/gcc/arm-none-eabi/10.3.1/../../../../arm-none-eabi/lib/thumb/v7e-m/nofp\libg.a(lib_a-printf.o) (_vfprintf_r)
f:/arm-gcc/10 2021.10/bin/../lib/gcc/arm-none-eabi/10.3.1/../../../../arm-none-eabi/lib/thumb/v7e-m/nofp\libg.a(lib_a-wsetup.o)
                              f:/arm-gcc/10 2021.10/bin/../lib/gcc/arm-none-eabi/10.3.1/../../../../arm-none-eabi/lib/thumb/v7e-m/nofp\libg.a(lib_a-vfprintf.o) (__swsetup_r)
f:/arm-gcc/10 2021.10/bin/../lib/gcc/arm-none-eabi/10.3.1/../../../../arm-none-eabi/lib/thumb/v7e-m/nofp\libg.a(lib_a-__call_atexit.o)
                              f:/arm-gcc/10 2021.10/bin/../lib/gcc/arm-none-eabi/10.3.1/../../../../arm-none-eabi/lib/thumb/v7e-m/nofp\libg.a(lib_a-exit.o) (__call_exitprocs)
f:/arm-gcc/10 2021.10/bin/../lib/gcc/arm-none-eabi/10.3.1/../../../../arm-none-eabi/lib/thumb/v7e-m/nofp\libg.a(lib_a-atexit.o)
                              f:/arm-gcc/10 2021.10/bin/../lib/gcc/arm-none-eabi/10.3.1/../../../../arm-none-eabi/lib/thumb/v7e-m/nofp\libg.a(lib_a-__call_atexit.o) (atexit)
f:/arm-gcc/10 2021.10/bin/../lib/gcc/arm-none-eabi/10.3.1/../../../../arm-none-eabi/lib/thumb/v7e-m/nofp\libg.a(lib_a-dtoa.o)
                              f:/arm-gcc/10 2021.10/bin/../lib/gcc/arm-none-eabi/10.3.1/../../../../arm-none-eabi/lib/thumb/v7e-m/nofp\libg.a(lib_a-vfprintf.o) (_dtoa_r)
f:/arm-gcc/10 2021.10/bin/../lib/gcc/arm-none-eabi/10.3.1/../../../../arm-none-eabi/lib/thumb/v7e-m/nofp\libg.a(lib_a-fflush.o)
                              f:/arm-gcc/10 2021.10/bin/../lib/gcc/arm-none-eabi/10.3.1/../../../../arm-none-eabi/lib/thumb/v7e-m/nofp\libg.a(lib_a-vfprintf.o) (_fflush_r)
f:/arm-gcc/10 2021.10/bin/../lib/gcc/arm-none-eabi/10.3.1/../../../../arm-none-eabi/lib/thumb/v7e-m/nofp\libg.a(lib_a-findfp.o)
                              f:/arm-gcc/10 2021.10/bin/../lib/gcc/arm-none-eabi/10.3.1/../../../../arm-none-eabi/lib/thumb/v7e-m/nofp\libg.a(lib_a-vfprintf.o) (__sinit)
f:/arm-gcc/10 2021.10/bin/../lib/gcc/arm-none-eabi/10.3.1/../../../../arm-none-eabi/lib/thumb/v7e-m/nofp\libg.a(lib_a-fini.o)
                              f:/arm-gcc/10 2021.10/bin/../lib/gcc/arm-none-eabi/10.3.1/../../../../arm-none-eabi/lib/thumb/v7e-m/nofp\libg.a(lib_a-__call_atexit.o) (__libc_fini_array)
f:/arm-gcc/10 2021.10/bin/../lib/gcc/arm-none-eabi/10.3.1/../../../../arm-none-eabi/lib/thumb/v7e-m/nofp\libg.a(lib_a-freer.o)
[...]
Memory Configuration

Name             Origin             Length             Attributes
CCMRAM           0x10000000         0x00010000         xrw
RAM              0x20000000         0x00020000         xrw
FLASH            0x08000000         0x00100000         xr
*default*        0x00000000         0xffffffff

Linker script and memory map

LOAD f:/arm-gcc/10 2021.10/bin/../lib/gcc/arm-none-eabi/10.3.1/thumb/v7e-m/nofp/crti.o
LOAD f:/arm-gcc/10 2021.10/bin/../lib/gcc/arm-none-eabi/10.3.1/thumb/v7e-m/nofp/crtbegin.o
LOAD f:/arm-gcc/10 2021.10/bin/../lib/gcc/arm-none-eabi/10.3.1/../../../../arm-none-eabi/lib/thumb/v7e-m/nofp/crt0.o
LOAD CMakeFiles/01_test.elf.dir/Core/Src/gpio.c.obj
LOAD CMakeFiles/01_test.elf.dir/Core/Src/main.c.obj
LOAD CMakeFiles/01_test.elf.dir/Core/Src/spi.c.obj
LOAD CMakeFiles/01_test.elf.dir/Core/Src/stm32f4xx_hal_msp.c.obj
LOAD CMakeFiles/01_test.elf.dir/Core/Src/stm32f4xx_it.c.obj
LOAD CMakeFiles/01_test.elf.dir/Core/Src/syscalls.c.obj
LOAD CMakeFiles/01_test.elf.dir/Core/Src/sysmem.c.obj
LOAD CMakeFiles/01_test.elf.dir/Core/Src/system_stm32f4xx.c.obj
LOAD CMakeFiles/01_test.elf.dir/Core/Src/usart.c.obj
LOAD CMakeFiles/01_test.elf.dir/Core/Startup/startup_stm32f407vgtx.s.obj
LOAD CMakeFiles/01_test.elf.dir/Drivers/STM32F4xx_HAL_Driver/Src/stm32f4xx_hal.c.obj
LOAD CMakeFiles/01_test.elf.dir/Drivers/STM32F4xx_HAL_Driver/Src/stm32f4xx_hal_cortex.c.obj
LOAD CMakeFiles/01_test.elf.dir/Drivers/STM32F4xx_HAL_Driver/Src/stm32f4xx_hal_dma.c.obj
LOAD CMakeFiles/01_test.elf.dir/Drivers/STM32F4xx_HAL_Driver/Src/stm32f4xx_hal_dma_ex.c.obj
LOAD CMakeFiles/01_test.elf.dir/Drivers/STM32F4xx_HAL_Driver/Src/stm32f4xx_hal_exti.c.obj
LOAD CMakeFiles/01_test.elf.dir/Drivers/STM32F4xx_HAL_Driver/Src/stm32f4xx_hal_flash.c.obj
LOAD CMakeFiles/01_test.elf.dir/Drivers/STM32F4xx_HAL_Driver/Src/stm32f4xx_hal_flash_ex.c.obj
LOAD CMakeFiles/01_test.elf.dir/Drivers/STM32F4xx_HAL_Driver/Src/stm32f4xx_hal_flash_ramfunc.c.obj
LOAD CMakeFiles/01_test.elf.dir/Drivers/STM32F4xx_HAL_Driver/Src/stm32f4xx_hal_gpio.c.obj
LOAD CMakeFiles/01_test.elf.dir/Drivers/STM32F4xx_HAL_Driver/Src/stm32f4xx_hal_pwr.c.obj
LOAD CMakeFiles/01_test.elf.dir/Drivers/STM32F4xx_HAL_Driver/Src/stm32f4xx_hal_pwr_ex.c.obj
LOAD CMakeFiles/01_test.elf.dir/Drivers/STM32F4xx_HAL_Driver/Src/stm32f4xx_hal_rcc.c.obj
LOAD CMakeFiles/01_test.elf.dir/Drivers/STM32F4xx_HAL_Driver/Src/stm32f4xx_hal_rcc_ex.c.obj
LOAD CMakeFiles/01_test.elf.dir/Drivers/STM32F4xx_HAL_Driver/Src/stm32f4xx_hal_spi.c.obj
LOAD CMakeFiles/01_test.elf.dir/Drivers/STM32F4xx_HAL_Driver/Src/stm32f4xx_hal_tim.c.obj
LOAD CMakeFiles/01_test.elf.dir/Drivers/STM32F4xx_HAL_Driver/Src/stm32f4xx_hal_tim_ex.c.obj
LOAD CMakeFiles/01_test.elf.dir/Drivers/STM32F4xx_HAL_Driver/Src/stm32f4xx_hal_uart.c.obj
LOAD CMakeFiles/01_test.elf.dir/FATFS/App/fatfs.c.obj
LOAD CMakeFiles/01_test.elf.dir/FATFS/Target/user_diskio.c.obj
LOAD CMakeFiles/01_test.elf.dir/Middlewares/Third_Party/FatFs/src/diskio.c.obj
LOAD CMakeFiles/01_test.elf.dir/Middlewares/Third_Party/FatFs/src/ff.c.obj
LOAD CMakeFiles/01_test.elf.dir/Middlewares/Third_Party/FatFs/src/ff_gen_drv.c.obj
LOAD CMakeFiles/01_test.elf.dir/Middlewares/Third_Party/FatFs/src/option/syscall.c.obj
START GROUP
LOAD f:/arm-gcc/10 2021.10/bin/../lib/gcc/arm-none-eabi/10.3.1/thumb/v7e-m/nofp\libgcc.a
LOAD f:/arm-gcc/10 2021.10/bin/../lib/gcc/arm-none-eabi/10.3.1/../../../../arm-none-eabi/lib/thumb/v7e-m/nofp\libg.a
LOAD f:/arm-gcc/10 2021.10/bin/../lib/gcc/arm-none-eabi/10.3.1/../../../../arm-none-eabi/lib/thumb/v7e-m/nofp\libc.a
END GROUP
LOAD f:/arm-gcc/10 2021.10/bin/../lib/gcc/arm-none-eabi/10.3.1/thumb/v7e-m/nofp/crtend.o
LOAD f:/arm-gcc/10 2021.10/bin/../lib/gcc/arm-none-eabi/10.3.1/thumb/v7e-m/nofp/crtn.o
                0x20020000                _estack = (ORIGIN (RAM) + LENGTH (RAM))
                0x00000200                _Min_Heap_Size = 0x200
                0x00000400                _Min_Stack_Size = 0x400

.isr_vector     0x08000000      0x188
                0x08000000                . = ALIGN (0x4)
 *(.isr_vector)
 .isr_vector    0x08000000      0x188 CMakeFiles/01_test.elf.dir/Core/Startup/startup_stm32f407vgtx.s.obj
                0x08000000                g_pfnVectors
                0x08000188                . = ALIGN (0x4)

.text           0x080001c0     0x8188
                0x080001c0                . = ALIGN (0x4)
 *(.text)
 .text          0x080001c0       0x40 f:/arm-gcc/10 2021.10/bin/../lib/gcc/arm-none-eabi/10.3.1/thumb/v7e-m/nofp/crtbegin.o
 .text          0x08000200       0x30 f:/arm-gcc/10 2021.10/bin/../lib/gcc/arm-none-eabi/10.3.1/thumb/v7e-m/nofp\libgcc.a(_aeabi_uldivmod.o)
                0x08000200                __aeabi_uldivmod
 .text          0x08000230      0x2d0 f:/arm-gcc/10 2021.10/bin/../lib/gcc/arm-none-eabi/10.3.1/thumb/v7e-m/nofp\libgcc.a(_udivmoddi4.o)
                0x08000230                __udivmoddi4
 .text          0x08000500        0x4 f:/arm-gcc/10 2021.10/bin/../lib/gcc/arm-none-eabi/10.3.1/thumb/v7e-m/nofp\libgcc.a(_dvmd_tls.o)
                0x08000500                __aeabi_idiv0
                0x08000500                __aeabi_ldiv0
 *fill*         0x08000504        0xc 
 .text          0x08000510       0xa0 f:/arm-gcc/10 2021.10/bin/../lib/gcc/arm-none-eabi/10.3.1/../../../../arm-none-eabi/lib/thumb/v7e-m/nofp\libg.a(lib_a-memchr.o)
                0x08000510                memchr
 .text          0x080005b0      0x134 f:/arm-gcc/10 2021.10/bin/../lib/gcc/arm-none-eabi/10.3.1/../../../../arm-none-eabi/lib/thumb/v7e-m/nofp\libg.a(lib_a-memcpy.o)
                0x080005b0                memcpy
 *fill*         0x080006e4       0x1c 
 .text          0x08000700       0xdc f:/arm-gcc/10 2021.10/bin/../lib/gcc/arm-none-eabi/10.3.1/../../../../arm-none-eabi/lib/thumb/v7e-m/nofp\libg.a(lib_a-strlen.o)
                0x08000700                strlen
 .text          0x080007dc      0x378 f:/arm-gcc/10 2021.10/bin/../lib/gcc/arm-none-eabi/10.3.1/thumb/v7e-m/nofp\libgcc.a(_arm_addsubdf3.o)
                0x080007dc                __aeabi_drsub
                0x080007e4                __aeabi_dsub
                0x080007e4                __subdf3
                0x080007e8                __aeabi_dadd
                0x080007e8                __adddf3
                0x08000a60                __floatunsidf
                0x08000a60                __aeabi_ui2d
                0x08000a80                __floatsidf
                0x08000a80                __aeabi_i2d
                0x08000aa4                __aeabi_f2d
                0x08000aa4                __extendsfdf2
                0x08000ae8                __floatundidf
                0x08000ae8                __aeabi_ul2d
                0x08000af8                __floatdidf
                0x08000af8                __aeabi_l2d
 .text          0x08000b54      0x424 f:/arm-gcc/10 2021.10/bin/../lib/gcc/arm-none-eabi/10.3.1/thumb/v7e-m/nofp\libgcc.a(_arm_muldivdf3.o)
                0x08000b54                __aeabi_dmul
                0x08000b54                __muldf3
                0x08000da8                __divdf3
                0x08000da8                __aeabi_ddiv
 .text          0x08000f78      0x110 f:/arm-gcc/10 2021.10/bin/../lib/gcc/arm-none-eabi/10.3.1/thumb/v7e-m/nofp\libgcc.a(_arm_cmpdf2.o)
                0x08000f78                __gtdf2
                0x08000f78                __gedf2
                0x08000f80                __ltdf2
                0x08000f80                __ledf2
                0x08000f88                __nedf2
                0x08000f88                __eqdf2
                0x08000f88                __cmpdf2
                0x08001004                __aeabi_cdrcmple
                0x08001014                __aeabi_cdcmpeq
                0x08001014                __aeabi_cdcmple
                0x08001024                __aeabi_dcmpeq
                0x08001038                __aeabi_dcmplt
                0x0800104c                __aeabi_dcmple
                0x08001060                __aeabi_dcmpge
                0x08001074                __aeabi_dcmpgt
 .text          0x08001088       0x2c f:/arm-gcc/10 2021.10/bin/../lib/gcc/arm-none-eabi/10.3.1/thumb/v7e-m/nofp\libgcc.a(_arm_unorddf2.o)
                0x08001088                __unorddf2
                0x08001088                __aeabi_dcmpun
 .text          0x080010b4       0x50 f:/arm-gcc/10 2021.10/bin/../lib/gcc/arm-none-eabi/10.3.1/thumb/v7e-m/nofp\libgcc.a(_arm_fixdfsi.o)
                0x080010b4                __aeabi_d2iz
                0x080010b4                __fixdfsi
 *(.text*)
 .text.MX_GPIO_Init
                0x08001104       0xb4 CMakeFiles/01_test.elf.dir/Core/Src/gpio.c.obj
                0x08001104                MX_GPIO_Init
 .text.Error_Handler
                0x080011b8        0x4 CMakeFiles/01_test.elf.dir/Core/Src/main.c.obj
                0x080011b8                Error_Handler
 .text.SystemClock_Config
                0x080011bc       0xa4 CMakeFiles/01_test.elf.dir/Core/Src/main.c.obj
                0x080011bc                SystemClock_Config
 .text.main     0x08001260       0x2c CMakeFiles/01_test.elf.dir/Core/Src/main.c.obj
                0x08001260                main
 .text.MX_SPI1_Init
                0x0800128c       0x40 CMakeFiles/01_test.elf.dir/Core/Src/spi.c.obj
                0x0800128c                MX_SPI1_Init
 .text.MX_SPI2_Init
                0x080012cc       0x40 CMakeFiles/01_test.elf.dir/Core/Src/spi.c.obj
                0x080012cc                MX_SPI2_Init
 .text.HAL_SPI_MspInit
                0x0800130c       0xf0 CMakeFiles/01_test.elf.dir/Core/Src/spi.c.obj
                0x0800130c                HAL_SPI_MspInit
 .text.HAL_MspInit
                0x080013fc       0x38 CMakeFiles/01_test.elf.dir/Core/Src/stm32f4xx_hal_msp.c.obj
                0x080013fc                HAL_MspInit
 .text.NMI_Handler
                0x08001434        0x2 CMakeFiles/01_test.elf.dir/Core/Src/stm32f4xx_it.c.obj
                0x08001434                NMI_Handler
 .text.HardFault_Handler
                0x08001436        0x2 CMakeFiles/01_test.elf.dir/Core/Src/stm32f4xx_it.c.obj
                0x08001436                HardFault_Handler
 .text.MemManage_Handler
                0x08001438        0x2 CMakeFiles/01_test.elf.dir/Core/Src/stm32f4xx_it.c.obj
                0x08001438                MemManage_Handler
 .text.BusFault_Handler
                0x0800143a        0x2 CMakeFiles/01_test.elf.dir/Core/Src/stm32f4xx_it.c.obj
                0x0800143a                BusFault_Handler
 .text.UsageFault_Handler
                0x0800143c        0x2 CMakeFiles/01_test.elf.dir/Core/Src/stm32f4xx_it.c.obj
                0x0800143c                UsageFault_Handler
 .text.SVC_Handler
                0x0800143e        0x2 CMakeFiles/01_test.elf.dir/Core/Src/stm32f4xx_it.c.obj
                0x0800143e                SVC_Handler
 .text.DebugMon_Handler
                0x08001440        0x2 CMakeFiles/01_test.elf.dir/Core/Src/stm32f4xx_it.c.obj
                0x08001440                DebugMon_Handler
 .text.PendSV_Handler
                0x08001442        0x2 CMakeFiles/01_test.elf.dir/Core/Src/stm32f4xx_it.c.obj
                0x08001442                PendSV_Handler
 .text.SysTick_Handler
                0x08001444        0x8 CMakeFiles/01_test.elf.dir/Core/Src/stm32f4xx_it.c.obj
                0x08001444                SysTick_Handler
 .text._getpid  0x0800144c        0x4 CMakeFiles/01_test.elf.dir/Core/Src/syscalls.c.obj
                0x0800144c                _getpid
 .text._kill    0x08001450       0x10 CMakeFiles/01_test.elf.dir/Core/Src/syscalls.c.obj
                0x08001450                _kill
 .text._exit    0x08001460        0xc CMakeFiles/01_test.elf.dir/Core/Src/syscalls.c.obj
                0x08001460                _exit
 .text._read    0x0800146c       0x20 CMakeFiles/01_test.elf.dir/Core/Src/syscalls.c.obj
                0x0800146c                _read
 .text._write   0x0800148c       0x1c CMakeFiles/01_test.elf.dir/Core/Src/syscalls.c.obj
                0x0800148c                _write
 .text._close   0x080014a8        0x6 CMakeFiles/01_test.elf.dir/Core/Src/syscalls.c.obj
                0x080014a8                _close
 .text._fstat   0x080014ae        0xa CMakeFiles/01_test.elf.dir/Core/Src/syscalls.c.obj
                0x080014ae                _fstat
 .text._isatty  0x080014b8        0x4 CMakeFiles/01_test.elf.dir/Core/Src/syscalls.c.obj
                0x080014b8                _isatty
 .text._lseek   0x080014bc        0x4 CMakeFiles/01_test.elf.dir/Core/Src/syscalls.c.obj
                0x080014bc                _lseek
 .text._sbrk    0x080014c0       0x48 CMakeFiles/01_test.elf.dir/Core/Src/sysmem.c.obj
                0x080014c0                _sbrk
 .text.SystemInit
                0x08001508        0x2 CMakeFiles/01_test.elf.dir/Core/Src/system_stm32f4xx.c.obj
                0x08001508                SystemInit
 *fill*         0x0800150a        0x2 
 .text.__io_putchar
                0x0800150c       0x20 CMakeFiles/01_test.elf.dir/Core/Src/usart.c.obj
                0x0800150c                __io_putchar
 .text.MX_USART2_UART_Init
                0x0800152c       0x34 CMakeFiles/01_test.elf.dir/Core/Src/usart.c.obj
                0x0800152c                MX_USART2_UART_Init
 .text.HAL_UART_MspInit
                0x08001560       0x70 CMakeFiles/01_test.elf.dir/Core/Src/usart.c.obj
                0x08001560                HAL_UART_MspInit
 .text.Reset_Handler
                0x080015d0       0x50 CMakeFiles/01_test.elf.dir/Core/Startup/startup_stm32f407vgtx.s.obj
                0x080015d0                Reset_Handler
 .text.Default_Handler
                0x08001620        0x2 CMakeFiles/01_test.elf.dir/Core/Startup/startup_stm32f407vgtx.s.obj
                0x08001620                RTC_Alarm_IRQHandler
                0x08001620                HASH_RNG_IRQHandler
                0x08001620                EXTI2_IRQHandler
                0x08001620                TIM8_CC_IRQHandler
                0x08001620                TIM1_CC_IRQHandler
                0x08001620                DMA2_Stream5_IRQHandler
                0x08001620                DMA1_Stream5_IRQHandler
                0x08001620                PVD_IRQHandler
                0x08001620                SDIO_IRQHandler
                0x08001620                TAMP_STAMP_IRQHandler
                0x08001620                CAN2_RX1_IRQHandler
                0x08001620                EXTI3_IRQHandler
                0x08001620                TIM8_TRG_COM_TIM14_IRQHandler
                0x08001620                TIM1_UP_TIM10_IRQHandler
                0x08001620                TIM8_UP_TIM13_IRQHandler
                0x08001620                I2C3_ER_IRQHandler
                0x08001620                EXTI0_IRQHandler
                0x08001620                I2C2_EV_IRQHandler
                0x08001620                DMA1_Stream2_IRQHandler
                0x08001620                CAN1_RX0_IRQHandler
                0x08001620                FPU_IRQHandler
                0x08001620                OTG_HS_WKUP_IRQHandler
                0x08001620                CAN2_SCE_IRQHandler
                0x08001620                DMA2_Stream2_IRQHandler
                0x08001620                SPI1_IRQHandler
                0x08001620                TIM6_DAC_IRQHandler
                0x08001620                TIM1_BRK_TIM9_IRQHandler
                0x08001620                DCMI_IRQHandler
                0x08001620                CAN2_RX0_IRQHandler
                0x08001620                DMA2_Stream3_IRQHandler
                0x08001620                USART6_IRQHandler
                0x08001620                USART3_IRQHandler
                0x08001620                CAN1_RX1_IRQHandler
                0x08001620                UART5_IRQHandler
                0x08001620                DMA2_Stream0_IRQHandler
                0x08001620                TIM4_IRQHandler
                0x08001620                I2C1_EV_IRQHandler
                0x08001620                DMA1_Stream6_IRQHandler
                0x08001620                DMA1_Stream1_IRQHandler
                0x08001620                UART4_IRQHandler
                0x08001620                TIM3_IRQHandler
                0x08001620                RCC_IRQHandler
                0x08001620                TIM8_BRK_TIM12_IRQHandler
                0x08001620                Default_Handler
                0x08001620                EXTI15_10_IRQHandler
                0x08001620                ADC_IRQHandler
                0x08001620                DMA1_Stream7_IRQHandler
                0x08001620                TIM7_IRQHandler
                0x08001620                CAN2_TX_IRQHandler
                0x08001620                TIM5_IRQHandler
                0x08001620                DMA2_Stream7_IRQHandler
                0x08001620                I2C3_EV_IRQHandler
                0x08001620                EXTI9_5_IRQHandler
                0x08001620                RTC_WKUP_IRQHandler
                0x08001620                ETH_WKUP_IRQHandler
                0x08001620                SPI2_IRQHandler
                0x08001620                OTG_HS_EP1_IN_IRQHandler
                0x08001620                DMA1_Stream0_IRQHandler
                0x08001620                CAN1_TX_IRQHandler
                0x08001620                EXTI4_IRQHandler
                0x08001620                FSMC_IRQHandler
                0x08001620                ETH_IRQHandler
                0x08001620                OTG_HS_EP1_OUT_IRQHandler
                0x08001620                WWDG_IRQHandler
                0x08001620                TIM2_IRQHandler
                0x08001620                OTG_FS_WKUP_IRQHandler
                0x08001620                TIM1_TRG_COM_TIM11_IRQHandler
                0x08001620                OTG_HS_IRQHandler
                0x08001620                EXTI1_IRQHandler
                0x08001620                USART2_IRQHandler
                0x08001620                I2C2_ER_IRQHandler
                0x08001620                DMA2_Stream1_IRQHandler
                0x08001620                CAN1_SCE_IRQHandler
                0x08001620                FLASH_IRQHandler
                0x08001620                DMA2_Stream4_IRQHandler
                0x08001620                USART1_IRQHandler
                0x08001620                OTG_FS_IRQHandler
                0x08001620                SPI3_IRQHandler
                0x08001620                DMA1_Stream4_IRQHandler
                0x08001620                I2C1_ER_IRQHandler
                0x08001620                DMA2_Stream6_IRQHandler
                0x08001620                DMA1_Stream3_IRQHandler
 *fill*         0x08001622        0x2 
 .text.HAL_InitTick
                0x08001624       0x4c CMakeFiles/01_test.elf.dir/Drivers/STM32F4xx_HAL_Driver/Src/stm32f4xx_hal.c.obj
                0x08001624                HAL_InitTick
 .text.HAL_Init
                0x08001670       0x34 CMakeFiles/01_test.elf.dir/Drivers/STM32F4xx_HAL_Driver/Src/stm32f4xx_hal.c.obj
                0x08001670                HAL_Init
 .text.HAL_IncTick
                0x080016a4       0x18 CMakeFiles/01_test.elf.dir/Drivers/STM32F4xx_HAL_Driver/Src/stm32f4xx_hal.c.obj
                0x080016a4                HAL_IncTick
 .text.HAL_GetTick
                0x080016bc        0xc CMakeFiles/01_test.elf.dir/Drivers/STM32F4xx_HAL_Driver/Src/stm32f4xx_hal.c.obj
                0x080016bc                HAL_GetTick
 .text.HAL_NVIC_SetPriorityGrouping
                0x080016c8       0x24 CMakeFiles/01_test.elf.dir/Drivers/STM32F4xx_HAL_Driver/Src/stm32f4xx_hal_cortex.c.obj
                0x080016c8                HAL_NVIC_SetPriorityGrouping
 .text.HAL_NVIC_SetPriority
                0x080016ec       0x70 CMakeFiles/01_test.elf.dir/Drivers/STM32F4xx_HAL_Driver/Src/stm32f4xx_hal_cortex.c.obj
                0x080016ec                HAL_NVIC_SetPriority
 .text.HAL_SYSTICK_Config
                0x0800175c       0x28 CMakeFiles/01_test.elf.dir/Drivers/STM32F4xx_HAL_Driver/Src/stm32f4xx_hal_cortex.c.obj
                0x0800175c                HAL_SYSTICK_Config
 .text.HAL_GPIO_Init
                0x08001784      0x1e4 CMakeFiles/01_test.elf.dir/Drivers/STM32F4xx_HAL_Driver/Src/stm32f4xx_hal_gpio.c.obj
                0x08001784                HAL_GPIO_Init
 .text.HAL_GPIO_WritePin
                0x08001968        0xc CMakeFiles/01_test.elf.dir/Drivers/STM32F4xx_HAL_Driver/Src/stm32f4xx_hal_gpio.c.obj
                0x08001968                HAL_GPIO_WritePin
 .text.HAL_RCC_OscConfig
                0x08001974      0x3f8 CMakeFiles/01_test.elf.dir/Drivers/STM32F4xx_HAL_Driver/Src/stm32f4xx_hal_rcc.c.obj
                0x08001974                HAL_RCC_OscConfig
 .text.HAL_RCC_GetSysClockFreq
                0x08001d6c       0xa4 CMakeFiles/01_test.elf.dir/Drivers/STM32F4xx_HAL_Driver/Src/stm32f4xx_hal_rcc.c.obj
                0x08001d6c                HAL_RCC_GetSysClockFreq
 .text.HAL_RCC_ClockConfig
                0x08001e10      0x160 CMakeFiles/01_test.elf.dir/Drivers/STM32F4xx_HAL_Driver/Src/stm32f4xx_hal_rcc.c.obj
                0x08001e10                HAL_RCC_ClockConfig
 .text.HAL_RCC_GetHCLKFreq
                0x08001f70        0xc CMakeFiles/01_test.elf.dir/Drivers/STM32F4xx_HAL_Driver/Src/stm32f4xx_hal_rcc.c.obj
                0x08001f70                HAL_RCC_GetHCLKFreq
 .text.HAL_RCC_GetPCLK1Freq
                0x08001f7c       0x20 CMakeFiles/01_test.elf.dir/Drivers/STM32F4xx_HAL_Driver/Src/stm32f4xx_hal_rcc.c.obj
                0x08001f7c                HAL_RCC_GetPCLK1Freq
 .text.HAL_RCC_GetPCLK2Freq
                0x08001f9c       0x20 CMakeFiles/01_test.elf.dir/Drivers/STM32F4xx_HAL_Driver/Src/stm32f4xx_hal_rcc.c.obj
                0x08001f9c                HAL_RCC_GetPCLK2Freq
 .text.HAL_SPI_Init
                0x08001fbc       0xbe CMakeFiles/01_test.elf.dir/Drivers/STM32F4xx_HAL_Driver/Src/stm32f4xx_hal_spi.c.obj
                0x08001fbc                HAL_SPI_Init
 .text.UART_EndRxTransfer
                0x0800207a       0x5c CMakeFiles/01_test.elf.dir/Drivers/STM32F4xx_HAL_Driver/Src/stm32f4xx_hal_uart.c.obj
 *fill*         0x080020d6        0x2 
 .text.UART_SetConfig
                0x080020d8      0x110 CMakeFiles/01_test.elf.dir/Drivers/STM32F4xx_HAL_Driver/Src/stm32f4xx_hal_uart.c.obj
 .text.UART_WaitOnFlagUntilTimeout
                0x080021e8       0x8a CMakeFiles/01_test.elf.dir/Drivers/STM32F4xx_HAL_Driver/Src/stm32f4xx_hal_uart.c.obj
 .text.HAL_UART_Init
                0x08002272       0x60 CMakeFiles/01_test.elf.dir/Drivers/STM32F4xx_HAL_Driver/Src/stm32f4xx_hal_uart.c.obj
                0x08002272                HAL_UART_Init
 .text.HAL_UART_Transmit
                0x080022d2       0xcc CMakeFiles/01_test.elf.dir/Drivers/STM32F4xx_HAL_Driver/Src/stm32f4xx_hal_uart.c.obj
                0x080022d2                HAL_UART_Transmit
 *fill*         0x0800239e        0x2 
 .text.MX_FATFS_Init
                0x080023a0       0x1c CMakeFiles/01_test.elf.dir/FATFS/App/fatfs.c.obj
                0x080023a0                MX_FATFS_Init
 .text.USER_initialize
                0x080023bc       0x10 CMakeFiles/01_test.elf.dir/FATFS/Target/user_diskio.c.obj
                0x080023bc                USER_initialize
 .text.USER_status
                0x080023cc       0x10 CMakeFiles/01_test.elf.dir/FATFS/Target/user_diskio.c.obj
                0x080023cc                USER_status
 .text.USER_read
                0x080023dc        0x4 CMakeFiles/01_test.elf.dir/FATFS/Target/user_diskio.c.obj
                0x080023dc                USER_read
 .text.USER_write
                0x080023e0        0x4 CMakeFiles/01_test.elf.dir/FATFS/Target/user_diskio.c.obj
                0x080023e0                USER_write
 .text.USER_ioctl
                0x080023e4        0x4 CMakeFiles/01_test.elf.dir/FATFS/Target/user_diskio.c.obj
                0x080023e4                USER_ioctl
 .text.FATFS_LinkDriverEx
                0x080023e8       0x54 CMakeFiles/01_test.elf.dir/Middlewares/Third_Party/FatFs/src/ff_gen_drv.c.obj
                0x080023e8                FATFS_LinkDriverEx
 .text.FATFS_LinkDriver
                0x0800243c        0xa CMakeFiles/01_test.elf.dir/Middlewares/Third_Party/FatFs/src/ff_gen_drv.c.obj
                0x0800243c                FATFS_LinkDriver
 *fill*         0x08002446        0x2 
 .text.__errno  0x08002448        0xc f:/arm-gcc/10 2021.10/bin/../lib/gcc/arm-none-eabi/10.3.1/../../../../arm-none-eabi/lib/thumb/v7e-m/nofp\libg.a(lib_a-errno.o)
                0x08002448                __errno
 .text.__libc_init_array
                0x08002454       0x48 f:/arm-gcc/10 2021.10/bin/../lib/gcc/arm-none-eabi/10.3.1/../../../../arm-none-eabi/lib/thumb/v7e-m/nofp\libg.a(lib_a-init.o)
                0x08002454                __libc_init_array
 .text.memset   0x0800249c       0xa4 f:/arm-gcc/10 2021.10/bin/../lib/gcc/arm-none-eabi/10.3.1/../../../../arm-none-eabi/lib/thumb/v7e-m/nofp\libg.a(lib_a-memset.o)
                0x0800249c                memset
 .text.printf   0x08002540       0x28 f:/arm-gcc/10 2021.10/bin/../lib/gcc/arm-none-eabi/10.3.1/../../../../arm-none-eabi/lib/thumb/v7e-m/nofp\libg.a(lib_a-printf.o)
                0x08002540                printf
 .text._vfprintf_r
                0x08002568     0x1ad4 f:/arm-gcc/10 2021.10/bin/../lib/gcc/arm-none-eabi/10.3.1/../../../../arm-none-eabi/lib/thumb/v7e-m/nofp\libg.a(lib_a-vfprintf.o)
                0x08002568                _vfprintf_r
 .text.__sbprintf
                0x0800403c       0x80 f:/arm-gcc/10 2021.10/bin/../lib/gcc/arm-none-eabi/10.3.1/../../../../arm-none-eabi/lib/thumb/v7e-m/nofp\libg.a(lib_a-vfprintf.o)
 .text.__swsetup_r
                0x080040bc       0xd4 f:/arm-gcc/10 2021.10/bin/../lib/gcc/arm-none-eabi/10.3.1/../../../../arm-none-eabi/lib/thumb/v7e-m/nofp\libg.a(lib_a-wsetup.o)
                0x080040bc                __swsetup_r
 .text.startup.register_fini
                0x08004190       0x14 f:/arm-gcc/10 2021.10/bin/../lib/gcc/arm-none-eabi/10.3.1/../../../../arm-none-eabi/lib/thumb/v7e-m/nofp\libg.a(lib_a-__call_atexit.o)
 .text.atexit   0x080041a4        0xc f:/arm-gcc/10 2021.10/bin/../lib/gcc/arm-none-eabi/10.3.1/../../../../arm-none-eabi/lib/thumb/v7e-m/nofp\libg.a(lib_a-atexit.o)
                0x080041a4                atexit
 .text.quorem   0x080041b0      0x124 f:/arm-gcc/10 2021.10/bin/../lib/gcc/arm-none-eabi/10.3.1/../../../../arm-none-eabi/lib/thumb/v7e-m/nofp\libg.a(lib_a-dtoa.o)
 *fill*         0x080042d4        0x4 
 .text._dtoa_r  0x080042d8      0xec4 f:/arm-gcc/10 2021.10/bin/../lib/gcc/arm-none-eabi/10.3.1/../../../../arm-none-eabi/lib/thumb/v7e-m/nofp\libg.a(lib_a-dtoa.o)
                0x080042d8                _dtoa_r
 .text.__sflush_r
                0x0800519c      0x120 f:/arm-gcc/10 2021.10/bin/../lib/gcc/arm-none-eabi/10.3.1/../../../../arm-none-eabi/lib/thumb/v7e-m/nofp\libg.a(lib_a-fflush.o)
                0x0800519c                __sflush_r
 .text._fflush_r
                0x080052bc       0x5c f:/arm-gcc/10 2021.10/bin/../lib/gcc/arm-none-eabi/10.3.1/../../../../arm-none-eabi/lib/thumb/v7e-m/nofp\libg.a(lib_a-fflush.o)
                0x080052bc                _fflush_r
 .text._cleanup_r
                0x08005318        0xc f:/arm-gcc/10 2021.10/bin/../lib/gcc/arm-none-eabi/10.3.1/../../../../arm-none-eabi/lib/thumb/v7e-m/nofp\libg.a(lib_a-findfp.o)
                0x08005318                _cleanup_r
 .text.__sinit  0x08005324      0x10c f:/arm-gcc/10 2021.10/bin/../lib/gcc/arm-none-eabi/10.3.1/../../../../arm-none-eabi/lib/thumb/v7e-m/nofp\libg.a(lib_a-findfp.o)
                0x08005324                __sinit
 .text.__sfp_lock_acquire
                0x08005430        0xc f:/arm-gcc/10 2021.10/bin/../lib/gcc/arm-none-eabi/10.3.1/../../../../arm-none-eabi/lib/thumb/v7e-m/nofp\libg.a(lib_a-findfp.o)
                0x08005430                __sfp_lock_acquire
 .text.__sfp_lock_release
                0x0800543c        0xc f:/arm-gcc/10 2021.10/bin/../lib/gcc/arm-none-eabi/10.3.1/../../../../arm-none-eabi/lib/thumb/v7e-m/nofp\libg.a(lib_a-findfp.o)
                0x0800543c                __sfp_lock_release
 .text.__libc_fini_array
                0x08005448       0x2c f:/arm-gcc/10 2021.10/bin/../lib/gcc/arm-none-eabi/10.3.1/../../../../arm-none-eabi/lib/thumb/v7e-m/nofp\libg.a(lib_a-fini.o)
                0x08005448                __libc_fini_array
 .text._malloc_trim_r
                0x08005474       0xa0 f:/arm-gcc/10 2021.10/bin/../lib/gcc/arm-none-eabi/10.3.1/../../../../arm-none-eabi/lib/thumb/v7e-m/nofp\libg.a(lib_a-freer.o)
                0x08005474                _malloc_trim_r
 .text._free_r  0x08005514      0x20c f:/arm-gcc/10 2021.10/bin/../lib/gcc/arm-none-eabi/10.3.1/../../../../arm-none-eabi/lib/thumb/v7e-m/nofp\libg.a(lib_a-freer.o)
                0x08005514                _free_r
 .text._fwalk_reent
                0x08005720       0x48 f:/arm-gcc/10 2021.10/bin/../lib/gcc/arm-none-eabi/10.3.1/../../../../arm-none-eabi/lib/thumb/v7e-m/nofp\libg.a(lib_a-fwalk.o)
                0x08005720                _fwalk_reent
 .text._localeconv_r
                0x08005768        0x8 f:/arm-gcc/10 2021.10/bin/../lib/gcc/arm-none-eabi/10.3.1/../../../../arm-none-eabi/lib/thumb/v7e-m/nofp\libg.a(lib_a-localeconv.o)
                0x08005768                _localeconv_r
 .text.__retarget_lock_init_recursive
                0x08005770        0x4 f:/arm-gcc/10 2021.10/bin/../lib/gcc/arm-none-eabi/10.3.1/../../../../arm-none-eabi/lib/thumb/v7e-m/nofp\libg.a(lib_a-lock.o)
                0x08005770                __retarget_lock_init_recursive
 .text.__retarget_lock_close_recursive
                0x08005774        0x4 f:/arm-gcc/10 2021.10/bin/../lib/gcc/arm-none-eabi/10.3.1/../../../../arm-none-eabi/lib/thumb/v7e-m/nofp\libg.a(lib_a-lock.o)
                0x08005774                __retarget_lock_close_recursive
 .text.__retarget_lock_acquire_recursive
                0x08005778        0x4 f:/arm-gcc/10 2021.10/bin/../lib/gcc/arm-none-eabi/10.3.1/../../../../arm-none-eabi/lib/thumb/v7e-m/nofp\libg.a(lib_a-lock.o)
                0x08005778                __retarget_lock_acquire_recursive
 .text.__retarget_lock_release_recursive
                0x0800577c        0x4 f:/arm-gcc/10 2021.10/bin/../lib/gcc/arm-none-eabi/10.3.1/../../../../arm-none-eabi/lib/thumb/v7e-m/nofp\libg.a(lib_a-lock.o)
                0x0800577c                __retarget_lock_release_recursive
 .text.__smakebuf_r
                0x08005780       0xe0 f:/arm-gcc/10 2021.10/bin/../lib/gcc/arm-none-eabi/10.3.1/../../../../arm-none-eabi/lib/thumb/v7e-m/nofp\libg.a(lib_a-makebuf.o)
                0x08005780                __smakebuf_r
 .text._malloc_r
                0x08005860      0x560 f:/arm-gcc/10 2021.10/bin/../lib/gcc/arm-none-eabi/10.3.1/../../../../arm-none-eabi/lib/thumb/v7e-m/nofp\libg.a(lib_a-mallocr.o)
                0x08005860                _malloc_r
 .text.__malloc_lock
                0x08005dc0        0xc f:/arm-gcc/10 2021.10/bin/../lib/gcc/arm-none-eabi/10.3.1/../../../../arm-none-eabi/lib/thumb/v7e-m/nofp\libg.a(lib_a-mlock.o)
                0x08005dc0                __malloc_lock
 .text.__malloc_unlock
                0x08005dcc        0xc f:/arm-gcc/10 2021.10/bin/../lib/gcc/arm-none-eabi/10.3.1/../../../../arm-none-eabi/lib/thumb/v7e-m/nofp\libg.a(lib_a-mlock.o)
                0x08005dcc                __malloc_unlock
 .text._Balloc  0x08005dd8       0x4c f:/arm-gcc/10 2021.10/bin/../lib/gcc/arm-none-eabi/10.3.1/../../../../arm-none-eabi/lib/thumb/v7e-m/nofp\libg.a(lib_a-mprec.o)
                0x08005dd8                _Balloc
 .text._Bfree   0x08005e24       0x14 f:/arm-gcc/10 2021.10/bin/../lib/gcc/arm-none-eabi/10.3.1/../../../../arm-none-eabi/lib/thumb/v7e-m/nofp\libg.a(lib_a-mprec.o)
                0x08005e24                _Bfree
 .text.__multadd
                0x08005e38       0xa0 f:/arm-gcc/10 2021.10/bin/../lib/gcc/arm-none-eabi/10.3.1/../../../../arm-none-eabi/lib/thumb/v7e-m/nofp\libg.a(lib_a-mprec.o)
                0x08005e38                __multadd
 .text.__hi0bits
                0x08005ed8       0x40 f:/arm-gcc/10 2021.10/bin/../lib/gcc/arm-none-eabi/10.3.1/../../../../arm-none-eabi/lib/thumb/v7e-m/nofp\libg.a(lib_a-mprec.o)
                0x08005ed8                __hi0bits
 .text.__lo0bits
                0x08005f18       0x5c f:/arm-gcc/10 2021.10/bin/../lib/gcc/arm-none-eabi/10.3.1/../../../../arm-none-eabi/lib/thumb/v7e-m/nofp\libg.a(lib_a-mprec.o)
                0x08005f18                __lo0bits
 .text.__i2b    0x08005f74       0x5c f:/arm-gcc/10 2021.10/bin/../lib/gcc/arm-none-eabi/10.3.1/../../../../arm-none-eabi/lib/thumb/v7e-m/nofp\libg.a(lib_a-mprec.o)
                0x08005f74                __i2b
 .text.__multiply
                0x08005fd0      0x15c f:/arm-gcc/10 2021.10/bin/../lib/gcc/arm-none-eabi/10.3.1/../../../../arm-none-eabi/lib/thumb/v7e-m/nofp\libg.a(lib_a-mprec.o)
                0x08005fd0                __multiply
 .text.__pow5mult
                0x0800612c       0xc0 f:/arm-gcc/10 2021.10/bin/../lib/gcc/arm-none-eabi/10.3.1/../../../../arm-none-eabi/lib/thumb/v7e-m/nofp\libg.a(lib_a-mprec.o)
                0x0800612c                __pow5mult
 .text.__lshift
                0x080061ec       0xf0 f:/arm-gcc/10 2021.10/bin/../lib/gcc/arm-none-eabi/10.3.1/../../../../arm-none-eabi/lib/thumb/v7e-m/nofp\libg.a(lib_a-mprec.o)
                0x080061ec                __lshift
 .text.__mcmp   0x080062dc       0x40 f:/arm-gcc/10 2021.10/bin/../lib/gcc/arm-none-eabi/10.3.1/../../../../arm-none-eabi/lib/thumb/v7e-m/nofp\libg.a(lib_a-mprec.o)
                0x080062dc                __mcmp
 .text.__mdiff  0x0800631c      0x14c f:/arm-gcc/10 2021.10/bin/../lib/gcc/arm-none-eabi/10.3.1/../../../../arm-none-eabi/lib/thumb/v7e-m/nofp\libg.a(lib_a-mprec.o)
                0x0800631c                __mdiff
 .text.__d2b    0x08006468       0xc4 f:/arm-gcc/10 2021.10/bin/../lib/gcc/arm-none-eabi/10.3.1/../../../../arm-none-eabi/lib/thumb/v7e-m/nofp\libg.a(lib_a-mprec.o)
                0x08006468                __d2b
 .text.frexp    0x0800652c       0x70 f:/arm-gcc/10 2021.10/bin/../lib/gcc/arm-none-eabi/10.3.1/../../../../arm-none-eabi/lib/thumb/v7e-m/nofp\libg.a(lib_a-s_frexp.o)
                0x0800652c                frexp
 .text._sbrk_r  0x0800659c       0x24 f:/arm-gcc/10 2021.10/bin/../lib/gcc/arm-none-eabi/10.3.1/../../../../arm-none-eabi/lib/thumb/v7e-m/nofp\libg.a(lib_a-sbrkr.o)
                0x0800659c                _sbrk_r
 .text.__sread  0x080065c0       0x24 f:/arm-gcc/10 2021.10/bin/../lib/gcc/arm-none-eabi/10.3.1/../../../../arm-none-eabi/lib/thumb/v7e-m/nofp\libg.a(lib_a-stdio.o)
                0x080065c0                __sread
 .text.__swrite
                0x080065e4       0x40 f:/arm-gcc/10 2021.10/bin/../lib/gcc/arm-none-eabi/10.3.1/../../../../arm-none-eabi/lib/thumb/v7e-m/nofp\libg.a(lib_a-stdio.o)
                0x080065e4                __swrite
 .text.__sseek  0x08006624       0x20 f:/arm-gcc/10 2021.10/bin/../lib/gcc/arm-none-eabi/10.3.1/../../../../arm-none-eabi/lib/thumb/v7e-m/nofp\libg.a(lib_a-stdio.o)
                0x08006624                __sseek
 .text.__sclose
                0x08006644        0x8 f:/arm-gcc/10 2021.10/bin/../lib/gcc/arm-none-eabi/10.3.1/../../../../arm-none-eabi/lib/thumb/v7e-m/nofp\libg.a(lib_a-stdio.o)
                0x08006644                __sclose
 .text.strncpy  0x0800664c       0x64 f:/arm-gcc/10 2021.10/bin/../lib/gcc/arm-none-eabi/10.3.1/../../../../arm-none-eabi/lib/thumb/v7e-m/nofp\libg.a(lib_a-strncpy.o)
                0x0800664c                strncpy
 .text.__sprint_r.part.0
                0x080066b0       0x78 f:/arm-gcc/10 2021.10/bin/../lib/gcc/arm-none-eabi/10.3.1/../../../../arm-none-eabi/lib/thumb/v7e-m/nofp\libg.a(lib_a-vfiprintf.o)
 .text.__sprint_r
                0x08006728       0x14 f:/arm-gcc/10 2021.10/bin/../lib/gcc/arm-none-eabi/10.3.1/../../../../arm-none-eabi/lib/thumb/v7e-m/nofp\libg.a(lib_a-vfiprintf.o)
                0x08006728                __sprint_r
 .text._vfiprintf_r
                0x0800673c      0xda0 f:/arm-gcc/10 2021.10/bin/../lib/gcc/arm-none-eabi/10.3.1/../../../../arm-none-eabi/lib/thumb/v7e-m/nofp\libg.a(lib_a-vfiprintf.o)
                0x0800673c                _vfiprintf_r
 .text.__sbprintf
                0x080074dc       0x80 f:/arm-gcc/10 2021.10/bin/../lib/gcc/arm-none-eabi/10.3.1/../../../../arm-none-eabi/lib/thumb/v7e-m/nofp\libg.a(lib_a-vfiprintf.o)
 .text._write_r
                0x0800755c       0x2c f:/arm-gcc/10 2021.10/bin/../lib/gcc/arm-none-eabi/10.3.1/../../../../arm-none-eabi/lib/thumb/v7e-m/nofp\libg.a(lib_a-writer.o)
                0x0800755c                _write_r
 .text.__register_exitproc
                0x08007588       0x8c f:/arm-gcc/10 2021.10/bin/../lib/gcc/arm-none-eabi/10.3.1/../../../../arm-none-eabi/lib/thumb/v7e-m/nofp\libg.a(lib_a-__atexit.o)
                0x08007588                __register_exitproc
 .text.__assert_func
                0x08007614       0x40 f:/arm-gcc/10 2021.10/bin/../lib/gcc/arm-none-eabi/10.3.1/../../../../arm-none-eabi/lib/thumb/v7e-m/nofp\libg.a(lib_a-assert.o)
                0x08007614                __assert_func
 .text._calloc_r
                0x08007654       0x78 f:/arm-gcc/10 2021.10/bin/../lib/gcc/arm-none-eabi/10.3.1/../../../../arm-none-eabi/lib/thumb/v7e-m/nofp\libg.a(lib_a-callocr.o)
                0x08007654                _calloc_r
 .text._close_r
                0x080076cc       0x24 f:/arm-gcc/10 2021.10/bin/../lib/gcc/arm-none-eabi/10.3.1/../../../../arm-none-eabi/lib/thumb/v7e-m/nofp\libg.a(lib_a-closer.o)
                0x080076cc                _close_r
 .text._fclose_r
                0x080076f0       0xcc f:/arm-gcc/10 2021.10/bin/../lib/gcc/arm-none-eabi/10.3.1/../../../../arm-none-eabi/lib/thumb/v7e-m/nofp\libg.a(lib_a-fclose.o)
                0x080076f0                _fclose_r
 .text.fiprintf
                0x080077bc       0x28 f:/arm-gcc/10 2021.10/bin/../lib/gcc/arm-none-eabi/10.3.1/../../../../arm-none-eabi/lib/thumb/v7e-m/nofp\libg.a(lib_a-fiprintf.o)
                0x080077bc                fiprintf
 .text.__fputwc
                0x080077e4       0xa8 f:/arm-gcc/10 2021.10/bin/../lib/gcc/arm-none-eabi/10.3.1/../../../../arm-none-eabi/lib/thumb/v7e-m/nofp\libg.a(lib_a-fputwc.o)
                0x080077e4                __fputwc
 .text._fputwc_r
                0x0800788c       0x68 f:/arm-gcc/10 2021.10/bin/../lib/gcc/arm-none-eabi/10.3.1/../../../../arm-none-eabi/lib/thumb/v7e-m/nofp\libg.a(lib_a-fputwc.o)
                0x0800788c                _fputwc_r
 .text._fstat_r
                0x080078f4       0x2c f:/arm-gcc/10 2021.10/bin/../lib/gcc/arm-none-eabi/10.3.1/../../../../arm-none-eabi/lib/thumb/v7e-m/nofp\libg.a(lib_a-fstatr.o)
                0x080078f4                _fstat_r
 .text.__sfvwrite_r
                0x08007920      0x2e8 f:/arm-gcc/10 2021.10/bin/../lib/gcc/arm-none-eabi/10.3.1/../../../../arm-none-eabi/lib/thumb/v7e-m/nofp\libg.a(lib_a-fvwrite.o)
                0x08007920                __sfvwrite_r
 .text._isatty_r
                0x08007c08       0x24 f:/arm-gcc/10 2021.10/bin/../lib/gcc/arm-none-eabi/10.3.1/../../../../arm-none-eabi/lib/thumb/v7e-m/nofp\libg.a(lib_a-isattyr.o)
                0x08007c08                _isatty_r
 .text.__locale_mb_cur_max
                0x08007c2c        0xc f:/arm-gcc/10 2021.10/bin/../lib/gcc/arm-none-eabi/10.3.1/../../../../arm-none-eabi/lib/thumb/v7e-m/nofp\libg.a(lib_a-locale.o)
                0x08007c2c                __locale_mb_cur_max
 .text._lseek_r
                0x08007c38       0x2c f:/arm-gcc/10 2021.10/bin/../lib/gcc/arm-none-eabi/10.3.1/../../../../arm-none-eabi/lib/thumb/v7e-m/nofp\libg.a(lib_a-lseekr.o)
                0x08007c38                _lseek_r
 .text.__ascii_mbtowc
                0x08007c64       0x2c f:/arm-gcc/10 2021.10/bin/../lib/gcc/arm-none-eabi/10.3.1/../../../../arm-none-eabi/lib/thumb/v7e-m/nofp\libg.a(lib_a-mbtowc_r.o)
                0x08007c64                __ascii_mbtowc
 .text.memmove  0x08007c90       0xf8 f:/arm-gcc/10 2021.10/bin/../lib/gcc/arm-none-eabi/10.3.1/../../../../arm-none-eabi/lib/thumb/v7e-m/nofp\libg.a(lib_a-memmove.o)
                0x08007c90                memmove
 .text._read_r  0x08007d88       0x2c f:/arm-gcc/10 2021.10/bin/../lib/gcc/arm-none-eabi/10.3.1/../../../../arm-none-eabi/lib/thumb/v7e-m/nofp\libg.a(lib_a-readr.o)
                0x08007d88                _read_r
 .text._realloc_r
                0x08007db4      0x3d8 f:/arm-gcc/10 2021.10/bin/../lib/gcc/arm-none-eabi/10.3.1/../../../../arm-none-eabi/lib/thumb/v7e-m/nofp\libg.a(lib_a-reallocr.o)
                0x08007db4                _realloc_r
 .text.__swbuf_r
                0x0800818c       0xb0 f:/arm-gcc/10 2021.10/bin/../lib/gcc/arm-none-eabi/10.3.1/../../../../arm-none-eabi/lib/thumb/v7e-m/nofp\libg.a(lib_a-wbuf.o)
                0x0800818c                __swbuf_r
 .text._wcrtomb_r
                0x0800823c       0x3c f:/arm-gcc/10 2021.10/bin/../lib/gcc/arm-none-eabi/10.3.1/../../../../arm-none-eabi/lib/thumb/v7e-m/nofp\libg.a(lib_a-wcrtomb.o)
                0x0800823c                _wcrtomb_r
 .text.__ascii_wctomb
                0x08008278       0x1c f:/arm-gcc/10 2021.10/bin/../lib/gcc/arm-none-eabi/10.3.1/../../../../arm-none-eabi/lib/thumb/v7e-m/nofp\libg.a(lib_a-wctomb_r.o)
                0x08008278                __ascii_wctomb
 .text.abort    0x08008294       0x10 f:/arm-gcc/10 2021.10/bin/../lib/gcc/arm-none-eabi/10.3.1/../../../../arm-none-eabi/lib/thumb/v7e-m/nofp\libg.a(lib_a-abort.o)
                0x08008294                abort
 .text.raise    0x080082a4       0x5c f:/arm-gcc/10 2021.10/bin/../lib/gcc/arm-none-eabi/10.3.1/../../../../arm-none-eabi/lib/thumb/v7e-m/nofp\libg.a(lib_a-signal.o)
                0x080082a4                raise
 .text._kill_r  0x08008300       0x2c f:/arm-gcc/10 2021.10/bin/../lib/gcc/arm-none-eabi/10.3.1/../../../../arm-none-eabi/lib/thumb/v7e-m/nofp\libg.a(lib_a-signalr.o)
                0x08008300                _kill_r
 .text._getpid_r
                0x0800832c        0x4 f:/arm-gcc/10 2021.10/bin/../lib/gcc/arm-none-eabi/10.3.1/../../../../arm-none-eabi/lib/thumb/v7e-m/nofp\libg.a(lib_a-signalr.o)
                0x0800832c                _getpid_r
 *(.glue_7)
 .glue_7        0x08008330        0x0 linker stubs
 *(.glue_7t)
 .glue_7t       0x08008330        0x0 linker stubs
 *(.eh_frame)
 .eh_frame      0x08008330        0x0 f:/arm-gcc/10 2021.10/bin/../lib/gcc/arm-none-eabi/10.3.1/thumb/v7e-m/nofp/crtbegin.o
 *(.init)
 .init          0x08008330        0x4 f:/arm-gcc/10 2021.10/bin/../lib/gcc/arm-none-eabi/10.3.1/thumb/v7e-m/nofp/crti.o
                0x08008330                _init
 .init          0x08008334        0x8 f:/arm-gcc/10 2021.10/bin/../lib/gcc/arm-none-eabi/10.3.1/thumb/v7e-m/nofp/crtn.o
 *(.fini)
 .fini          0x0800833c        0x4 f:/arm-gcc/10 2021.10/bin/../lib/gcc/arm-none-eabi/10.3.1/thumb/v7e-m/nofp/crti.o
                0x0800833c                _fini
 .fini          0x08008340        0x8 f:/arm-gcc/10 2021.10/bin/../lib/gcc/arm-none-eabi/10.3.1/thumb/v7e-m/nofp/crtn.o
                0x08008348                . = ALIGN (0x4)
                0x08008348                _etext = .

.vfp11_veneer   0x08008348        0x0
 .vfp11_veneer  0x08008348        0x0 linker stubs

.v4_bx          0x08008348        0x0
 .v4_bx         0x08008348        0x0 linker stubs

.iplt           0x08008348        0x0
 .iplt          0x08008348        0x0 f:/arm-gcc/10 2021.10/bin/../lib/gcc/arm-none-eabi/10.3.1/thumb/v7e-m/nofp/crtbegin.o

.rodata         0x08008348      0x420
                0x08008348                . = ALIGN (0x4)
 *(.rodata)
 *(.rodata*)
 .rodata.main.str1.4
                0x08008348        0x7 CMakeFiles/01_test.elf.dir/Core/Src/main.c.obj
 *fill*         0x0800834f        0x1 
 .rodata.AHBPrescTable
                0x08008350       0x10 CMakeFiles/01_test.elf.dir/Core/Src/system_stm32f4xx.c.obj
                0x08008350                AHBPrescTable
 .rodata.APBPrescTable
                0x08008360        0x8 CMakeFiles/01_test.elf.dir/Core/Src/system_stm32f4xx.c.obj
                0x08008360                APBPrescTable
 .rodata._global_impure_ptr
                0x08008368        0x4 f:/arm-gcc/10 2021.10/bin/../lib/gcc/arm-none-eabi/10.3.1/../../../../arm-none-eabi/lib/thumb/v7e-m/nofp\libg.a(lib_a-impure.o)
                0x08008368                _global_impure_ptr
 .rodata._vfprintf_r.str1.4
                0x0800836c       0x42 f:/arm-gcc/10 2021.10/bin/../lib/gcc/arm-none-eabi/10.3.1/../../../../arm-none-eabi/lib/thumb/v7e-m/nofp\libg.a(lib_a-vfprintf.o)
 *fill*         0x080083ae        0x2 
 .rodata.blanks.1
                0x080083b0       0x10 f:/arm-gcc/10 2021.10/bin/../lib/gcc/arm-none-eabi/10.3.1/../../../../arm-none-eabi/lib/thumb/v7e-m/nofp\libg.a(lib_a-vfprintf.o)
 .rodata.zeroes.0
                0x080083c0       0x10 f:/arm-gcc/10 2021.10/bin/../lib/gcc/arm-none-eabi/10.3.1/../../../../arm-none-eabi/lib/thumb/v7e-m/nofp\libg.a(lib_a-vfprintf.o)
 .rodata._dtoa_r.str1.4
                0x080083d0       0xa2 f:/arm-gcc/10 2021.10/bin/../lib/gcc/arm-none-eabi/10.3.1/../../../../arm-none-eabi/lib/thumb/v7e-m/nofp\libg.a(lib_a-dtoa.o)
                                 0xa6 (size before relaxing)
 *fill*         0x08008472        0x2 
 .rodata.__multadd.str1.4
                0x08008474       0x7f f:/arm-gcc/10 2021.10/bin/../lib/gcc/arm-none-eabi/10.3.1/../../../../arm-none-eabi/lib/thumb/v7e-m/nofp\libg.a(lib_a-mprec.o)
                                 0x93 (size before relaxing)
 *fill*         0x080084f3        0x5 
 .rodata.__mprec_bigtens
                0x080084f8       0x28 f:/arm-gcc/10 2021.10/bin/../lib/gcc/arm-none-eabi/10.3.1/../../../../arm-none-eabi/lib/thumb/v7e-m/nofp\libg.a(lib_a-mprec.o)
                0x080084f8                __mprec_bigtens
 .rodata.__mprec_tens
                0x08008520       0xc8 f:/arm-gcc/10 2021.10/bin/../lib/gcc/arm-none-eabi/10.3.1/../../../../arm-none-eabi/lib/thumb/v7e-m/nofp\libg.a(lib_a-mprec.o)
                0x08008520                __mprec_tens
 .rodata.p05.0  0x080085e8        0xc f:/arm-gcc/10 2021.10/bin/../lib/gcc/arm-none-eabi/10.3.1/../../../../arm-none-eabi/lib/thumb/v7e-m/nofp\libg.a(lib_a-mprec.o)
 .rodata._vfiprintf_r.str1.4
                0x080085f4       0x2f f:/arm-gcc/10 2021.10/bin/../lib/gcc/arm-none-eabi/10.3.1/../../../../arm-none-eabi/lib/thumb/v7e-m/nofp\libg.a(lib_a-vfiprintf.o)
 .rodata.blanks.1
                0x080085f4       0x10 f:/arm-gcc/10 2021.10/bin/../lib/gcc/arm-none-eabi/10.3.1/../../../../arm-none-eabi/lib/thumb/v7e-m/nofp\libg.a(lib_a-vfiprintf.o)
 .rodata.zeroes.0
                0x08008604       0x10 f:/arm-gcc/10 2021.10/bin/../lib/gcc/arm-none-eabi/10.3.1/../../../../arm-none-eabi/lib/thumb/v7e-m/nofp\libg.a(lib_a-vfiprintf.o)
 .rodata.__assert_func.str1.4
                0x08008614       0x3f f:/arm-gcc/10 2021.10/bin/../lib/gcc/arm-none-eabi/10.3.1/../../../../arm-none-eabi/lib/thumb/v7e-m/nofp\libg.a(lib_a-assert.o)
                                 0x43 (size before relaxing)
 *fill*         0x08008653        0x1 
 .rodata._setlocale_r.str1.4
                0x08008654        0xa f:/arm-gcc/10 2021.10/bin/../lib/gcc/arm-none-eabi/10.3.1/../../../../arm-none-eabi/lib/thumb/v7e-m/nofp\libg.a(lib_a-locale.o)
                                  0xd (size before relaxing)
 *fill*         0x0800865e        0x2 
 .rodata.str1.4
                0x08008660        0x2 f:/arm-gcc/10 2021.10/bin/../lib/gcc/arm-none-eabi/10.3.1/../../../../arm-none-eabi/lib/thumb/v7e-m/nofp\libg.a(lib_a-locale.o)
 *fill*         0x08008662        0x2 
 .rodata._ctype_
                0x08008664      0x101 f:/arm-gcc/10 2021.10/bin/../lib/gcc/arm-none-eabi/10.3.1/../../../../arm-none-eabi/lib/thumb/v7e-m/nofp\libg.a(lib_a-ctype_.o)
                0x08008664                _ctype_
                0x08008768                . = ALIGN (0x4)
 *fill*         0x08008765        0x3 

.ARM.extab      0x08008768        0x0
                0x08008768                . = ALIGN (0x4)
 *(.ARM.extab* .gnu.linkonce.armextab.*)
                0x08008768                . = ALIGN (0x4)

.ARM            0x08008768        0x8
                0x08008768                . = ALIGN (0x4)
                0x08008768                __exidx_start = .
 *(.ARM.exidx*)
 .ARM.exidx     0x08008768        0x8 f:/arm-gcc/10 2021.10/bin/../lib/gcc/arm-none-eabi/10.3.1/thumb/v7e-m/nofp\libgcc.a(_udivmoddi4.o)
                0x08008770                __exidx_end = .
                0x08008770                . = ALIGN (0x4)

.rel.dyn        0x08008770        0x0
 .rel.iplt      0x08008770        0x0 f:/arm-gcc/10 2021.10/bin/../lib/gcc/arm-none-eabi/10.3.1/thumb/v7e-m/nofp/crtbegin.o

.preinit_array  0x08008770        0x0
                0x08008770                . = ALIGN (0x4)
                0x08008770                PROVIDE (__preinit_array_start = .)
 *(.preinit_array*)
                0x08008770                PROVIDE (__preinit_array_end = .)
                0x08008770                . = ALIGN (0x4)

.init_array     0x08008770        0x8
                0x08008770                . = ALIGN (0x4)
                0x08008770                PROVIDE (__init_array_start = .)
 *(SORT_BY_NAME(.init_array.*))
 .init_array.00000
                0x08008770        0x4 f:/arm-gcc/10 2021.10/bin/../lib/gcc/arm-none-eabi/10.3.1/../../../../arm-none-eabi/lib/thumb/v7e-m/nofp\libg.a(lib_a-__call_atexit.o)
 *(.init_array*)
 .init_array    0x08008774        0x4 f:/arm-gcc/10 2021.10/bin/../lib/gcc/arm-none-eabi/10.3.1/thumb/v7e-m/nofp/crtbegin.o
                0x08008778                PROVIDE (__init_array_end = .)
                0x08008778                . = ALIGN (0x4)

.fini_array     0x08008778        0x4
                0x08008778                . = ALIGN (0x4)
                0x08008778                PROVIDE (__fini_array_start = .)
 *(SORT_BY_NAME(.fini_array.*))
 *(.fini_array*)
 .fini_array    0x08008778        0x4 f:/arm-gcc/10 2021.10/bin/../lib/gcc/arm-none-eabi/10.3.1/thumb/v7e-m/nofp/crtbegin.o
                0x0800877c                PROVIDE (__fini_array_end = .)
                0x0800877c                . = ALIGN (0x4)
                0x0800877c                _sidata = LOADADDR (.data)

.data           0x20000000      0x9d0 load address 0x0800877c
                0x20000000                . = ALIGN (0x4)
                0x20000000                _sdata = .
 *(.data)
 *(.data*)
 .data.SystemCoreClock
                0x20000000        0x4 CMakeFiles/01_test.elf.dir/Core/Src/system_stm32f4xx.c.obj
                0x20000000                SystemCoreClock
 .data.uwTickFreq
                0x20000004        0x1 CMakeFiles/01_test.elf.dir/Drivers/STM32F4xx_HAL_Driver/Src/stm32f4xx_hal.c.obj
                0x20000004                uwTickFreq
 *fill*         0x20000005        0x3 
 .data.uwTickPrio
                0x20000008        0x4 CMakeFiles/01_test.elf.dir/Drivers/STM32F4xx_HAL_Driver/Src/stm32f4xx_hal.c.obj
                0x20000008                uwTickPrio
 .data.Stat     0x2000000c        0x1 CMakeFiles/01_test.elf.dir/FATFS/Target/user_diskio.c.obj
 *fill*         0x2000000d        0x3 
 .data.USER_Driver
                0x20000010       0x14 CMakeFiles/01_test.elf.dir/FATFS/Target/user_diskio.c.obj
                0x20000010                USER_Driver
 .data._impure_ptr
                0x20000024        0x4 f:/arm-gcc/10 2021.10/bin/../lib/gcc/arm-none-eabi/10.3.1/../../../../arm-none-eabi/lib/thumb/v7e-m/nofp\libg.a(lib_a-impure.o)
                0x20000024                _impure_ptr
 .data.impure_data
                0x20000028      0x428 f:/arm-gcc/10 2021.10/bin/../lib/gcc/arm-none-eabi/10.3.1/../../../../arm-none-eabi/lib/thumb/v7e-m/nofp\libg.a(lib_a-impure.o)
 .data.__atexit_recursive_mutex
                0x20000450        0x4 f:/arm-gcc/10 2021.10/bin/../lib/gcc/arm-none-eabi/10.3.1/../../../../arm-none-eabi/lib/thumb/v7e-m/nofp\libg.a(lib_a-__call_atexit.o)
                0x20000450                __atexit_recursive_mutex
 .data.__malloc_av_
                0x20000454      0x408 f:/arm-gcc/10 2021.10/bin/../lib/gcc/arm-none-eabi/10.3.1/../../../../arm-none-eabi/lib/thumb/v7e-m/nofp\libg.a(lib_a-mallocr.o)
                0x20000454                __malloc_av_
 .data.__malloc_sbrk_base
                0x2000085c        0x4 f:/arm-gcc/10 2021.10/bin/../lib/gcc/arm-none-eabi/10.3.1/../../../../arm-none-eabi/lib/thumb/v7e-m/nofp\libg.a(lib_a-mallocr.o)
                0x2000085c                __malloc_sbrk_base
 .data.__malloc_trim_threshold
                0x20000860        0x4 f:/arm-gcc/10 2021.10/bin/../lib/gcc/arm-none-eabi/10.3.1/../../../../arm-none-eabi/lib/thumb/v7e-m/nofp\libg.a(lib_a-mallocr.o)
                0x20000860                __malloc_trim_threshold
 .data.__global_locale
                0x20000864      0x16c f:/arm-gcc/10 2021.10/bin/../lib/gcc/arm-none-eabi/10.3.1/../../../../arm-none-eabi/lib/thumb/v7e-m/nofp\libg.a(lib_a-locale.o)
                0x20000864                __global_locale
 *(.RamFunc)
 *(.RamFunc*)
                0x200009d0                . = ALIGN (0x4)
                0x200009d0                _edata = .
                0x0800914c                _siccmram = LOADADDR (.ccmram)

.igot.plt       0x200009d0        0x0 load address 0x0800914c
 .igot.plt      0x200009d0        0x0 f:/arm-gcc/10 2021.10/bin/../lib/gcc/arm-none-eabi/10.3.1/thumb/v7e-m/nofp/crtbegin.o

.ccmram         0x10000000        0x0 load address 0x0800914c
                0x10000000                . = ALIGN (0x4)
                0x10000000                _sccmram = .
 *(.ccmram)
 *(.ccmram*)
                0x10000000                . = ALIGN (0x4)
                0x10000000                _eccmram = .
                0x10000000                . = ALIGN (0x4)

.bss            0x200009d0      0x178
                0x200009d0                _sbss = .
                0x200009d0                __bss_start__ = _sbss
 *(.bss)
 .bss           0x200009d0       0x1c f:/arm-gcc/10 2021.10/bin/../lib/gcc/arm-none-eabi/10.3.1/thumb/v7e-m/nofp/crtbegin.o
 *(.bss*)
 .bss.hspi1     0x200009ec       0x58 CMakeFiles/01_test.elf.dir/Core/Src/spi.c.obj
                0x200009ec                hspi1
 .bss.hspi2     0x20000a44       0x58 CMakeFiles/01_test.elf.dir/Core/Src/spi.c.obj
                0x20000a44                hspi2
 .bss.__sbrk_heap_end
                0x20000a9c        0x4 CMakeFiles/01_test.elf.dir/Core/Src/sysmem.c.obj
 .bss.huart2    0x20000aa0       0x48 CMakeFiles/01_test.elf.dir/Core/Src/usart.c.obj
                0x20000aa0                huart2
 .bss.uwTick    0x20000ae8        0x4 CMakeFiles/01_test.elf.dir/Drivers/STM32F4xx_HAL_Driver/Src/stm32f4xx_hal.c.obj
                0x20000ae8                uwTick
 .bss.USERPath  0x20000aec        0x4 CMakeFiles/01_test.elf.dir/FATFS/App/fatfs.c.obj
                0x20000aec                USERPath
 .bss.retUSER   0x20000af0        0x1 CMakeFiles/01_test.elf.dir/FATFS/App/fatfs.c.obj
                0x20000af0                retUSER
 *fill*         0x20000af1        0x3 
 .bss.disk      0x20000af4        0xc CMakeFiles/01_test.elf.dir/Middlewares/Third_Party/FatFs/src/ff_gen_drv.c.obj
                0x20000af4                disk
 .bss.__lock___atexit_recursive_mutex
                0x20000b00        0x1 f:/arm-gcc/10 2021.10/bin/../lib/gcc/arm-none-eabi/10.3.1/../../../../arm-none-eabi/lib/thumb/v7e-m/nofp\libg.a(lib_a-lock.o)
                0x20000b00                __lock___atexit_recursive_mutex
 *fill*         0x20000b01        0x3 
 .bss.__lock___malloc_recursive_mutex
                0x20000b04        0x1 f:/arm-gcc/10 2021.10/bin/../lib/gcc/arm-none-eabi/10.3.1/../../../../arm-none-eabi/lib/thumb/v7e-m/nofp\libg.a(lib_a-lock.o)
                0x20000b04                __lock___malloc_recursive_mutex
 *fill*         0x20000b05        0x3 
 .bss.__lock___sfp_recursive_mutex
                0x20000b08        0x1 f:/arm-gcc/10 2021.10/bin/../lib/gcc/arm-none-eabi/10.3.1/../../../../arm-none-eabi/lib/thumb/v7e-m/nofp\libg.a(lib_a-lock.o)
                0x20000b08                __lock___sfp_recursive_mutex
 *fill*         0x20000b09        0x3 
 .bss.__lock___sinit_recursive_mutex
                0x20000b0c        0x1 f:/arm-gcc/10 2021.10/bin/../lib/gcc/arm-none-eabi/10.3.1/../../../../arm-none-eabi/lib/thumb/v7e-m/nofp\libg.a(lib_a-lock.o)
                0x20000b0c                __lock___sinit_recursive_mutex
 *fill*         0x20000b0d        0x3 
 .bss.__malloc_current_mallinfo
                0x20000b10       0x28 f:/arm-gcc/10 2021.10/bin/../lib/gcc/arm-none-eabi/10.3.1/../../../../arm-none-eabi/lib/thumb/v7e-m/nofp\libg.a(lib_a-mallocr.o)
                0x20000b10                __malloc_current_mallinfo
 .bss.__malloc_max_sbrked_mem
                0x20000b38        0x4 f:/arm-gcc/10 2021.10/bin/../lib/gcc/arm-none-eabi/10.3.1/../../../../arm-none-eabi/lib/thumb/v7e-m/nofp\libg.a(lib_a-mallocr.o)
                0x20000b38                __malloc_max_sbrked_mem
 .bss.__malloc_max_total_mem
                0x20000b3c        0x4 f:/arm-gcc/10 2021.10/bin/../lib/gcc/arm-none-eabi/10.3.1/../../../../arm-none-eabi/lib/thumb/v7e-m/nofp\libg.a(lib_a-mallocr.o)
                0x20000b3c                __malloc_max_total_mem
 .bss.__malloc_top_pad
                0x20000b40        0x4 f:/arm-gcc/10 2021.10/bin/../lib/gcc/arm-none-eabi/10.3.1/../../../../arm-none-eabi/lib/thumb/v7e-m/nofp\libg.a(lib_a-mallocr.o)
                0x20000b40                __malloc_top_pad
 .bss.errno     0x20000b44        0x4 f:/arm-gcc/10 2021.10/bin/../lib/gcc/arm-none-eabi/10.3.1/../../../../arm-none-eabi/lib/thumb/v7e-m/nofp\libg.a(lib_a-reent.o)
                0x20000b44                errno
 *(COMMON)
                0x20000b48                . = ALIGN (0x4)
                0x20000b48                _ebss = .
                0x20000b48                __bss_end__ = _ebss

._user_heap_stack
                0x20000b48      0x600
                0x20000b48                . = ALIGN (0x8)
                [!provide]                PROVIDE (end = .)
                0x20000b48                PROVIDE (_end = .)
                0x20000d48                . = (. + _Min_Heap_Size)
 *fill*         0x20000b48      0x200 
                0x20001148                . = (. + _Min_Stack_Size)
 *fill*         0x20000d48      0x400 
                0x20001148                . = ALIGN (0x8)

/DISCARD/
 libc.a(*)
 libm.a(*)
 libgcc.a(*)

.ARM.attributes
                0x00000000       0x2a
 *(.ARM.attributes)
 .ARM.attributes
                0x00000000       0x1e f:/arm-gcc/10 2021.10/bin/../lib/gcc/arm-none-eabi/10.3.1/thumb/v7e-m/nofp/crti.o
 .ARM.attributes
                0x0000001e       0x2e f:/arm-gcc/10 2021.10/bin/../lib/gcc/arm-none-eabi/10.3.1/thumb/v7e-m/nofp/crtbegin.o
 .ARM.attributes
                0x0000004c       0x2e CMakeFiles/01_test.elf.dir/Core/Src/gpio.c.obj
 .ARM.attributes
                0x0000007a       0x2e CMakeFiles/01_test.elf.dir/Core/Src/main.c.obj
 .ARM.attributes
                0x000000a8       0x2e CMakeFiles/01_test.elf.dir/Core/Src/spi.c.obj
 .ARM.attributes
                0x000000d6       0x2e CMakeFiles/01_test.elf.dir/Core/Src/stm32f4xx_hal_msp.c.obj
 .ARM.attributes
                0x00000104       0x2e CMakeFiles/01_test.elf.dir/Core/Src/stm32f4xx_it.c.obj
 .ARM.attributes
                0x00000132       0x2e CMakeFiles/01_test.elf.dir/Core/Src/syscalls.c.obj
 .ARM.attributes
                0x00000160       0x2e CMakeFiles/01_test.elf.dir/Core/Src/sysmem.c.obj
 .ARM.attributes
                0x0000018e       0x2e CMakeFiles/01_test.elf.dir/Core/Src/system_stm32f4xx.c.obj
 .ARM.attributes
                0x000001bc       0x2e CMakeFiles/01_test.elf.dir/Core/Src/usart.c.obj
 .ARM.attributes
                0x000001ea       0x21 CMakeFiles/01_test.elf.dir/Core/Startup/startup_stm32f407vgtx.s.obj
 .ARM.attributes
                0x0000020b       0x2e CMakeFiles/01_test.elf.dir/Drivers/STM32F4xx_HAL_Driver/Src/stm32f4xx_hal.c.obj
 .ARM.attributes
                0x00000239       0x2e CMakeFiles/01_test.elf.dir/Drivers/STM32F4xx_HAL_Driver/Src/stm32f4xx_hal_cortex.c.obj
 .ARM.attributes
                0x00000267       0x2e CMakeFiles/01_test.elf.dir/Drivers/STM32F4xx_HAL_Driver/Src/stm32f4xx_hal_gpio.c.obj
 .ARM.attributes
                0x00000295       0x2e CMakeFiles/01_test.elf.dir/Drivers/STM32F4xx_HAL_Driver/Src/stm32f4xx_hal_rcc.c.obj
 .ARM.attributes
                0x000002c3       0x2e CMakeFiles/01_test.elf.dir/Drivers/STM32F4xx_HAL_Driver/Src/stm32f4xx_hal_spi.c.obj
 .ARM.attributes
                0x000002f1       0x2e CMakeFiles/01_test.elf.dir/Drivers/STM32F4xx_HAL_Driver/Src/stm32f4xx_hal_uart.c.obj
 .ARM.attributes
                0x0000031f       0x2e CMakeFiles/01_test.elf.dir/FATFS/App/fatfs.c.obj
 .ARM.attributes
                0x0000034d       0x2e CMakeFiles/01_test.elf.dir/FATFS/Target/user_diskio.c.obj
 .ARM.attributes
                0x0000037b       0x2e CMakeFiles/01_test.elf.dir/Middlewares/Third_Party/FatFs/src/ff_gen_drv.c.obj
 .ARM.attributes
                0x000003a9       0x1e f:/arm-gcc/10 2021.10/bin/../lib/gcc/arm-none-eabi/10.3.1/thumb/v7e-m/nofp\libgcc.a(_aeabi_uldivmod.o)
 .ARM.attributes
                0x000003c7       0x2e f:/arm-gcc/10 2021.10/bin/../lib/gcc/arm-none-eabi/10.3.1/thumb/v7e-m/nofp\libgcc.a(_udivmoddi4.o)
 .ARM.attributes
                0x000003f5       0x1e f:/arm-gcc/10 2021.10/bin/../lib/gcc/arm-none-eabi/10.3.1/thumb/v7e-m/nofp\libgcc.a(_dvmd_tls.o)
 .ARM.attributes
                0x00000413       0x2e f:/arm-gcc/10 2021.10/bin/../lib/gcc/arm-none-eabi/10.3.1/../../../../arm-none-eabi/lib/thumb/v7e-m/nofp\libg.a(lib_a-errno.o)
 .ARM.attributes
                0x00000441       0x2e f:/arm-gcc/10 2021.10/bin/../lib/gcc/arm-none-eabi/10.3.1/../../../../arm-none-eabi/lib/thumb/v7e-m/nofp\libg.a(lib_a-impure.o)
 .ARM.attributes
                0x0000046f       0x2e f:/arm-gcc/10 2021.10/bin/../lib/gcc/arm-none-eabi/10.3.1/../../../../arm-none-eabi/lib/thumb/v7e-m/nofp\libg.a(lib_a-init.o)
 .ARM.attributes
                0x0000049d       0x2e f:/arm-gcc/10 2021.10/bin/../lib/gcc/arm-none-eabi/10.3.1/../../../../arm-none-eabi/lib/thumb/v7e-m/nofp\libg.a(lib_a-memset.o)
 .ARM.attributes
                0x000004cb       0x2e f:/arm-gcc/10 2021.10/bin/../lib/gcc/arm-none-eabi/10.3.1/../../../../arm-none-eabi/lib/thumb/v7e-m/nofp\libg.a(lib_a-printf.o)
 .ARM.attributes
                0x000004f9       0x2e f:/arm-gcc/10 2021.10/bin/../lib/gcc/arm-none-eabi/10.3.1/../../../../arm-none-eabi/lib/thumb/v7e-m/nofp\libg.a(lib_a-vfprintf.o)
 .ARM.attributes
                0x00000527       0x2e f:/arm-gcc/10 2021.10/bin/../lib/gcc/arm-none-eabi/10.3.1/../../../../arm-none-eabi/lib/thumb/v7e-m/nofp\libg.a(lib_a-wsetup.o)
 .ARM.attributes
                0x00000555       0x2e f:/arm-gcc/10 2021.10/bin/../lib/gcc/arm-none-eabi/10.3.1/../../../../arm-none-eabi/lib/thumb/v7e-m/nofp\libg.a(lib_a-__call_atexit.o)
 .ARM.attributes
                0x00000583       0x2e f:/arm-gcc/10 2021.10/bin/../lib/gcc/arm-none-eabi/10.3.1/../../../../arm-none-eabi/lib/thumb/v7e-m/nofp\libg.a(lib_a-atexit.o)
 .ARM.attributes
                0x000005b1       0x2e f:/arm-gcc/10 2021.10/bin/../lib/gcc/arm-none-eabi/10.3.1/../../../../arm-none-eabi/lib/thumb/v7e-m/nofp\libg.a(lib_a-dtoa.o)
 .ARM.attributes
                0x000005df       0x2e f:/arm-gcc/10 2021.10/bin/../lib/gcc/arm-none-eabi/10.3.1/../../../../arm-none-eabi/lib/thumb/v7e-m/nofp\libg.a(lib_a-fflush.o)
 .ARM.attributes
                0x0000060d       0x2e f:/arm-gcc/10 2021.10/bin/../lib/gcc/arm-none-eabi/10.3.1/../../../../arm-none-eabi/lib/thumb/v7e-m/nofp\libg.a(lib_a-findfp.o)
 .ARM.attributes
                0x0000063b       0x2e f:/arm-gcc/10 2021.10/bin/../lib/gcc/arm-none-eabi/10.3.1/../../../../arm-none-eabi/lib/thumb/v7e-m/nofp\libg.a(lib_a-fini.o)
 .ARM.attributes
                0x00000669       0x2e f:/arm-gcc/10 2021.10/bin/../lib/gcc/arm-none-eabi/10.3.1/../../../../arm-none-eabi/lib/thumb/v7e-m/nofp\libg.a(lib_a-freer.o)
 .ARM.attributes
                0x00000697       0x2e f:/arm-gcc/10 2021.10/bin/../lib/gcc/arm-none-eabi/10.3.1/../../../../arm-none-eabi/lib/thumb/v7e-m/nofp\libg.a(lib_a-fwalk.o)
 .ARM.attributes
                0x000006c5       0x2e f:/arm-gcc/10 2021.10/bin/../lib/gcc/arm-none-eabi/10.3.1/../../../../arm-none-eabi/lib/thumb/v7e-m/nofp\libg.a(lib_a-localeconv.o)
 .ARM.attributes
                0x000006f3       0x2e f:/arm-gcc/10 2021.10/bin/../lib/gcc/arm-none-eabi/10.3.1/../../../../arm-none-eabi/lib/thumb/v7e-m/nofp\libg.a(lib_a-lock.o)
 .ARM.attributes
                0x00000721       0x2e f:/arm-gcc/10 2021.10/bin/../lib/gcc/arm-none-eabi/10.3.1/../../../../arm-none-eabi/lib/thumb/v7e-m/nofp\libg.a(lib_a-makebuf.o)
 .ARM.attributes
                0x0000074f       0x2e f:/arm-gcc/10 2021.10/bin/../lib/gcc/arm-none-eabi/10.3.1/../../../../arm-none-eabi/lib/thumb/v7e-m/nofp\libg.a(lib_a-mallocr.o)
 .ARM.attributes
                0x0000077d       0x1c f:/arm-gcc/10 2021.10/bin/../lib/gcc/arm-none-eabi/10.3.1/../../../../arm-none-eabi/lib/thumb/v7e-m/nofp\libg.a(lib_a-memchr.o)
 .ARM.attributes
                0x00000799       0x1c f:/arm-gcc/10 2021.10/bin/../lib/gcc/arm-none-eabi/10.3.1/../../../../arm-none-eabi/lib/thumb/v7e-m/nofp\libg.a(lib_a-memcpy.o)
 .ARM.attributes
                0x000007b5       0x2e f:/arm-gcc/10 2021.10/bin/../lib/gcc/arm-none-eabi/10.3.1/../../../../arm-none-eabi/lib/thumb/v7e-m/nofp\libg.a(lib_a-mlock.o)
 .ARM.attributes
                0x000007e3       0x2e f:/arm-gcc/10 2021.10/bin/../lib/gcc/arm-none-eabi/10.3.1/../../../../arm-none-eabi/lib/thumb/v7e-m/nofp\libg.a(lib_a-mprec.o)
 .ARM.attributes
                0x00000811       0x2e f:/arm-gcc/10 2021.10/bin/../lib/gcc/arm-none-eabi/10.3.1/../../../../arm-none-eabi/lib/thumb/v7e-m/nofp\libg.a(lib_a-s_frexp.o)
 .ARM.attributes
                0x0000083f       0x2e f:/arm-gcc/10 2021.10/bin/../lib/gcc/arm-none-eabi/10.3.1/../../../../arm-none-eabi/lib/thumb/v7e-m/nofp\libg.a(lib_a-sbrkr.o)
 .ARM.attributes
                0x0000086d       0x2e f:/arm-gcc/10 2021.10/bin/../lib/gcc/arm-none-eabi/10.3.1/../../../../arm-none-eabi/lib/thumb/v7e-m/nofp\libg.a(lib_a-stdio.o)
 .ARM.attributes
                0x0000089b       0x1c f:/arm-gcc/10 2021.10/bin/../lib/gcc/arm-none-eabi/10.3.1/../../../../arm-none-eabi/lib/thumb/v7e-m/nofp\libg.a(lib_a-strlen.o)
 .ARM.attributes
                0x000008b7       0x2e f:/arm-gcc/10 2021.10/bin/../lib/gcc/arm-none-eabi/10.3.1/../../../../arm-none-eabi/lib/thumb/v7e-m/nofp\libg.a(lib_a-strncpy.o)
 .ARM.attributes
                0x000008e5       0x2e f:/arm-gcc/10 2021.10/bin/../lib/gcc/arm-none-eabi/10.3.1/../../../../arm-none-eabi/lib/thumb/v7e-m/nofp\libg.a(lib_a-vfiprintf.o)
 .ARM.attributes
                0x00000913       0x2e f:/arm-gcc/10 2021.10/bin/../lib/gcc/arm-none-eabi/10.3.1/../../../../arm-none-eabi/lib/thumb/v7e-m/nofp\libg.a(lib_a-writer.o)
 .ARM.attributes
                0x00000941       0x2e f:/arm-gcc/10 2021.10/bin/../lib/gcc/arm-none-eabi/10.3.1/../../../../arm-none-eabi/lib/thumb/v7e-m/nofp\libg.a(lib_a-__atexit.o)
 .ARM.attributes
                0x0000096f       0x2e f:/arm-gcc/10 2021.10/bin/../lib/gcc/arm-none-eabi/10.3.1/../../../../arm-none-eabi/lib/thumb/v7e-m/nofp\libg.a(lib_a-assert.o)
 .ARM.attributes
                0x0000099d       0x2e f:/arm-gcc/10 2021.10/bin/../lib/gcc/arm-none-eabi/10.3.1/../../../../arm-none-eabi/lib/thumb/v7e-m/nofp\libg.a(lib_a-callocr.o)
 .ARM.attributes
                0x000009cb       0x2e f:/arm-gcc/10 2021.10/bin/../lib/gcc/arm-none-eabi/10.3.1/../../../../arm-none-eabi/lib/thumb/v7e-m/nofp\libg.a(lib_a-closer.o)
 .ARM.attributes
                0x000009f9       0x2e f:/arm-gcc/10 2021.10/bin/../lib/gcc/arm-none-eabi/10.3.1/../../../../arm-none-eabi/lib/thumb/v7e-m/nofp\libg.a(lib_a-fclose.o)
 .ARM.attributes
                0x00000a27       0x2e f:/arm-gcc/10 2021.10/bin/../lib/gcc/arm-none-eabi/10.3.1/../../../../arm-none-eabi/lib/thumb/v7e-m/nofp\libg.a(lib_a-fiprintf.o)
 .ARM.attributes
                0x00000a55       0x2e f:/arm-gcc/10 2021.10/bin/../lib/gcc/arm-none-eabi/10.3.1/../../../../arm-none-eabi/lib/thumb/v7e-m/nofp\libg.a(lib_a-fputwc.o)
 .ARM.attributes
                0x00000a83       0x2e f:/arm-gcc/10 2021.10/bin/../lib/gcc/arm-none-eabi/10.3.1/../../../../arm-none-eabi/lib/thumb/v7e-m/nofp\libg.a(lib_a-fstatr.o)
 .ARM.attributes
                0x00000ab1       0x2e f:/arm-gcc/10 2021.10/bin/../lib/gcc/arm-none-eabi/10.3.1/../../../../arm-none-eabi/lib/thumb/v7e-m/nofp\libg.a(lib_a-fvwrite.o)
 .ARM.attributes
                0x00000adf       0x2e f:/arm-gcc/10 2021.10/bin/../lib/gcc/arm-none-eabi/10.3.1/../../../../arm-none-eabi/lib/thumb/v7e-m/nofp\libg.a(lib_a-isattyr.o)
 .ARM.attributes
                0x00000b0d       0x2e f:/arm-gcc/10 2021.10/bin/../lib/gcc/arm-none-eabi/10.3.1/../../../../arm-none-eabi/lib/thumb/v7e-m/nofp\libg.a(lib_a-locale.o)
 .ARM.attributes
                0x00000b3b       0x2e f:/arm-gcc/10 2021.10/bin/../lib/gcc/arm-none-eabi/10.3.1/../../../../arm-none-eabi/lib/thumb/v7e-m/nofp\libg.a(lib_a-lseekr.o)
 .ARM.attributes
                0x00000b69       0x2e f:/arm-gcc/10 2021.10/bin/../lib/gcc/arm-none-eabi/10.3.1/../../../../arm-none-eabi/lib/thumb/v7e-m/nofp\libg.a(lib_a-mbtowc_r.o)
 .ARM.attributes
                0x00000b97       0x2e f:/arm-gcc/10 2021.10/bin/../lib/gcc/arm-none-eabi/10.3.1/../../../../arm-none-eabi/lib/thumb/v7e-m/nofp\libg.a(lib_a-memmove.o)
 .ARM.attributes
                0x00000bc5       0x2e f:/arm-gcc/10 2021.10/bin/../lib/gcc/arm-none-eabi/10.3.1/../../../../arm-none-eabi/lib/thumb/v7e-m/nofp\libg.a(lib_a-readr.o)
 .ARM.attributes
                0x00000bf3       0x2e f:/arm-gcc/10 2021.10/bin/../lib/gcc/arm-none-eabi/10.3.1/../../../../arm-none-eabi/lib/thumb/v7e-m/nofp\libg.a(lib_a-reallocr.o)
 .ARM.attributes
                0x00000c21       0x2e f:/arm-gcc/10 2021.10/bin/../lib/gcc/arm-none-eabi/10.3.1/../../../../arm-none-eabi/lib/thumb/v7e-m/nofp\libg.a(lib_a-reent.o)
 .ARM.attributes
                0x00000c4f       0x2e f:/arm-gcc/10 2021.10/bin/../lib/gcc/arm-none-eabi/10.3.1/../../../../arm-none-eabi/lib/thumb/v7e-m/nofp\libg.a(lib_a-wbuf.o)
 .ARM.attributes
                0x00000c7d       0x2e f:/arm-gcc/10 2021.10/bin/../lib/gcc/arm-none-eabi/10.3.1/../../../../arm-none-eabi/lib/thumb/v7e-m/nofp\libg.a(lib_a-wcrtomb.o)
 .ARM.attributes
                0x00000cab       0x2e f:/arm-gcc/10 2021.10/bin/../lib/gcc/arm-none-eabi/10.3.1/../../../../arm-none-eabi/lib/thumb/v7e-m/nofp\libg.a(lib_a-wctomb_r.o)
 .ARM.attributes
                0x00000cd9       0x2e f:/arm-gcc/10 2021.10/bin/../lib/gcc/arm-none-eabi/10.3.1/../../../../arm-none-eabi/lib/thumb/v7e-m/nofp\libg.a(lib_a-abort.o)
 .ARM.attributes
                0x00000d07       0x2e f:/arm-gcc/10 2021.10/bin/../lib/gcc/arm-none-eabi/10.3.1/../../../../arm-none-eabi/lib/thumb/v7e-m/nofp\libg.a(lib_a-ctype_.o)
 .ARM.attributes
                0x00000d35       0x2e f:/arm-gcc/10 2021.10/bin/../lib/gcc/arm-none-eabi/10.3.1/../../../../arm-none-eabi/lib/thumb/v7e-m/nofp\libg.a(lib_a-signal.o)
 .ARM.attributes
                0x00000d63       0x2e f:/arm-gcc/10 2021.10/bin/../lib/gcc/arm-none-eabi/10.3.1/../../../../arm-none-eabi/lib/thumb/v7e-m/nofp\libg.a(lib_a-signalr.o)
 .ARM.attributes
                0x00000d91       0x1e f:/arm-gcc/10 2021.10/bin/../lib/gcc/arm-none-eabi/10.3.1/thumb/v7e-m/nofp\libgcc.a(_arm_addsubdf3.o)
 .ARM.attributes
                0x00000daf       0x1e f:/arm-gcc/10 2021.10/bin/../lib/gcc/arm-none-eabi/10.3.1/thumb/v7e-m/nofp\libgcc.a(_arm_muldivdf3.o)
 .ARM.attributes
                0x00000dcd       0x1e f:/arm-gcc/10 2021.10/bin/../lib/gcc/arm-none-eabi/10.3.1/thumb/v7e-m/nofp\libgcc.a(_arm_cmpdf2.o)
 .ARM.attributes
                0x00000deb       0x1e f:/arm-gcc/10 2021.10/bin/../lib/gcc/arm-none-eabi/10.3.1/thumb/v7e-m/nofp\libgcc.a(_arm_unorddf2.o)
 .ARM.attributes
                0x00000e09       0x1e f:/arm-gcc/10 2021.10/bin/../lib/gcc/arm-none-eabi/10.3.1/thumb/v7e-m/nofp\libgcc.a(_arm_fixdfsi.o)
 .ARM.attributes
                0x00000e27       0x1e f:/arm-gcc/10 2021.10/bin/../lib/gcc/arm-none-eabi/10.3.1/thumb/v7e-m/nofp/crtn.o
OUTPUT(01_test.elf elf32-littlearm)
LOAD linker stubs
LOAD f:/arm-gcc/10 2021.10/bin/../lib/gcc/arm-none-eabi/10.3.1/../../../../arm-none-eabi/lib/thumb/v7e-m/nofp\libc.a
LOAD f:/arm-gcc/10 2021.10/bin/../lib/gcc/arm-none-eabi/10.3.1/../../../../arm-none-eabi/lib/thumb/v7e-m/nofp\libm.a
LOAD f:/arm-gcc/10 2021.10/bin/../lib/gcc/arm-none-eabi/10.3.1/thumb/v7e-m/nofp\libgcc.a

.debug_info     0x00000000     0xca9e
 .debug_info    0x00000000      0x4af CMakeFiles/01_test.elf.dir/Core/Src/gpio.c.obj
 .debug_info    0x000004af      0x5ed CMakeFiles/01_test.elf.dir/Core/Src/main.c.obj
 .debug_info    0x00000a9c      0xb34 CMakeFiles/01_test.elf.dir/Core/Src/spi.c.obj
 .debug_info    0x000015d0      0x2a4 CMakeFiles/01_test.elf.dir/Core/Src/stm32f4xx_hal_msp.c.obj
 .debug_info    0x00001874      0x12f CMakeFiles/01_test.elf.dir/Core/Src/stm32f4xx_it.c.obj
 .debug_info    0x000019a3      0x7af CMakeFiles/01_test.elf.dir/Core/Src/syscalls.c.obj
 .debug_info    0x00002152      0x174 CMakeFiles/01_test.elf.dir/Core/Src/sysmem.c.obj
 .debug_info    0x000022c6      0x37d CMakeFiles/01_test.elf.dir/Core/Src/system_stm32f4xx.c.obj
 .debug_info    0x00002643      0xa51 CMakeFiles/01_test.elf.dir/Core/Src/usart.c.obj
 .debug_info    0x00003094       0x22 CMakeFiles/01_test.elf.dir/Core/Startup/startup_stm32f407vgtx.s.obj
 .debug_info    0x000030b6      0x9f0 CMakeFiles/01_test.elf.dir/Drivers/STM32F4xx_HAL_Driver/Src/stm32f4xx_hal.c.obj
 .debug_info    0x00003aa6     0x10ab CMakeFiles/01_test.elf.dir/Drivers/STM32F4xx_HAL_Driver/Src/stm32f4xx_hal_cortex.c.obj
 .debug_info    0x00004b51      0x7b0 CMakeFiles/01_test.elf.dir/Drivers/STM32F4xx_HAL_Driver/Src/stm32f4xx_hal_gpio.c.obj
 .debug_info    0x00005301      0xb03 CMakeFiles/01_test.elf.dir/Drivers/STM32F4xx_HAL_Driver/Src/stm32f4xx_hal_rcc.c.obj
 .debug_info    0x00005e04     0x1eb9 CMakeFiles/01_test.elf.dir/Drivers/STM32F4xx_HAL_Driver/Src/stm32f4xx_hal_spi.c.obj
 .debug_info    0x00007cbd     0x418f CMakeFiles/01_test.elf.dir/Drivers/STM32F4xx_HAL_Driver/Src/stm32f4xx_hal_uart.c.obj
 .debug_info    0x0000be4c      0x4ee CMakeFiles/01_test.elf.dir/FATFS/App/fatfs.c.obj
 .debug_info    0x0000c33a      0x356 CMakeFiles/01_test.elf.dir/FATFS/Target/user_diskio.c.obj
 .debug_info    0x0000c690      0x40e CMakeFiles/01_test.elf.dir/Middlewares/Third_Party/FatFs/src/ff_gen_drv.c.obj

.debug_abbrev   0x00000000     0x1f93
 .debug_abbrev  0x00000000      0x14e CMakeFiles/01_test.elf.dir/Core/Src/gpio.c.obj
 .debug_abbrev  0x0000014e      0x1c2 CMakeFiles/01_test.elf.dir/Core/Src/main.c.obj
 .debug_abbrev  0x00000310      0x1d3 CMakeFiles/01_test.elf.dir/Core/Src/spi.c.obj
 .debug_abbrev  0x000004e3       0xd1 CMakeFiles/01_test.elf.dir/Core/Src/stm32f4xx_hal_msp.c.obj
 .debug_abbrev  0x000005b4       0x7e CMakeFiles/01_test.elf.dir/Core/Src/stm32f4xx_it.c.obj
 .debug_abbrev  0x00000632      0x1a3 CMakeFiles/01_test.elf.dir/Core/Src/syscalls.c.obj
 .debug_abbrev  0x000007d5       0xe7 CMakeFiles/01_test.elf.dir/Core/Src/sysmem.c.obj
 .debug_abbrev  0x000008bc      0x119 CMakeFiles/01_test.elf.dir/Core/Src/system_stm32f4xx.c.obj
 .debug_abbrev  0x000009d5      0x20c CMakeFiles/01_test.elf.dir/Core/Src/usart.c.obj
 .debug_abbrev  0x00000be1       0x12 CMakeFiles/01_test.elf.dir/Core/Startup/startup_stm32f407vgtx.s.obj
 .debug_abbrev  0x00000bf3      0x206 CMakeFiles/01_test.elf.dir/Drivers/STM32F4xx_HAL_Driver/Src/stm32f4xx_hal.c.obj
 .debug_abbrev  0x00000df9      0x36a CMakeFiles/01_test.elf.dir/Drivers/STM32F4xx_HAL_Driver/Src/stm32f4xx_hal_cortex.c.obj
 .debug_abbrev  0x00001163      0x1ef CMakeFiles/01_test.elf.dir/Drivers/STM32F4xx_HAL_Driver/Src/stm32f4xx_hal_gpio.c.obj
 .debug_abbrev  0x00001352      0x28a CMakeFiles/01_test.elf.dir/Drivers/STM32F4xx_HAL_Driver/Src/stm32f4xx_hal_rcc.c.obj
 .debug_abbrev  0x000015dc      0x25b CMakeFiles/01_test.elf.dir/Drivers/STM32F4xx_HAL_Driver/Src/stm32f4xx_hal_spi.c.obj
 .debug_abbrev  0x00001837      0x2fd CMakeFiles/01_test.elf.dir/Drivers/STM32F4xx_HAL_Driver/Src/stm32f4xx_hal_uart.c.obj
 .debug_abbrev  0x00001b34      0x16c CMakeFiles/01_test.elf.dir/FATFS/App/fatfs.c.obj
 .debug_abbrev  0x00001ca0      0x14a CMakeFiles/01_test.elf.dir/FATFS/Target/user_diskio.c.obj
 .debug_abbrev  0x00001dea      0x1a9 CMakeFiles/01_test.elf.dir/Middlewares/Third_Party/FatFs/src/ff_gen_drv.c.obj

.debug_aranges  0x00000000      0x958
 .debug_aranges
                0x00000000       0x20 CMakeFiles/01_test.elf.dir/Core/Src/gpio.c.obj
 .debug_aranges
                0x00000020       0x30 CMakeFiles/01_test.elf.dir/Core/Src/main.c.obj
 .debug_aranges
                0x00000050       0x38 CMakeFiles/01_test.elf.dir/Core/Src/spi.c.obj
 .debug_aranges
                0x00000088       0x20 CMakeFiles/01_test.elf.dir/Core/Src/stm32f4xx_hal_msp.c.obj
 .debug_aranges
                0x000000a8       0x60 CMakeFiles/01_test.elf.dir/Core/Src/stm32f4xx_it.c.obj
 .debug_aranges
                0x00000108       0xa8 CMakeFiles/01_test.elf.dir/Core/Src/syscalls.c.obj
 .debug_aranges
                0x000001b0       0x20 CMakeFiles/01_test.elf.dir/Core/Src/sysmem.c.obj
 .debug_aranges
                0x000001d0       0x28 CMakeFiles/01_test.elf.dir/Core/Src/system_stm32f4xx.c.obj
 .debug_aranges
                0x000001f8       0x38 CMakeFiles/01_test.elf.dir/Core/Src/usart.c.obj
 .debug_aranges
                0x00000230       0x28 CMakeFiles/01_test.elf.dir/Core/Startup/startup_stm32f407vgtx.s.obj
 .debug_aranges
                0x00000258       0xf0 CMakeFiles/01_test.elf.dir/Drivers/STM32F4xx_HAL_Driver/Src/stm32f4xx_hal.c.obj
 .debug_aranges
                0x00000348       0xb0 CMakeFiles/01_test.elf.dir/Drivers/STM32F4xx_HAL_Driver/Src/stm32f4xx_hal_cortex.c.obj
 .debug_aranges
                0x000003f8       0x58 CMakeFiles/01_test.elf.dir/Drivers/STM32F4xx_HAL_Driver/Src/stm32f4xx_hal_gpio.c.obj
 .debug_aranges
                0x00000450       0x88 CMakeFiles/01_test.elf.dir/Drivers/STM32F4xx_HAL_Driver/Src/stm32f4xx_hal_rcc.c.obj
 .debug_aranges
                0x000004d8      0x1d0 CMakeFiles/01_test.elf.dir/Drivers/STM32F4xx_HAL_Driver/Src/stm32f4xx_hal_spi.c.obj
 .debug_aranges
                0x000006a8      0x208 CMakeFiles/01_test.elf.dir/Drivers/STM32F4xx_HAL_Driver/Src/stm32f4xx_hal_uart.c.obj
 .debug_aranges
                0x000008b0       0x28 CMakeFiles/01_test.elf.dir/FATFS/App/fatfs.c.obj
 .debug_aranges
                0x000008d8       0x40 CMakeFiles/01_test.elf.dir/FATFS/Target/user_diskio.c.obj
 .debug_aranges
                0x00000918       0x40 CMakeFiles/01_test.elf.dir/Middlewares/Third_Party/FatFs/src/ff_gen_drv.c.obj

.debug_ranges   0x00000000      0x8c0
 .debug_ranges  0x00000000       0x10 CMakeFiles/01_test.elf.dir/Core/Src/gpio.c.obj
 .debug_ranges  0x00000010       0x20 CMakeFiles/01_test.elf.dir/Core/Src/main.c.obj
 .debug_ranges  0x00000030       0x28 CMakeFiles/01_test.elf.dir/Core/Src/spi.c.obj
 .debug_ranges  0x00000058       0x10 CMakeFiles/01_test.elf.dir/Core/Src/stm32f4xx_hal_msp.c.obj
 .debug_ranges  0x00000068       0x50 CMakeFiles/01_test.elf.dir/Core/Src/stm32f4xx_it.c.obj
 .debug_ranges  0x000000b8       0x98 CMakeFiles/01_test.elf.dir/Core/Src/syscalls.c.obj
 .debug_ranges  0x00000150       0x10 CMakeFiles/01_test.elf.dir/Core/Src/sysmem.c.obj
 .debug_ranges  0x00000160       0x18 CMakeFiles/01_test.elf.dir/Core/Src/system_stm32f4xx.c.obj
 .debug_ranges  0x00000178       0x28 CMakeFiles/01_test.elf.dir/Core/Src/usart.c.obj
 .debug_ranges  0x000001a0       0x20 CMakeFiles/01_test.elf.dir/Core/Startup/startup_stm32f407vgtx.s.obj
 .debug_ranges  0x000001c0       0xe0 CMakeFiles/01_test.elf.dir/Drivers/STM32F4xx_HAL_Driver/Src/stm32f4xx_hal.c.obj
 .debug_ranges  0x000002a0      0x100 CMakeFiles/01_test.elf.dir/Drivers/STM32F4xx_HAL_Driver/Src/stm32f4xx_hal_cortex.c.obj
 .debug_ranges  0x000003a0       0x48 CMakeFiles/01_test.elf.dir/Drivers/STM32F4xx_HAL_Driver/Src/stm32f4xx_hal_gpio.c.obj
 .debug_ranges  0x000003e8       0x90 CMakeFiles/01_test.elf.dir/Drivers/STM32F4xx_HAL_Driver/Src/stm32f4xx_hal_rcc.c.obj
 .debug_ranges  0x00000478      0x1c0 CMakeFiles/01_test.elf.dir/Drivers/STM32F4xx_HAL_Driver/Src/stm32f4xx_hal_spi.c.obj
 .debug_ranges  0x00000638      0x210 CMakeFiles/01_test.elf.dir/Drivers/STM32F4xx_HAL_Driver/Src/stm32f4xx_hal_uart.c.obj
 .debug_ranges  0x00000848       0x18 CMakeFiles/01_test.elf.dir/FATFS/App/fatfs.c.obj
 .debug_ranges  0x00000860       0x30 CMakeFiles/01_test.elf.dir/FATFS/Target/user_diskio.c.obj
 .debug_ranges  0x00000890       0x30 CMakeFiles/01_test.elf.dir/Middlewares/Third_Party/FatFs/src/ff_gen_drv.c.obj

.debug_line     0x00000000     0xa55e
 .debug_line    0x00000000      0x1ef CMakeFiles/01_test.elf.dir/Core/Src/gpio.c.obj
 .debug_line    0x000001ef      0x3cb CMakeFiles/01_test.elf.dir/Core/Src/main.c.obj
 .debug_line    0x000005ba      0x417 CMakeFiles/01_test.elf.dir/Core/Src/spi.c.obj
 .debug_line    0x000009d1      0x153 CMakeFiles/01_test.elf.dir/Core/Src/stm32f4xx_hal_msp.c.obj
 .debug_line    0x00000b24      0x1ab CMakeFiles/01_test.elf.dir/Core/Src/stm32f4xx_it.c.obj
 .debug_line    0x00000ccf      0x3e1 CMakeFiles/01_test.elf.dir/Core/Src/syscalls.c.obj
 .debug_line    0x000010b0      0x184 CMakeFiles/01_test.elf.dir/Core/Src/sysmem.c.obj
 .debug_line    0x00001234      0x21b CMakeFiles/01_test.elf.dir/Core/Src/system_stm32f4xx.c.obj
 .debug_line    0x0000144f      0x314 CMakeFiles/01_test.elf.dir/Core/Src/usart.c.obj
 .debug_line    0x00001763       0x9e CMakeFiles/01_test.elf.dir/Core/Startup/startup_stm32f407vgtx.s.obj
 .debug_line    0x00001801      0x58f CMakeFiles/01_test.elf.dir/Drivers/STM32F4xx_HAL_Driver/Src/stm32f4xx_hal.c.obj
 .debug_line    0x00001d90      0x7bb CMakeFiles/01_test.elf.dir/Drivers/STM32F4xx_HAL_Driver/Src/stm32f4xx_hal_cortex.c.obj
 .debug_line    0x0000254b      0x6f2 CMakeFiles/01_test.elf.dir/Drivers/STM32F4xx_HAL_Driver/Src/stm32f4xx_hal_gpio.c.obj
 .debug_line    0x00002c3d      0xb20 CMakeFiles/01_test.elf.dir/Drivers/STM32F4xx_HAL_Driver/Src/stm32f4xx_hal_rcc.c.obj
 .debug_line    0x0000375d     0x25bb CMakeFiles/01_test.elf.dir/Drivers/STM32F4xx_HAL_Driver/Src/stm32f4xx_hal_spi.c.obj
 .debug_line    0x00005d18     0x42e5 CMakeFiles/01_test.elf.dir/Drivers/STM32F4xx_HAL_Driver/Src/stm32f4xx_hal_uart.c.obj
 .debug_line    0x00009ffd      0x1b4 CMakeFiles/01_test.elf.dir/FATFS/App/fatfs.c.obj
 .debug_line    0x0000a1b1      0x14f CMakeFiles/01_test.elf.dir/FATFS/Target/user_diskio.c.obj
 .debug_line    0x0000a300      0x25e CMakeFiles/01_test.elf.dir/Middlewares/Third_Party/FatFs/src/ff_gen_drv.c.obj

.debug_str      0x00000000     0x2f74
 .debug_str     0x00000000      0x33a CMakeFiles/01_test.elf.dir/Core/Src/gpio.c.obj
                                0x38a (size before relaxing)
 .debug_str     0x0000033a      0x22a CMakeFiles/01_test.elf.dir/Core/Src/main.c.obj
                                0x4e2 (size before relaxing)
 .debug_str     0x00000564      0x454 CMakeFiles/01_test.elf.dir/Core/Src/spi.c.obj
                                0x826 (size before relaxing)
 .debug_str     0x000009b8       0x42 CMakeFiles/01_test.elf.dir/Core/Src/stm32f4xx_hal_msp.c.obj
                                0x2d9 (size before relaxing)
 .debug_str     0x000009fa       0xcd CMakeFiles/01_test.elf.dir/Core/Src/stm32f4xx_it.c.obj
                                0x24d (size before relaxing)
 .debug_str     0x00000ac7      0x221 CMakeFiles/01_test.elf.dir/Core/Src/syscalls.c.obj
                                0x417 (size before relaxing)
 .debug_str     0x00000ce8       0x8b CMakeFiles/01_test.elf.dir/Core/Src/sysmem.c.obj
                                0x243 (size before relaxing)
 .debug_str     0x00000d73       0x9d CMakeFiles/01_test.elf.dir/Core/Src/system_stm32f4xx.c.obj
                                0x33f (size before relaxing)
 .debug_str     0x00000e10      0x20c CMakeFiles/01_test.elf.dir/Core/Src/usart.c.obj
                                0x866 (size before relaxing)
 .debug_str     0x0000101c       0x4c CMakeFiles/01_test.elf.dir/Core/Startup/startup_stm32f407vgtx.s.obj
                                 0x77 (size before relaxing)
 .debug_str     0x00001068      0x86b CMakeFiles/01_test.elf.dir/Drivers/STM32F4xx_HAL_Driver/Src/stm32f4xx_hal.c.obj
                                0xb78 (size before relaxing)
 .debug_str     0x000018d3      0x4d5 CMakeFiles/01_test.elf.dir/Drivers/STM32F4xx_HAL_Driver/Src/stm32f4xx_hal_cortex.c.obj
                                0xc61 (size before relaxing)
 .debug_str     0x00001da8      0x13e CMakeFiles/01_test.elf.dir/Drivers/STM32F4xx_HAL_Driver/Src/stm32f4xx_hal_gpio.c.obj
                                0x4fe (size before relaxing)
 .debug_str     0x00001ee6      0x1ba CMakeFiles/01_test.elf.dir/Drivers/STM32F4xx_HAL_Driver/Src/stm32f4xx_hal_rcc.c.obj
                                0x724 (size before relaxing)
 .debug_str     0x000020a0      0x57e CMakeFiles/01_test.elf.dir/Drivers/STM32F4xx_HAL_Driver/Src/stm32f4xx_hal_spi.c.obj
                                0xc18 (size before relaxing)
 .debug_str     0x0000261e      0x629 CMakeFiles/01_test.elf.dir/Drivers/STM32F4xx_HAL_Driver/Src/stm32f4xx_hal_uart.c.obj
                                0xdb9 (size before relaxing)
 .debug_str     0x00002c47      0x1dc CMakeFiles/01_test.elf.dir/FATFS/App/fatfs.c.obj
                                0x39b (size before relaxing)
 .debug_str     0x00002e23       0x86 CMakeFiles/01_test.elf.dir/FATFS/Target/user_diskio.c.obj
                                0x2bc (size before relaxing)
 .debug_str     0x00002ea9       0xcb CMakeFiles/01_test.elf.dir/Middlewares/Third_Party/FatFs/src/ff_gen_drv.c.obj
                                0x317 (size before relaxing)

.comment        0x00000000       0x49
 .comment       0x00000000       0x49 CMakeFiles/01_test.elf.dir/Core/Src/gpio.c.obj
                                 0x4a (size before relaxing)
 .comment       0x00000049       0x4a CMakeFiles/01_test.elf.dir/Core/Src/main.c.obj
 .comment       0x00000049       0x4a CMakeFiles/01_test.elf.dir/Core/Src/spi.c.obj
 .comment       0x00000049       0x4a CMakeFiles/01_test.elf.dir/Core/Src/stm32f4xx_hal_msp.c.obj
 .comment       0x00000049       0x4a CMakeFiles/01_test.elf.dir/Core/Src/stm32f4xx_it.c.obj
 .comment       0x00000049       0x4a CMakeFiles/01_test.elf.dir/Core/Src/syscalls.c.obj
 .comment       0x00000049       0x4a CMakeFiles/01_test.elf.dir/Core/Src/sysmem.c.obj
 .comment       0x00000049       0x4a CMakeFiles/01_test.elf.dir/Core/Src/system_stm32f4xx.c.obj
 .comment       0x00000049       0x4a CMakeFiles/01_test.elf.dir/Core/Src/usart.c.obj
 .comment       0x00000049       0x4a CMakeFiles/01_test.elf.dir/Drivers/STM32F4xx_HAL_Driver/Src/stm32f4xx_hal.c.obj
 .comment       0x00000049       0x4a CMakeFiles/01_test.elf.dir/Drivers/STM32F4xx_HAL_Driver/Src/stm32f4xx_hal_cortex.c.obj
 .comment       0x00000049       0x4a CMakeFiles/01_test.elf.dir/Drivers/STM32F4xx_HAL_Driver/Src/stm32f4xx_hal_gpio.c.obj
 .comment       0x00000049       0x4a CMakeFiles/01_test.elf.dir/Drivers/STM32F4xx_HAL_Driver/Src/stm32f4xx_hal_rcc.c.obj
 .comment       0x00000049       0x4a CMakeFiles/01_test.elf.dir/Drivers/STM32F4xx_HAL_Driver/Src/stm32f4xx_hal_spi.c.obj
 .comment       0x00000049       0x4a CMakeFiles/01_test.elf.dir/Drivers/STM32F4xx_HAL_Driver/Src/stm32f4xx_hal_uart.c.obj
 .comment       0x00000049       0x4a CMakeFiles/01_test.elf.dir/FATFS/App/fatfs.c.obj
 .comment       0x00000049       0x4a CMakeFiles/01_test.elf.dir/FATFS/Target/user_diskio.c.obj
 .comment       0x00000049       0x4a CMakeFiles/01_test.elf.dir/Middlewares/Third_Party/FatFs/src/ff_gen_drv.c.obj

.debug_frame    0x00000000     0x2be8
 .debug_frame   0x00000000       0x34 CMakeFiles/01_test.elf.dir/Core/Src/gpio.c.obj
 .debug_frame   0x00000034       0x58 CMakeFiles/01_test.elf.dir/Core/Src/main.c.obj
 .debug_frame   0x0000008c       0x80 CMakeFiles/01_test.elf.dir/Core/Src/spi.c.obj
 .debug_frame   0x0000010c       0x28 CMakeFiles/01_test.elf.dir/Core/Src/stm32f4xx_hal_msp.c.obj
 .debug_frame   0x00000134       0xa8 CMakeFiles/01_test.elf.dir/Core/Src/stm32f4xx_it.c.obj
 .debug_frame   0x000001dc      0x190 CMakeFiles/01_test.elf.dir/Core/Src/syscalls.c.obj
 .debug_frame   0x0000036c       0x28 CMakeFiles/01_test.elf.dir/Core/Src/sysmem.c.obj
 .debug_frame   0x00000394       0x30 CMakeFiles/01_test.elf.dir/Core/Src/system_stm32f4xx.c.obj
 .debug_frame   0x000003c4       0x7c CMakeFiles/01_test.elf.dir/Core/Src/usart.c.obj
 .debug_frame   0x00000440      0x1ec CMakeFiles/01_test.elf.dir/Drivers/STM32F4xx_HAL_Driver/Src/stm32f4xx_hal.c.obj
 .debug_frame   0x0000062c      0x158 CMakeFiles/01_test.elf.dir/Drivers/STM32F4xx_HAL_Driver/Src/stm32f4xx_hal_cortex.c.obj
 .debug_frame   0x00000784       0xd8 CMakeFiles/01_test.elf.dir/Drivers/STM32F4xx_HAL_Driver/Src/stm32f4xx_hal_gpio.c.obj
 .debug_frame   0x0000085c      0x16c CMakeFiles/01_test.elf.dir/Drivers/STM32F4xx_HAL_Driver/Src/stm32f4xx_hal_rcc.c.obj
 .debug_frame   0x000009c8      0x5c8 CMakeFiles/01_test.elf.dir/Drivers/STM32F4xx_HAL_Driver/Src/stm32f4xx_hal_spi.c.obj
 .debug_frame   0x00000f90      0x5e4 CMakeFiles/01_test.elf.dir/Drivers/STM32F4xx_HAL_Driver/Src/stm32f4xx_hal_uart.c.obj
 .debug_frame   0x00001574       0x38 CMakeFiles/01_test.elf.dir/FATFS/App/fatfs.c.obj
 .debug_frame   0x000015ac       0x60 CMakeFiles/01_test.elf.dir/FATFS/Target/user_diskio.c.obj
 .debug_frame   0x0000160c       0x7c CMakeFiles/01_test.elf.dir/Middlewares/Third_Party/FatFs/src/ff_gen_drv.c.obj
 .debug_frame   0x00001688       0x2c f:/arm-gcc/10 2021.10/bin/../lib/gcc/arm-none-eabi/10.3.1/thumb/v7e-m/nofp\libgcc.a(_aeabi_uldivmod.o)
 .debug_frame   0x000016b4       0x34 f:/arm-gcc/10 2021.10/bin/../lib/gcc/arm-none-eabi/10.3.1/thumb/v7e-m/nofp\libgcc.a(_udivmoddi4.o)
 .debug_frame   0x000016e8       0x20 f:/arm-gcc/10 2021.10/bin/../lib/gcc/arm-none-eabi/10.3.1/../../../../arm-none-eabi/lib/thumb/v7e-m/nofp\libg.a(lib_a-errno.o)
 .debug_frame   0x00001708       0x2c f:/arm-gcc/10 2021.10/bin/../lib/gcc/arm-none-eabi/10.3.1/../../../../arm-none-eabi/lib/thumb/v7e-m/nofp\libg.a(lib_a-init.o)
 .debug_frame   0x00001734       0x2c f:/arm-gcc/10 2021.10/bin/../lib/gcc/arm-none-eabi/10.3.1/../../../../arm-none-eabi/lib/thumb/v7e-m/nofp\libg.a(lib_a-memset.o)
 .debug_frame   0x00001760       0x74 f:/arm-gcc/10 2021.10/bin/../lib/gcc/arm-none-eabi/10.3.1/../../../../arm-none-eabi/lib/thumb/v7e-m/nofp\libg.a(lib_a-printf.o)
 .debug_frame   0x000017d4       0x94 f:/arm-gcc/10 2021.10/bin/../lib/gcc/arm-none-eabi/10.3.1/../../../../arm-none-eabi/lib/thumb/v7e-m/nofp\libg.a(lib_a-vfprintf.o)
 .debug_frame   0x00001868       0x2c f:/arm-gcc/10 2021.10/bin/../lib/gcc/arm-none-eabi/10.3.1/../../../../arm-none-eabi/lib/thumb/v7e-m/nofp\libg.a(lib_a-wsetup.o)
 .debug_frame   0x00001894       0x5c f:/arm-gcc/10 2021.10/bin/../lib/gcc/arm-none-eabi/10.3.1/../../../../arm-none-eabi/lib/thumb/v7e-m/nofp\libg.a(lib_a-__call_atexit.o)
 .debug_frame   0x000018f0       0x20 f:/arm-gcc/10 2021.10/bin/../lib/gcc/arm-none-eabi/10.3.1/../../../../arm-none-eabi/lib/thumb/v7e-m/nofp\libg.a(lib_a-atexit.o)
 .debug_frame   0x00001910       0x8c f:/arm-gcc/10 2021.10/bin/../lib/gcc/arm-none-eabi/10.3.1/../../../../arm-none-eabi/lib/thumb/v7e-m/nofp\libg.a(lib_a-dtoa.o)
 .debug_frame   0x0000199c       0x70 f:/arm-gcc/10 2021.10/bin/../lib/gcc/arm-none-eabi/10.3.1/../../../../arm-none-eabi/lib/thumb/v7e-m/nofp\libg.a(lib_a-fflush.o)
 .debug_frame   0x00001a0c      0x154 f:/arm-gcc/10 2021.10/bin/../lib/gcc/arm-none-eabi/10.3.1/../../../../arm-none-eabi/lib/thumb/v7e-m/nofp\libg.a(lib_a-findfp.o)
 .debug_frame   0x00001b60       0x34 f:/arm-gcc/10 2021.10/bin/../lib/gcc/arm-none-eabi/10.3.1/../../../../arm-none-eabi/lib/thumb/v7e-m/nofp\libg.a(lib_a-fini.o)
 .debug_frame   0x00001b94       0x8c f:/arm-gcc/10 2021.10/bin/../lib/gcc/arm-none-eabi/10.3.1/../../../../arm-none-eabi/lib/thumb/v7e-m/nofp\libg.a(lib_a-freer.o)
 .debug_frame   0x00001c20       0x54 f:/arm-gcc/10 2021.10/bin/../lib/gcc/arm-none-eabi/10.3.1/../../../../arm-none-eabi/lib/thumb/v7e-m/nofp\libg.a(lib_a-fwalk.o)
 .debug_frame   0x00001c74       0x40 f:/arm-gcc/10 2021.10/bin/../lib/gcc/arm-none-eabi/10.3.1/../../../../arm-none-eabi/lib/thumb/v7e-m/nofp\libg.a(lib_a-localeconv.o)
 .debug_frame   0x00001cb4       0xb0 f:/arm-gcc/10 2021.10/bin/../lib/gcc/arm-none-eabi/10.3.1/../../../../arm-none-eabi/lib/thumb/v7e-m/nofp\libg.a(lib_a-lock.o)
 .debug_frame   0x00001d64       0x70 f:/arm-gcc/10 2021.10/bin/../lib/gcc/arm-none-eabi/10.3.1/../../../../arm-none-eabi/lib/thumb/v7e-m/nofp\libg.a(lib_a-makebuf.o)